Archive member included to satisfy reference by file (symbol)

d:/tool/gcc-arm-none-eabi/gcc-arm-none-eabi-10.3-2021.07/bin/../lib/gcc/arm-none-eabi/10.3.1/../../../../arm-none-eabi/lib/thumb/v7-m/nofp\libg.a(lib_a-errno.o)
                              CMakeFiles/ROS_Robot.elf.dir/Core/BSP/retarget.c.obj (__errno)
d:/tool/gcc-arm-none-eabi/gcc-arm-none-eabi-10.3-2021.07/bin/../lib/gcc/arm-none-eabi/10.3.1/../../../../arm-none-eabi/lib/thumb/v7-m/nofp\libg.a(lib_a-exit.o)
                              d:/tool/gcc-arm-none-eabi/gcc-arm-none-eabi-10.3-2021.07/bin/../lib/gcc/arm-none-eabi/10.3.1/../../../../arm-none-eabi/lib/thumb/v7-m/nofp/crt0.o (exit)
d:/tool/gcc-arm-none-eabi/gcc-arm-none-eabi-10.3-2021.07/bin/../lib/gcc/arm-none-eabi/10.3.1/../../../../arm-none-eabi/lib/thumb/v7-m/nofp\libg.a(lib_a-impure.o)
                              d:/tool/gcc-arm-none-eabi/gcc-arm-none-eabi-10.3-2021.07/bin/../lib/gcc/arm-none-eabi/10.3.1/../../../../arm-none-eabi/lib/thumb/v7-m/nofp\libg.a(lib_a-exit.o) (_global_impure_ptr)
d:/tool/gcc-arm-none-eabi/gcc-arm-none-eabi-10.3-2021.07/bin/../lib/gcc/arm-none-eabi/10.3.1/../../../../arm-none-eabi/lib/thumb/v7-m/nofp\libg.a(lib_a-init.o)
                              d:/tool/gcc-arm-none-eabi/gcc-arm-none-eabi-10.3-2021.07/bin/../lib/gcc/arm-none-eabi/10.3.1/../../../../arm-none-eabi/lib/thumb/v7-m/nofp/crt0.o (__libc_init_array)
d:/tool/gcc-arm-none-eabi/gcc-arm-none-eabi-10.3-2021.07/bin/../lib/gcc/arm-none-eabi/10.3.1/../../../../arm-none-eabi/lib/thumb/v7-m/nofp\libg.a(lib_a-memset.o)
                              d:/tool/gcc-arm-none-eabi/gcc-arm-none-eabi-10.3-2021.07/bin/../lib/gcc/arm-none-eabi/10.3.1/../../../../arm-none-eabi/lib/thumb/v7-m/nofp/crt0.o (memset)
d:/tool/gcc-arm-none-eabi/gcc-arm-none-eabi-10.3-2021.07/bin/../lib/gcc/arm-none-eabi/10.3.1/../../../../arm-none-eabi/lib/thumb/v7-m/nofp\libg.a(lib_a-printf.o)
                              CMakeFiles/ROS_Robot.elf.dir/Core/BSP/MY_main.c.obj (printf)
d:/tool/gcc-arm-none-eabi/gcc-arm-none-eabi-10.3-2021.07/bin/../lib/gcc/arm-none-eabi/10.3.1/../../../../arm-none-eabi/lib/thumb/v7-m/nofp\libg.a(lib_a-puts.o)
                              CMakeFiles/ROS_Robot.elf.dir/Core/BSP/Motor.c.obj (puts)
d:/tool/gcc-arm-none-eabi/gcc-arm-none-eabi-10.3-2021.07/bin/../lib/gcc/arm-none-eabi/10.3.1/../../../../arm-none-eabi/lib/thumb/v7-m/nofp\libg.a(lib_a-setvbuf.o)
                              CMakeFiles/ROS_Robot.elf.dir/Core/BSP/retarget.c.obj (setvbuf)
d:/tool/gcc-arm-none-eabi/gcc-arm-none-eabi-10.3-2021.07/bin/../lib/gcc/arm-none-eabi/10.3.1/../../../../arm-none-eabi/lib/thumb/v7-m/nofp\libg.a(lib_a-strlen-stub.o)
                              d:/tool/gcc-arm-none-eabi/gcc-arm-none-eabi-10.3-2021.07/bin/../lib/gcc/arm-none-eabi/10.3.1/../../../../arm-none-eabi/lib/thumb/v7-m/nofp\libg.a(lib_a-puts.o) (strlen)
d:/tool/gcc-arm-none-eabi/gcc-arm-none-eabi-10.3-2021.07/bin/../lib/gcc/arm-none-eabi/10.3.1/../../../../arm-none-eabi/lib/thumb/v7-m/nofp\libg.a(lib_a-vfprintf.o)
                              d:/tool/gcc-arm-none-eabi/gcc-arm-none-eabi-10.3-2021.07/bin/../lib/gcc/arm-none-eabi/10.3.1/../../../../arm-none-eabi/lib/thumb/v7-m/nofp\libg.a(lib_a-printf.o) (_vfprintf_r)
d:/tool/gcc-arm-none-eabi/gcc-arm-none-eabi-10.3-2021.07/bin/../lib/gcc/arm-none-eabi/10.3.1/../../../../arm-none-eabi/lib/thumb/v7-m/nofp\libg.a(lib_a-wsetup.o)
                              d:/tool/gcc-arm-none-eabi/gcc-arm-none-eabi-10.3-2021.07/bin/../lib/gcc/arm-none-eabi/10.3.1/../../../../arm-none-eabi/lib/thumb/v7-m/nofp\libg.a(lib_a-vfprintf.o) (__swsetup_r)
d:/tool/gcc-arm-none-eabi/gcc-arm-none-eabi-10.3-2021.07/bin/../lib/gcc/arm-none-eabi/10.3.1/../../../../arm-none-eabi/lib/thumb/v7-m/nofp\libg.a(lib_a-__call_atexit.o)
                              d:/tool/gcc-arm-none-eabi/gcc-arm-none-eabi-10.3-2021.07/bin/../lib/gcc/arm-none-eabi/10.3.1/../../../../arm-none-eabi/lib/thumb/v7-m/nofp\libg.a(lib_a-exit.o) (__call_exitprocs)
d:/tool/gcc-arm-none-eabi/gcc-arm-none-eabi-10.3-2021.07/bin/../lib/gcc/arm-none-eabi/10.3.1/../../../../arm-none-eabi/lib/thumb/v7-m/nofp\libg.a(lib_a-atexit.o)
                              d:/tool/gcc-arm-none-eabi/gcc-arm-none-eabi-10.3-2021.07/bin/../lib/gcc/arm-none-eabi/10.3.1/../../../../arm-none-eabi/lib/thumb/v7-m/nofp\libg.a(lib_a-__call_atexit.o) (atexit)
d:/tool/gcc-arm-none-eabi/gcc-arm-none-eabi-10.3-2021.07/bin/../lib/gcc/arm-none-eabi/10.3.1/../../../../arm-none-eabi/lib/thumb/v7-m/nofp\libg.a(lib_a-dtoa.o)
                              d:/tool/gcc-arm-none-eabi/gcc-arm-none-eabi-10.3-2021.07/bin/../lib/gcc/arm-none-eabi/10.3.1/../../../../arm-none-eabi/lib/thumb/v7-m/nofp\libg.a(lib_a-vfprintf.o) (_dtoa_r)
d:/tool/gcc-arm-none-eabi/gcc-arm-none-eabi-10.3-2021.07/bin/../lib/gcc/arm-none-eabi/10.3.1/../../../../arm-none-eabi/lib/thumb/v7-m/nofp\libg.a(lib_a-fflush.o)
[...]
Memory Configuration

Name             Origin             Length             Attributes
RAM              0x20000000         0x00005000         xrw
FLASH            0x08000000         0x00020000         xr
*default*        0x00000000         0xffffffff

Linker script and memory map

LOAD d:/tool/gcc-arm-none-eabi/gcc-arm-none-eabi-10.3-2021.07/bin/../lib/gcc/arm-none-eabi/10.3.1/thumb/v7-m/nofp/crti.o
LOAD d:/tool/gcc-arm-none-eabi/gcc-arm-none-eabi-10.3-2021.07/bin/../lib/gcc/arm-none-eabi/10.3.1/thumb/v7-m/nofp/crtbegin.o
LOAD d:/tool/gcc-arm-none-eabi/gcc-arm-none-eabi-10.3-2021.07/bin/../lib/gcc/arm-none-eabi/10.3.1/../../../../arm-none-eabi/lib/thumb/v7-m/nofp/crt0.o
LOAD CMakeFiles/ROS_Robot.elf.dir/Core/BSP/Encoder.c.obj
LOAD CMakeFiles/ROS_Robot.elf.dir/Core/BSP/Key.c.obj
LOAD CMakeFiles/ROS_Robot.elf.dir/Core/BSP/MY_main.c.obj
LOAD CMakeFiles/ROS_Robot.elf.dir/Core/BSP/Motor.c.obj
LOAD CMakeFiles/ROS_Robot.elf.dir/Core/BSP/Servo.c.obj
LOAD CMakeFiles/ROS_Robot.elf.dir/Core/BSP/oled.c.obj
LOAD CMakeFiles/ROS_Robot.elf.dir/Core/BSP/retarget.c.obj
LOAD CMakeFiles/ROS_Robot.elf.dir/Core/Src/gpio.c.obj
LOAD CMakeFiles/ROS_Robot.elf.dir/Core/Src/i2c.c.obj
LOAD CMakeFiles/ROS_Robot.elf.dir/Core/Src/main.c.obj
LOAD CMakeFiles/ROS_Robot.elf.dir/Core/Src/stm32f1xx_hal_msp.c.obj
LOAD CMakeFiles/ROS_Robot.elf.dir/Core/Src/stm32f1xx_it.c.obj
LOAD CMakeFiles/ROS_Robot.elf.dir/Core/Src/syscalls.c.obj
LOAD CMakeFiles/ROS_Robot.elf.dir/Core/Src/sysmem.c.obj
LOAD CMakeFiles/ROS_Robot.elf.dir/Core/Src/system_stm32f1xx.c.obj
LOAD CMakeFiles/ROS_Robot.elf.dir/Core/Src/tim.c.obj
LOAD CMakeFiles/ROS_Robot.elf.dir/Core/Src/usart.c.obj
LOAD CMakeFiles/ROS_Robot.elf.dir/Core/Startup/startup_stm32f103cbtx.s.obj
LOAD CMakeFiles/ROS_Robot.elf.dir/Drivers/STM32F1xx_HAL_Driver/Src/stm32f1xx_hal.c.obj
LOAD CMakeFiles/ROS_Robot.elf.dir/Drivers/STM32F1xx_HAL_Driver/Src/stm32f1xx_hal_cortex.c.obj
LOAD CMakeFiles/ROS_Robot.elf.dir/Drivers/STM32F1xx_HAL_Driver/Src/stm32f1xx_hal_dma.c.obj
LOAD CMakeFiles/ROS_Robot.elf.dir/Drivers/STM32F1xx_HAL_Driver/Src/stm32f1xx_hal_exti.c.obj
LOAD CMakeFiles/ROS_Robot.elf.dir/Drivers/STM32F1xx_HAL_Driver/Src/stm32f1xx_hal_flash.c.obj
LOAD CMakeFiles/ROS_Robot.elf.dir/Drivers/STM32F1xx_HAL_Driver/Src/stm32f1xx_hal_flash_ex.c.obj
LOAD CMakeFiles/ROS_Robot.elf.dir/Drivers/STM32F1xx_HAL_Driver/Src/stm32f1xx_hal_gpio.c.obj
LOAD CMakeFiles/ROS_Robot.elf.dir/Drivers/STM32F1xx_HAL_Driver/Src/stm32f1xx_hal_gpio_ex.c.obj
LOAD CMakeFiles/ROS_Robot.elf.dir/Drivers/STM32F1xx_HAL_Driver/Src/stm32f1xx_hal_i2c.c.obj
LOAD CMakeFiles/ROS_Robot.elf.dir/Drivers/STM32F1xx_HAL_Driver/Src/stm32f1xx_hal_pwr.c.obj
LOAD CMakeFiles/ROS_Robot.elf.dir/Drivers/STM32F1xx_HAL_Driver/Src/stm32f1xx_hal_rcc.c.obj
LOAD CMakeFiles/ROS_Robot.elf.dir/Drivers/STM32F1xx_HAL_Driver/Src/stm32f1xx_hal_rcc_ex.c.obj
LOAD CMakeFiles/ROS_Robot.elf.dir/Drivers/STM32F1xx_HAL_Driver/Src/stm32f1xx_hal_tim.c.obj
LOAD CMakeFiles/ROS_Robot.elf.dir/Drivers/STM32F1xx_HAL_Driver/Src/stm32f1xx_hal_tim_ex.c.obj
LOAD CMakeFiles/ROS_Robot.elf.dir/Drivers/STM32F1xx_HAL_Driver/Src/stm32f1xx_hal_uart.c.obj
START GROUP
LOAD d:/tool/gcc-arm-none-eabi/gcc-arm-none-eabi-10.3-2021.07/bin/../lib/gcc/arm-none-eabi/10.3.1/thumb/v7-m/nofp\libgcc.a
LOAD d:/tool/gcc-arm-none-eabi/gcc-arm-none-eabi-10.3-2021.07/bin/../lib/gcc/arm-none-eabi/10.3.1/../../../../arm-none-eabi/lib/thumb/v7-m/nofp\libg.a
LOAD d:/tool/gcc-arm-none-eabi/gcc-arm-none-eabi-10.3-2021.07/bin/../lib/gcc/arm-none-eabi/10.3.1/../../../../arm-none-eabi/lib/thumb/v7-m/nofp\libc.a
END GROUP
LOAD d:/tool/gcc-arm-none-eabi/gcc-arm-none-eabi-10.3-2021.07/bin/../lib/gcc/arm-none-eabi/10.3.1/thumb/v7-m/nofp/crtend.o
LOAD d:/tool/gcc-arm-none-eabi/gcc-arm-none-eabi-10.3-2021.07/bin/../lib/gcc/arm-none-eabi/10.3.1/thumb/v7-m/nofp/crtn.o
                0x20005000                _estack = (ORIGIN (RAM) + LENGTH (RAM))
                0x00000200                _Min_Heap_Size = 0x200
                0x00000400                _Min_Stack_Size = 0x400

.isr_vector     0x08000000      0x10c
                0x08000000                . = ALIGN (0x4)
 *(.isr_vector)
 .isr_vector    0x08000000      0x10c CMakeFiles/ROS_Robot.elf.dir/Core/Startup/startup_stm32f103cbtx.s.obj
                0x08000000                g_pfnVectors
                0x0800010c                . = ALIGN (0x4)

.text           0x08000110     0x9ee0
                0x08000110                . = ALIGN (0x4)
 *(.text)
 .text          0x08000110       0x40 d:/tool/gcc-arm-none-eabi/gcc-arm-none-eabi-10.3-2021.07/bin/../lib/gcc/arm-none-eabi/10.3.1/thumb/v7-m/nofp/crtbegin.o
 .text          0x08000150       0xec d:/tool/gcc-arm-none-eabi/gcc-arm-none-eabi-10.3-2021.07/bin/../lib/gcc/arm-none-eabi/10.3.1/../../../../arm-none-eabi/lib/thumb/v7-m/nofp\libg.a(lib_a-memcpy.o)
                0x08000150                memcpy
 .text          0x0800023c      0x378 d:/tool/gcc-arm-none-eabi/gcc-arm-none-eabi-10.3-2021.07/bin/../lib/gcc/arm-none-eabi/10.3.1/thumb/v7-m/nofp\libgcc.a(_arm_addsubdf3.o)
                0x0800023c                __aeabi_drsub
                0x08000244                __aeabi_dsub
                0x08000244                __subdf3
                0x08000248                __aeabi_dadd
                0x08000248                __adddf3
                0x080004c0                __floatunsidf
                0x080004c0                __aeabi_ui2d
                0x080004e0                __floatsidf
                0x080004e0                __aeabi_i2d
                0x08000504                __aeabi_f2d
                0x08000504                __extendsfdf2
                0x08000548                __floatundidf
                0x08000548                __aeabi_ul2d
                0x08000558                __floatdidf
                0x08000558                __aeabi_l2d
 .text          0x080005b4      0x424 d:/tool/gcc-arm-none-eabi/gcc-arm-none-eabi-10.3-2021.07/bin/../lib/gcc/arm-none-eabi/10.3.1/thumb/v7-m/nofp\libgcc.a(_arm_muldivdf3.o)
                0x080005b4                __aeabi_dmul
                0x080005b4                __muldf3
                0x08000808                __divdf3
                0x08000808                __aeabi_ddiv
 .text          0x080009d8      0x110 d:/tool/gcc-arm-none-eabi/gcc-arm-none-eabi-10.3-2021.07/bin/../lib/gcc/arm-none-eabi/10.3.1/thumb/v7-m/nofp\libgcc.a(_arm_cmpdf2.o)
                0x080009d8                __gtdf2
                0x080009d8                __gedf2
                0x080009e0                __ltdf2
                0x080009e0                __ledf2
                0x080009e8                __nedf2
                0x080009e8                __eqdf2
                0x080009e8                __cmpdf2
                0x08000a64                __aeabi_cdrcmple
                0x08000a74                __aeabi_cdcmpeq
                0x08000a74                __aeabi_cdcmple
                0x08000a84                __aeabi_dcmpeq
                0x08000a98                __aeabi_dcmplt
                0x08000aac                __aeabi_dcmple
                0x08000ac0                __aeabi_dcmpge
                0x08000ad4                __aeabi_dcmpgt
 .text          0x08000ae8       0x2c d:/tool/gcc-arm-none-eabi/gcc-arm-none-eabi-10.3-2021.07/bin/../lib/gcc/arm-none-eabi/10.3.1/thumb/v7-m/nofp\libgcc.a(_arm_unorddf2.o)
                0x08000ae8                __unorddf2
                0x08000ae8                __aeabi_dcmpun
 .text          0x08000b14       0x50 d:/tool/gcc-arm-none-eabi/gcc-arm-none-eabi-10.3-2021.07/bin/../lib/gcc/arm-none-eabi/10.3.1/thumb/v7-m/nofp\libgcc.a(_arm_fixdfsi.o)
                0x08000b14                __aeabi_d2iz
                0x08000b14                __fixdfsi
 .text          0x08000b64       0x30 d:/tool/gcc-arm-none-eabi/gcc-arm-none-eabi-10.3-2021.07/bin/../lib/gcc/arm-none-eabi/10.3.1/thumb/v7-m/nofp\libgcc.a(_aeabi_uldivmod.o)
                0x08000b64                __aeabi_uldivmod
 .text          0x08000b94      0x2d4 d:/tool/gcc-arm-none-eabi/gcc-arm-none-eabi-10.3-2021.07/bin/../lib/gcc/arm-none-eabi/10.3.1/thumb/v7-m/nofp\libgcc.a(_udivmoddi4.o)
                0x08000b94                __udivmoddi4
 .text          0x08000e68        0x4 d:/tool/gcc-arm-none-eabi/gcc-arm-none-eabi-10.3-2021.07/bin/../lib/gcc/arm-none-eabi/10.3.1/thumb/v7-m/nofp\libgcc.a(_dvmd_tls.o)
                0x08000e68                __aeabi_idiv0
                0x08000e68                __aeabi_ldiv0
 *(.text*)
 .text.Encoder_init
                0x08000e6c       0x1c CMakeFiles/ROS_Robot.elf.dir/Core/BSP/Encoder.c.obj
                0x08000e6c                Encoder_init
 .text.my_main  0x08000e88       0x48 CMakeFiles/ROS_Robot.elf.dir/Core/BSP/MY_main.c.obj
                0x08000e88                my_main
 .text.HAL_UART_RxCpltCallback
                0x08000ed0      0x220 CMakeFiles/ROS_Robot.elf.dir/Core/BSP/MY_main.c.obj
                0x08000ed0                HAL_UART_RxCpltCallback
 .text.Motor_init
                0x080010f0       0x5c CMakeFiles/ROS_Robot.elf.dir/Core/BSP/Motor.c.obj
                0x080010f0                Motor_init
 .text.Motor_speed
                0x0800114c       0x10 CMakeFiles/ROS_Robot.elf.dir/Core/BSP/Motor.c.obj
                0x0800114c                Motor_speed
 .text.Motor_direction
                0x0800115c       0xb0 CMakeFiles/ROS_Robot.elf.dir/Core/BSP/Motor.c.obj
                0x0800115c                Motor_direction
 .text.Servo_init
                0x0800120c       0x1c CMakeFiles/ROS_Robot.elf.dir/Core/BSP/Servo.c.obj
                0x0800120c                Servo_init
 .text.set_servo_angle
                0x08001228       0x2c CMakeFiles/ROS_Robot.elf.dir/Core/BSP/Servo.c.obj
                0x08001228                set_servo_angle
 .text.constrain
                0x08001254       0x10 CMakeFiles/ROS_Robot.elf.dir/Core/BSP/Servo.c.obj
                0x08001254                constrain
 .text.calculate_servo_angle
                0x08001264       0x28 CMakeFiles/ROS_Robot.elf.dir/Core/BSP/Servo.c.obj
                0x08001264                calculate_servo_angle
 .text.I2C_Start
                0x0800128c       0x34 CMakeFiles/ROS_Robot.elf.dir/Core/BSP/oled.c.obj
                0x0800128c                I2C_Start
 .text.I2C_Stop
                0x080012c0       0x28 CMakeFiles/ROS_Robot.elf.dir/Core/BSP/oled.c.obj
                0x080012c0                I2C_Stop
 .text.I2C_WaitAck
                0x080012e8       0x28 CMakeFiles/ROS_Robot.elf.dir/Core/BSP/oled.c.obj
                0x080012e8                I2C_WaitAck
 .text.Send_Byte
                0x08001310       0x4c CMakeFiles/ROS_Robot.elf.dir/Core/BSP/oled.c.obj
                0x08001310                Send_Byte
 .text.OLED_WR_Byte
                0x0800135c       0x38 CMakeFiles/ROS_Robot.elf.dir/Core/BSP/oled.c.obj
                0x0800135c                OLED_WR_Byte
 .text.OLED_ColorTurn
                0x08001394       0x20 CMakeFiles/ROS_Robot.elf.dir/Core/BSP/oled.c.obj
                0x08001394                OLED_ColorTurn
 .text.OLED_Refresh
                0x080013b4       0x4c CMakeFiles/ROS_Robot.elf.dir/Core/BSP/oled.c.obj
                0x080013b4                OLED_Refresh
 .text.OLED_Clear
                0x08001400       0x30 CMakeFiles/ROS_Robot.elf.dir/Core/BSP/oled.c.obj
                0x08001400                OLED_Clear
 .text.OLED_DrawPoint
                0x08001430       0x48 CMakeFiles/ROS_Robot.elf.dir/Core/BSP/oled.c.obj
                0x08001430                OLED_DrawPoint
 .text.OLED_ShowChar
                0x08001478       0xd8 CMakeFiles/ROS_Robot.elf.dir/Core/BSP/oled.c.obj
                0x08001478                OLED_ShowChar
 .text.OLED_ShowString
                0x08001550       0x4c CMakeFiles/ROS_Robot.elf.dir/Core/BSP/oled.c.obj
                0x08001550                OLED_ShowString
 .text.OLED_Pow
                0x0800159c       0x16 CMakeFiles/ROS_Robot.elf.dir/Core/BSP/oled.c.obj
                0x0800159c                OLED_Pow
 *fill*         0x080015b2        0x2 
 .text.OLED_ShowNum
                0x080015b4       0x94 CMakeFiles/ROS_Robot.elf.dir/Core/BSP/oled.c.obj
                0x080015b4                OLED_ShowNum
 .text.OLED_Init
                0x08001648       0xee CMakeFiles/ROS_Robot.elf.dir/Core/BSP/oled.c.obj
                0x08001648                OLED_Init
 *fill*         0x08001736        0x2 
 .text.RetargetInit
                0x08001738       0x20 CMakeFiles/ROS_Robot.elf.dir/Core/BSP/retarget.c.obj
                0x08001738                RetargetInit
 .text._isatty  0x08001758       0x16 CMakeFiles/ROS_Robot.elf.dir/Core/BSP/retarget.c.obj
                0x08001758                _isatty
 *fill*         0x0800176e        0x2 
 .text._write   0x08001770       0x34 CMakeFiles/ROS_Robot.elf.dir/Core/BSP/retarget.c.obj
                0x08001770                _write
 .text._close   0x080017a4       0x18 CMakeFiles/ROS_Robot.elf.dir/Core/BSP/retarget.c.obj
                0x080017a4                _close
 .text._lseek   0x080017bc       0x10 CMakeFiles/ROS_Robot.elf.dir/Core/BSP/retarget.c.obj
                0x080017bc                _lseek
 .text._read    0x080017cc       0x30 CMakeFiles/ROS_Robot.elf.dir/Core/BSP/retarget.c.obj
                0x080017cc                _read
 .text._fstat   0x080017fc       0x1a CMakeFiles/ROS_Robot.elf.dir/Core/BSP/retarget.c.obj
                0x080017fc                _fstat
 *fill*         0x08001816        0x2 
 .text.MX_GPIO_Init
                0x08001818       0x88 CMakeFiles/ROS_Robot.elf.dir/Core/Src/gpio.c.obj
                0x08001818                MX_GPIO_Init
 .text.MX_I2C2_Init
                0x080018a0       0x3c CMakeFiles/ROS_Robot.elf.dir/Core/Src/i2c.c.obj
                0x080018a0                MX_I2C2_Init
 .text.HAL_I2C_MspInit
                0x080018dc       0x64 CMakeFiles/ROS_Robot.elf.dir/Core/Src/i2c.c.obj
                0x080018dc                HAL_I2C_MspInit
 .text.Error_Handler
                0x08001940        0x4 CMakeFiles/ROS_Robot.elf.dir/Core/Src/main.c.obj
                0x08001940                Error_Handler
 .text.SystemClock_Config
                0x08001944       0x64 CMakeFiles/ROS_Robot.elf.dir/Core/Src/main.c.obj
                0x08001944                SystemClock_Config
 .text.main     0x080019a8       0x74 CMakeFiles/ROS_Robot.elf.dir/Core/Src/main.c.obj
                0x080019a8                main
 .text.HAL_MspInit
                0x08001a1c       0x44 CMakeFiles/ROS_Robot.elf.dir/Core/Src/stm32f1xx_hal_msp.c.obj
                0x08001a1c                HAL_MspInit
 .text.NMI_Handler
                0x08001a60        0x2 CMakeFiles/ROS_Robot.elf.dir/Core/Src/stm32f1xx_it.c.obj
                0x08001a60                NMI_Handler
 .text.HardFault_Handler
                0x08001a62        0x2 CMakeFiles/ROS_Robot.elf.dir/Core/Src/stm32f1xx_it.c.obj
                0x08001a62                HardFault_Handler
 .text.MemManage_Handler
                0x08001a64        0x2 CMakeFiles/ROS_Robot.elf.dir/Core/Src/stm32f1xx_it.c.obj
                0x08001a64                MemManage_Handler
 .text.BusFault_Handler
                0x08001a66        0x2 CMakeFiles/ROS_Robot.elf.dir/Core/Src/stm32f1xx_it.c.obj
                0x08001a66                BusFault_Handler
 .text.UsageFault_Handler
                0x08001a68        0x2 CMakeFiles/ROS_Robot.elf.dir/Core/Src/stm32f1xx_it.c.obj
                0x08001a68                UsageFault_Handler
 .text.SVC_Handler
                0x08001a6a        0x2 CMakeFiles/ROS_Robot.elf.dir/Core/Src/stm32f1xx_it.c.obj
                0x08001a6a                SVC_Handler
 .text.DebugMon_Handler
                0x08001a6c        0x2 CMakeFiles/ROS_Robot.elf.dir/Core/Src/stm32f1xx_it.c.obj
                0x08001a6c                DebugMon_Handler
 .text.PendSV_Handler
                0x08001a6e        0x2 CMakeFiles/ROS_Robot.elf.dir/Core/Src/stm32f1xx_it.c.obj
                0x08001a6e                PendSV_Handler
 .text.SysTick_Handler
                0x08001a70        0x8 CMakeFiles/ROS_Robot.elf.dir/Core/Src/stm32f1xx_it.c.obj
                0x08001a70                SysTick_Handler
 .text.TIM1_BRK_IRQHandler
                0x08001a78       0x10 CMakeFiles/ROS_Robot.elf.dir/Core/Src/stm32f1xx_it.c.obj
                0x08001a78                TIM1_BRK_IRQHandler
 .text.TIM1_UP_IRQHandler
                0x08001a88       0x10 CMakeFiles/ROS_Robot.elf.dir/Core/Src/stm32f1xx_it.c.obj
                0x08001a88                TIM1_UP_IRQHandler
 .text.TIM1_TRG_COM_IRQHandler
                0x08001a98       0x10 CMakeFiles/ROS_Robot.elf.dir/Core/Src/stm32f1xx_it.c.obj
                0x08001a98                TIM1_TRG_COM_IRQHandler
 .text.TIM1_CC_IRQHandler
                0x08001aa8       0x10 CMakeFiles/ROS_Robot.elf.dir/Core/Src/stm32f1xx_it.c.obj
                0x08001aa8                TIM1_CC_IRQHandler
 .text.TIM2_IRQHandler
                0x08001ab8       0x10 CMakeFiles/ROS_Robot.elf.dir/Core/Src/stm32f1xx_it.c.obj
                0x08001ab8                TIM2_IRQHandler
 .text.TIM3_IRQHandler
                0x08001ac8       0x10 CMakeFiles/ROS_Robot.elf.dir/Core/Src/stm32f1xx_it.c.obj
                0x08001ac8                TIM3_IRQHandler
 .text.USART1_IRQHandler
                0x08001ad8       0x10 CMakeFiles/ROS_Robot.elf.dir/Core/Src/stm32f1xx_it.c.obj
                0x08001ad8                USART1_IRQHandler
 .text.USART2_IRQHandler
                0x08001ae8       0x10 CMakeFiles/ROS_Robot.elf.dir/Core/Src/stm32f1xx_it.c.obj
                0x08001ae8                USART2_IRQHandler
 .text._getpid  0x08001af8        0x4 CMakeFiles/ROS_Robot.elf.dir/Core/Src/syscalls.c.obj
                0x08001af8                _getpid
 .text._kill    0x08001afc       0x10 CMakeFiles/ROS_Robot.elf.dir/Core/Src/syscalls.c.obj
                0x08001afc                _kill
 .text._exit    0x08001b0c        0xc CMakeFiles/ROS_Robot.elf.dir/Core/Src/syscalls.c.obj
                0x08001b0c                _exit
 .text._sbrk    0x08001b18       0x48 CMakeFiles/ROS_Robot.elf.dir/Core/Src/sysmem.c.obj
                0x08001b18                _sbrk
 .text.SystemInit
                0x08001b60        0x2 CMakeFiles/ROS_Robot.elf.dir/Core/Src/system_stm32f1xx.c.obj
                0x08001b60                SystemInit
 *fill*         0x08001b62        0x2 
 .text.MX_TIM2_Init
                0x08001b64       0x64 CMakeFiles/ROS_Robot.elf.dir/Core/Src/tim.c.obj
                0x08001b64                MX_TIM2_Init
 .text.MX_TIM3_Init
                0x08001bc8       0x64 CMakeFiles/ROS_Robot.elf.dir/Core/Src/tim.c.obj
                0x08001bc8                MX_TIM3_Init
 .text.HAL_TIM_PWM_MspInit
                0x08001c2c       0x90 CMakeFiles/ROS_Robot.elf.dir/Core/Src/tim.c.obj
                0x08001c2c                HAL_TIM_PWM_MspInit
 .text.HAL_TIM_Encoder_MspInit
                0x08001cbc       0xb8 CMakeFiles/ROS_Robot.elf.dir/Core/Src/tim.c.obj
                0x08001cbc                HAL_TIM_Encoder_MspInit
 .text.HAL_TIM_MspPostInit
                0x08001d74       0x8c CMakeFiles/ROS_Robot.elf.dir/Core/Src/tim.c.obj
                0x08001d74                HAL_TIM_MspPostInit
 .text.MX_TIM1_Init
                0x08001e00       0xcc CMakeFiles/ROS_Robot.elf.dir/Core/Src/tim.c.obj
                0x08001e00                MX_TIM1_Init
 .text.MX_TIM4_Init
                0x08001ecc       0x84 CMakeFiles/ROS_Robot.elf.dir/Core/Src/tim.c.obj
                0x08001ecc                MX_TIM4_Init
 .text.MX_USART1_UART_Init
                0x08001f50       0x34 CMakeFiles/ROS_Robot.elf.dir/Core/Src/usart.c.obj
                0x08001f50                MX_USART1_UART_Init
 .text.MX_USART2_UART_Init
                0x08001f84       0x34 CMakeFiles/ROS_Robot.elf.dir/Core/Src/usart.c.obj
                0x08001f84                MX_USART2_UART_Init
 .text.HAL_UART_MspInit
                0x08001fb8      0x108 CMakeFiles/ROS_Robot.elf.dir/Core/Src/usart.c.obj
                0x08001fb8                HAL_UART_MspInit
 .text.Reset_Handler
                0x080020c0       0x48 CMakeFiles/ROS_Robot.elf.dir/Core/Startup/startup_stm32f103cbtx.s.obj
                0x080020c0                Reset_Handler
 .text.Default_Handler
                0x08002108        0x2 CMakeFiles/ROS_Robot.elf.dir/Core/Startup/startup_stm32f103cbtx.s.obj
                0x08002108                RTC_Alarm_IRQHandler
                0x08002108                EXTI2_IRQHandler
                0x08002108                PVD_IRQHandler
                0x08002108                EXTI3_IRQHandler
                0x08002108                EXTI0_IRQHandler
                0x08002108                I2C2_EV_IRQHandler
                0x08002108                ADC1_2_IRQHandler
                0x08002108                SPI1_IRQHandler
                0x08002108                TAMPER_IRQHandler
                0x08002108                DMA1_Channel4_IRQHandler
                0x08002108                USART3_IRQHandler
                0x08002108                RTC_IRQHandler
                0x08002108                DMA1_Channel7_IRQHandler
                0x08002108                CAN1_RX1_IRQHandler
                0x08002108                TIM4_IRQHandler
                0x08002108                I2C1_EV_IRQHandler
                0x08002108                DMA1_Channel6_IRQHandler
                0x08002108                RCC_IRQHandler
                0x08002108                DMA1_Channel1_IRQHandler
                0x08002108                Default_Handler
                0x08002108                EXTI15_10_IRQHandler
                0x08002108                EXTI9_5_IRQHandler
                0x08002108                SPI2_IRQHandler
                0x08002108                DMA1_Channel5_IRQHandler
                0x08002108                EXTI4_IRQHandler
                0x08002108                USB_LP_CAN1_RX0_IRQHandler
                0x08002108                USB_HP_CAN1_TX_IRQHandler
                0x08002108                DMA1_Channel3_IRQHandler
                0x08002108                WWDG_IRQHandler
                0x08002108                EXTI1_IRQHandler
                0x08002108                I2C2_ER_IRQHandler
                0x08002108                DMA1_Channel2_IRQHandler
                0x08002108                CAN1_SCE_IRQHandler
                0x08002108                FLASH_IRQHandler
                0x08002108                I2C1_ER_IRQHandler
                0x08002108                USBWakeUp_IRQHandler
 *fill*         0x0800210a        0x2 
 .text.HAL_InitTick
                0x0800210c       0x4c CMakeFiles/ROS_Robot.elf.dir/Drivers/STM32F1xx_HAL_Driver/Src/stm32f1xx_hal.c.obj
                0x0800210c                HAL_InitTick
 .text.HAL_Init
                0x08002158       0x24 CMakeFiles/ROS_Robot.elf.dir/Drivers/STM32F1xx_HAL_Driver/Src/stm32f1xx_hal.c.obj
                0x08002158                HAL_Init
 .text.HAL_IncTick
                0x0800217c       0x18 CMakeFiles/ROS_Robot.elf.dir/Drivers/STM32F1xx_HAL_Driver/Src/stm32f1xx_hal.c.obj
                0x0800217c                HAL_IncTick
 .text.HAL_GetTick
                0x08002194        0xc CMakeFiles/ROS_Robot.elf.dir/Drivers/STM32F1xx_HAL_Driver/Src/stm32f1xx_hal.c.obj
                0x08002194                HAL_GetTick
 .text.HAL_Delay
                0x080021a0       0x28 CMakeFiles/ROS_Robot.elf.dir/Drivers/STM32F1xx_HAL_Driver/Src/stm32f1xx_hal.c.obj
                0x080021a0                HAL_Delay
 .text.HAL_NVIC_SetPriorityGrouping
                0x080021c8       0x24 CMakeFiles/ROS_Robot.elf.dir/Drivers/STM32F1xx_HAL_Driver/Src/stm32f1xx_hal_cortex.c.obj
                0x080021c8                HAL_NVIC_SetPriorityGrouping
 .text.HAL_NVIC_SetPriority
                0x080021ec       0x70 CMakeFiles/ROS_Robot.elf.dir/Drivers/STM32F1xx_HAL_Driver/Src/stm32f1xx_hal_cortex.c.obj
                0x080021ec                HAL_NVIC_SetPriority
 .text.HAL_NVIC_EnableIRQ
                0x0800225c       0x1c CMakeFiles/ROS_Robot.elf.dir/Drivers/STM32F1xx_HAL_Driver/Src/stm32f1xx_hal_cortex.c.obj
                0x0800225c                HAL_NVIC_EnableIRQ
 .text.HAL_SYSTICK_Config
                0x08002278       0x28 CMakeFiles/ROS_Robot.elf.dir/Drivers/STM32F1xx_HAL_Driver/Src/stm32f1xx_hal_cortex.c.obj
                0x08002278                HAL_SYSTICK_Config
 .text.HAL_DMA_Abort
                0x080022a0       0x44 CMakeFiles/ROS_Robot.elf.dir/Drivers/STM32F1xx_HAL_Driver/Src/stm32f1xx_hal_dma.c.obj
                0x080022a0                HAL_DMA_Abort
 .text.HAL_DMA_Abort_IT
                0x080022e4       0x98 CMakeFiles/ROS_Robot.elf.dir/Drivers/STM32F1xx_HAL_Driver/Src/stm32f1xx_hal_dma.c.obj
                0x080022e4                HAL_DMA_Abort_IT
 .text.HAL_GPIO_Init
                0x0800237c      0x224 CMakeFiles/ROS_Robot.elf.dir/Drivers/STM32F1xx_HAL_Driver/Src/stm32f1xx_hal_gpio.c.obj
                0x0800237c                HAL_GPIO_Init
 .text.HAL_GPIO_WritePin
                0x080025a0        0xc CMakeFiles/ROS_Robot.elf.dir/Drivers/STM32F1xx_HAL_Driver/Src/stm32f1xx_hal_gpio.c.obj
                0x080025a0                HAL_GPIO_WritePin
 .text.HAL_I2C_Init
                0x080025ac      0x1bc CMakeFiles/ROS_Robot.elf.dir/Drivers/STM32F1xx_HAL_Driver/Src/stm32f1xx_hal_i2c.c.obj
                0x080025ac                HAL_I2C_Init
 .text.RCC_Delay
                0x08002768       0x2c CMakeFiles/ROS_Robot.elf.dir/Drivers/STM32F1xx_HAL_Driver/Src/stm32f1xx_hal_rcc.c.obj
 .text.HAL_RCC_OscConfig
                0x08002794      0x410 CMakeFiles/ROS_Robot.elf.dir/Drivers/STM32F1xx_HAL_Driver/Src/stm32f1xx_hal_rcc.c.obj
                0x08002794                HAL_RCC_OscConfig
 .text.HAL_RCC_GetSysClockFreq
                0x08002ba4       0x70 CMakeFiles/ROS_Robot.elf.dir/Drivers/STM32F1xx_HAL_Driver/Src/stm32f1xx_hal_rcc.c.obj
                0x08002ba4                HAL_RCC_GetSysClockFreq
 .text.HAL_RCC_ClockConfig
                0x08002c14      0x16c CMakeFiles/ROS_Robot.elf.dir/Drivers/STM32F1xx_HAL_Driver/Src/stm32f1xx_hal_rcc.c.obj
                0x08002c14                HAL_RCC_ClockConfig
 .text.HAL_RCC_GetHCLKFreq
                0x08002d80        0xc CMakeFiles/ROS_Robot.elf.dir/Drivers/STM32F1xx_HAL_Driver/Src/stm32f1xx_hal_rcc.c.obj
                0x08002d80                HAL_RCC_GetHCLKFreq
 .text.HAL_RCC_GetPCLK1Freq
                0x08002d8c       0x20 CMakeFiles/ROS_Robot.elf.dir/Drivers/STM32F1xx_HAL_Driver/Src/stm32f1xx_hal_rcc.c.obj
                0x08002d8c                HAL_RCC_GetPCLK1Freq
 .text.HAL_RCC_GetPCLK2Freq
                0x08002dac       0x20 CMakeFiles/ROS_Robot.elf.dir/Drivers/STM32F1xx_HAL_Driver/Src/stm32f1xx_hal_rcc.c.obj
                0x08002dac                HAL_RCC_GetPCLK2Freq
 .text.TIM_OC1_SetConfig
                0x08002dcc       0x5c CMakeFiles/ROS_Robot.elf.dir/Drivers/STM32F1xx_HAL_Driver/Src/stm32f1xx_hal_tim.c.obj
 .text.TIM_OC3_SetConfig
                0x08002e28       0x64 CMakeFiles/ROS_Robot.elf.dir/Drivers/STM32F1xx_HAL_Driver/Src/stm32f1xx_hal_tim.c.obj
 .text.TIM_OC4_SetConfig
                0x08002e8c       0x48 CMakeFiles/ROS_Robot.elf.dir/Drivers/STM32F1xx_HAL_Driver/Src/stm32f1xx_hal_tim.c.obj
 .text.HAL_TIM_PeriodElapsedCallback
                0x08002ed4        0x2 CMakeFiles/ROS_Robot.elf.dir/Drivers/STM32F1xx_HAL_Driver/Src/stm32f1xx_hal_tim.c.obj
                0x08002ed4                HAL_TIM_PeriodElapsedCallback
 .text.HAL_TIM_OC_DelayElapsedCallback
                0x08002ed6        0x2 CMakeFiles/ROS_Robot.elf.dir/Drivers/STM32F1xx_HAL_Driver/Src/stm32f1xx_hal_tim.c.obj
                0x08002ed6                HAL_TIM_OC_DelayElapsedCallback
 .text.HAL_TIM_IC_CaptureCallback
                0x08002ed8        0x2 CMakeFiles/ROS_Robot.elf.dir/Drivers/STM32F1xx_HAL_Driver/Src/stm32f1xx_hal_tim.c.obj
                0x08002ed8                HAL_TIM_IC_CaptureCallback
 .text.HAL_TIM_PWM_PulseFinishedCallback
                0x08002eda        0x2 CMakeFiles/ROS_Robot.elf.dir/Drivers/STM32F1xx_HAL_Driver/Src/stm32f1xx_hal_tim.c.obj
                0x08002eda                HAL_TIM_PWM_PulseFinishedCallback
 .text.HAL_TIM_TriggerCallback
                0x08002edc        0x2 CMakeFiles/ROS_Robot.elf.dir/Drivers/STM32F1xx_HAL_Driver/Src/stm32f1xx_hal_tim.c.obj
                0x08002edc                HAL_TIM_TriggerCallback
 .text.HAL_TIM_IRQHandler
                0x08002ede      0x17a CMakeFiles/ROS_Robot.elf.dir/Drivers/STM32F1xx_HAL_Driver/Src/stm32f1xx_hal_tim.c.obj
                0x08002ede                HAL_TIM_IRQHandler
 .text.TIM_Base_SetConfig
                0x08003058       0x74 CMakeFiles/ROS_Robot.elf.dir/Drivers/STM32F1xx_HAL_Driver/Src/stm32f1xx_hal_tim.c.obj
                0x08003058                TIM_Base_SetConfig
 .text.HAL_TIM_PWM_Init
                0x080030cc       0x58 CMakeFiles/ROS_Robot.elf.dir/Drivers/STM32F1xx_HAL_Driver/Src/stm32f1xx_hal_tim.c.obj
                0x080030cc                HAL_TIM_PWM_Init
 .text.HAL_TIM_Encoder_Init
                0x08003124       0xb8 CMakeFiles/ROS_Robot.elf.dir/Drivers/STM32F1xx_HAL_Driver/Src/stm32f1xx_hal_tim.c.obj
                0x08003124                HAL_TIM_Encoder_Init
 .text.TIM_OC2_SetConfig
                0x080031dc       0x64 CMakeFiles/ROS_Robot.elf.dir/Drivers/STM32F1xx_HAL_Driver/Src/stm32f1xx_hal_tim.c.obj
                0x080031dc                TIM_OC2_SetConfig
 .text.HAL_TIM_PWM_ConfigChannel
                0x08003240       0xd0 CMakeFiles/ROS_Robot.elf.dir/Drivers/STM32F1xx_HAL_Driver/Src/stm32f1xx_hal_tim.c.obj
                0x08003240                HAL_TIM_PWM_ConfigChannel
 .text.TIM_CCxChannelCmd
                0x08003310       0x1e CMakeFiles/ROS_Robot.elf.dir/Drivers/STM32F1xx_HAL_Driver/Src/stm32f1xx_hal_tim.c.obj
                0x08003310                TIM_CCxChannelCmd
 *fill*         0x0800332e        0x2 
 .text.HAL_TIM_PWM_Start
                0x08003330       0xdc CMakeFiles/ROS_Robot.elf.dir/Drivers/STM32F1xx_HAL_Driver/Src/stm32f1xx_hal_tim.c.obj
                0x08003330                HAL_TIM_PWM_Start
 .text.HAL_TIM_Encoder_Start
                0x0800340c       0xcc CMakeFiles/ROS_Robot.elf.dir/Drivers/STM32F1xx_HAL_Driver/Src/stm32f1xx_hal_tim.c.obj
                0x0800340c                HAL_TIM_Encoder_Start
 .text.HAL_TIMEx_MasterConfigSynchronization
                0x080034d8       0x6c CMakeFiles/ROS_Robot.elf.dir/Drivers/STM32F1xx_HAL_Driver/Src/stm32f1xx_hal_tim_ex.c.obj
                0x080034d8                HAL_TIMEx_MasterConfigSynchronization
 .text.HAL_TIMEx_ConfigBreakDeadTime
                0x08003544       0x52 CMakeFiles/ROS_Robot.elf.dir/Drivers/STM32F1xx_HAL_Driver/Src/stm32f1xx_hal_tim_ex.c.obj
                0x08003544                HAL_TIMEx_ConfigBreakDeadTime
 .text.HAL_TIMEx_CommutCallback
                0x08003596        0x2 CMakeFiles/ROS_Robot.elf.dir/Drivers/STM32F1xx_HAL_Driver/Src/stm32f1xx_hal_tim_ex.c.obj
                0x08003596                HAL_TIMEx_CommutCallback
 .text.HAL_TIMEx_BreakCallback
                0x08003598        0x2 CMakeFiles/ROS_Robot.elf.dir/Drivers/STM32F1xx_HAL_Driver/Src/stm32f1xx_hal_tim_ex.c.obj
                0x08003598                HAL_TIMEx_BreakCallback
 .text.UART_EndRxTransfer
                0x0800359a       0x32 CMakeFiles/ROS_Robot.elf.dir/Drivers/STM32F1xx_HAL_Driver/Src/stm32f1xx_hal_uart.c.obj
 .text.UART_Transmit_IT
                0x080035cc       0x60 CMakeFiles/ROS_Robot.elf.dir/Drivers/STM32F1xx_HAL_Driver/Src/stm32f1xx_hal_uart.c.obj
 .text.UART_SetConfig
                0x0800362c       0x94 CMakeFiles/ROS_Robot.elf.dir/Drivers/STM32F1xx_HAL_Driver/Src/stm32f1xx_hal_uart.c.obj
 .text.UART_WaitOnFlagUntilTimeout
                0x080036c0       0x6c CMakeFiles/ROS_Robot.elf.dir/Drivers/STM32F1xx_HAL_Driver/Src/stm32f1xx_hal_uart.c.obj
 .text.HAL_UART_Init
                0x0800372c       0x5e CMakeFiles/ROS_Robot.elf.dir/Drivers/STM32F1xx_HAL_Driver/Src/stm32f1xx_hal_uart.c.obj
                0x0800372c                HAL_UART_Init
 .text.HAL_UART_Transmit
                0x0800378a       0xd8 CMakeFiles/ROS_Robot.elf.dir/Drivers/STM32F1xx_HAL_Driver/Src/stm32f1xx_hal_uart.c.obj
                0x0800378a                HAL_UART_Transmit
 .text.HAL_UART_Receive
                0x08003862       0xe4 CMakeFiles/ROS_Robot.elf.dir/Drivers/STM32F1xx_HAL_Driver/Src/stm32f1xx_hal_uart.c.obj
                0x08003862                HAL_UART_Receive
 .text.HAL_UART_TxCpltCallback
                0x08003946        0x2 CMakeFiles/ROS_Robot.elf.dir/Drivers/STM32F1xx_HAL_Driver/Src/stm32f1xx_hal_uart.c.obj
                0x08003946                HAL_UART_TxCpltCallback
 .text.UART_EndTransmit_IT
                0x08003948       0x1a CMakeFiles/ROS_Robot.elf.dir/Drivers/STM32F1xx_HAL_Driver/Src/stm32f1xx_hal_uart.c.obj
 .text.HAL_UART_ErrorCallback
                0x08003962        0x2 CMakeFiles/ROS_Robot.elf.dir/Drivers/STM32F1xx_HAL_Driver/Src/stm32f1xx_hal_uart.c.obj
                0x08003962                HAL_UART_ErrorCallback
 .text.UART_DMAAbortOnError
                0x08003964       0x10 CMakeFiles/ROS_Robot.elf.dir/Drivers/STM32F1xx_HAL_Driver/Src/stm32f1xx_hal_uart.c.obj
 .text.HAL_UARTEx_RxEventCallback
                0x08003974        0x2 CMakeFiles/ROS_Robot.elf.dir/Drivers/STM32F1xx_HAL_Driver/Src/stm32f1xx_hal_uart.c.obj
                0x08003974                HAL_UARTEx_RxEventCallback
 .text.UART_Receive_IT
                0x08003976       0xd4 CMakeFiles/ROS_Robot.elf.dir/Drivers/STM32F1xx_HAL_Driver/Src/stm32f1xx_hal_uart.c.obj
 *fill*         0x08003a4a        0x2 
 .text.HAL_UART_IRQHandler
                0x08003a4c      0x204 CMakeFiles/ROS_Robot.elf.dir/Drivers/STM32F1xx_HAL_Driver/Src/stm32f1xx_hal_uart.c.obj
                0x08003a4c                HAL_UART_IRQHandler
 .text.UART_Start_Receive_IT
                0x08003c50       0x36 CMakeFiles/ROS_Robot.elf.dir/Drivers/STM32F1xx_HAL_Driver/Src/stm32f1xx_hal_uart.c.obj
                0x08003c50                UART_Start_Receive_IT
 .text.HAL_UART_Receive_IT
                0x08003c86       0x38 CMakeFiles/ROS_Robot.elf.dir/Drivers/STM32F1xx_HAL_Driver/Src/stm32f1xx_hal_uart.c.obj
                0x08003c86                HAL_UART_Receive_IT
 *fill*         0x08003cbe        0x2 
 .text.__errno  0x08003cc0        0xc d:/tool/gcc-arm-none-eabi/gcc-arm-none-eabi-10.3-2021.07/bin/../lib/gcc/arm-none-eabi/10.3.1/../../../../arm-none-eabi/lib/thumb/v7-m/nofp\libg.a(lib_a-errno.o)
                0x08003cc0                __errno
 .text.__libc_init_array
                0x08003ccc       0x48 d:/tool/gcc-arm-none-eabi/gcc-arm-none-eabi-10.3-2021.07/bin/../lib/gcc/arm-none-eabi/10.3.1/../../../../arm-none-eabi/lib/thumb/v7-m/nofp\libg.a(lib_a-init.o)
                0x08003ccc                __libc_init_array
 .text.memset   0x08003d14       0xa4 d:/tool/gcc-arm-none-eabi/gcc-arm-none-eabi-10.3-2021.07/bin/../lib/gcc/arm-none-eabi/10.3.1/../../../../arm-none-eabi/lib/thumb/v7-m/nofp\libg.a(lib_a-memset.o)
                0x08003d14                memset
 .text.printf   0x08003db8       0x28 d:/tool/gcc-arm-none-eabi/gcc-arm-none-eabi-10.3-2021.07/bin/../lib/gcc/arm-none-eabi/10.3.1/../../../../arm-none-eabi/lib/thumb/v7-m/nofp\libg.a(lib_a-printf.o)
                0x08003db8                printf
 .text._puts_r  0x08003de0       0x9c d:/tool/gcc-arm-none-eabi/gcc-arm-none-eabi-10.3-2021.07/bin/../lib/gcc/arm-none-eabi/10.3.1/../../../../arm-none-eabi/lib/thumb/v7-m/nofp\libg.a(lib_a-puts.o)
                0x08003de0                _puts_r
 .text.puts     0x08003e7c       0x10 d:/tool/gcc-arm-none-eabi/gcc-arm-none-eabi-10.3-2021.07/bin/../lib/gcc/arm-none-eabi/10.3.1/../../../../arm-none-eabi/lib/thumb/v7-m/nofp\libg.a(lib_a-puts.o)
                0x08003e7c                puts
 .text.setvbuf  0x08003e8c      0x1b0 d:/tool/gcc-arm-none-eabi/gcc-arm-none-eabi-10.3-2021.07/bin/../lib/gcc/arm-none-eabi/10.3.1/../../../../arm-none-eabi/lib/thumb/v7-m/nofp\libg.a(lib_a-setvbuf.o)
                0x08003e8c                setvbuf
 .text.strlen   0x0800403c       0x5c d:/tool/gcc-arm-none-eabi/gcc-arm-none-eabi-10.3-2021.07/bin/../lib/gcc/arm-none-eabi/10.3.1/../../../../arm-none-eabi/lib/thumb/v7-m/nofp\libg.a(lib_a-strlen-stub.o)
                0x0800403c                strlen
 .text._vfprintf_r
                0x08004098     0x1b58 d:/tool/gcc-arm-none-eabi/gcc-arm-none-eabi-10.3-2021.07/bin/../lib/gcc/arm-none-eabi/10.3.1/../../../../arm-none-eabi/lib/thumb/v7-m/nofp\libg.a(lib_a-vfprintf.o)
                0x08004098                _vfprintf_r
 .text.__sbprintf
                0x08005bf0       0x84 d:/tool/gcc-arm-none-eabi/gcc-arm-none-eabi-10.3-2021.07/bin/../lib/gcc/arm-none-eabi/10.3.1/../../../../arm-none-eabi/lib/thumb/v7-m/nofp\libg.a(lib_a-vfprintf.o)
 .text.__swsetup_r
                0x08005c74       0xd4 d:/tool/gcc-arm-none-eabi/gcc-arm-none-eabi-10.3-2021.07/bin/../lib/gcc/arm-none-eabi/10.3.1/../../../../arm-none-eabi/lib/thumb/v7-m/nofp\libg.a(lib_a-wsetup.o)
                0x08005c74                __swsetup_r
 .text.startup.register_fini
                0x08005d48       0x14 d:/tool/gcc-arm-none-eabi/gcc-arm-none-eabi-10.3-2021.07/bin/../lib/gcc/arm-none-eabi/10.3.1/../../../../arm-none-eabi/lib/thumb/v7-m/nofp\libg.a(lib_a-__call_atexit.o)
 .text.atexit   0x08005d5c        0xc d:/tool/gcc-arm-none-eabi/gcc-arm-none-eabi-10.3-2021.07/bin/../lib/gcc/arm-none-eabi/10.3.1/../../../../arm-none-eabi/lib/thumb/v7-m/nofp\libg.a(lib_a-atexit.o)
                0x08005d5c                atexit
 .text.quorem   0x08005d68      0x12c d:/tool/gcc-arm-none-eabi/gcc-arm-none-eabi-10.3-2021.07/bin/../lib/gcc/arm-none-eabi/10.3.1/../../../../arm-none-eabi/lib/thumb/v7-m/nofp\libg.a(lib_a-dtoa.o)
 *fill*         0x08005e94        0x4 
 .text._dtoa_r  0x08005e98      0xecc d:/tool/gcc-arm-none-eabi/gcc-arm-none-eabi-10.3-2021.07/bin/../lib/gcc/arm-none-eabi/10.3.1/../../../../arm-none-eabi/lib/thumb/v7-m/nofp\libg.a(lib_a-dtoa.o)
                0x08005e98                _dtoa_r
 .text.__sflush_r
                0x08006d64      0x124 d:/tool/gcc-arm-none-eabi/gcc-arm-none-eabi-10.3-2021.07/bin/../lib/gcc/arm-none-eabi/10.3.1/../../../../arm-none-eabi/lib/thumb/v7-m/nofp\libg.a(lib_a-fflush.o)
                0x08006d64                __sflush_r
 .text._fflush_r
                0x08006e88       0x5c d:/tool/gcc-arm-none-eabi/gcc-arm-none-eabi-10.3-2021.07/bin/../lib/gcc/arm-none-eabi/10.3.1/../../../../arm-none-eabi/lib/thumb/v7-m/nofp\libg.a(lib_a-fflush.o)
                0x08006e88                _fflush_r
 .text._cleanup_r
                0x08006ee4        0xc d:/tool/gcc-arm-none-eabi/gcc-arm-none-eabi-10.3-2021.07/bin/../lib/gcc/arm-none-eabi/10.3.1/../../../../arm-none-eabi/lib/thumb/v7-m/nofp\libg.a(lib_a-findfp.o)
                0x08006ee4                _cleanup_r
 .text.__sinit  0x08006ef0      0x10c d:/tool/gcc-arm-none-eabi/gcc-arm-none-eabi-10.3-2021.07/bin/../lib/gcc/arm-none-eabi/10.3.1/../../../../arm-none-eabi/lib/thumb/v7-m/nofp\libg.a(lib_a-findfp.o)
                0x08006ef0                __sinit
 .text.__sfp_lock_acquire
                0x08006ffc        0xc d:/tool/gcc-arm-none-eabi/gcc-arm-none-eabi-10.3-2021.07/bin/../lib/gcc/arm-none-eabi/10.3.1/../../../../arm-none-eabi/lib/thumb/v7-m/nofp\libg.a(lib_a-findfp.o)
                0x08006ffc                __sfp_lock_acquire
 .text.__sfp_lock_release
                0x08007008        0xc d:/tool/gcc-arm-none-eabi/gcc-arm-none-eabi-10.3-2021.07/bin/../lib/gcc/arm-none-eabi/10.3.1/../../../../arm-none-eabi/lib/thumb/v7-m/nofp\libg.a(lib_a-findfp.o)
                0x08007008                __sfp_lock_release
 .text.__libc_fini_array
                0x08007014       0x2c d:/tool/gcc-arm-none-eabi/gcc-arm-none-eabi-10.3-2021.07/bin/../lib/gcc/arm-none-eabi/10.3.1/../../../../arm-none-eabi/lib/thumb/v7-m/nofp\libg.a(lib_a-fini.o)
                0x08007014                __libc_fini_array
 .text._malloc_trim_r
                0x08007040       0xa0 d:/tool/gcc-arm-none-eabi/gcc-arm-none-eabi-10.3-2021.07/bin/../lib/gcc/arm-none-eabi/10.3.1/../../../../arm-none-eabi/lib/thumb/v7-m/nofp\libg.a(lib_a-freer.o)
                0x08007040                _malloc_trim_r
 .text._free_r  0x080070e0      0x200 d:/tool/gcc-arm-none-eabi/gcc-arm-none-eabi-10.3-2021.07/bin/../lib/gcc/arm-none-eabi/10.3.1/../../../../arm-none-eabi/lib/thumb/v7-m/nofp\libg.a(lib_a-freer.o)
                0x080070e0                _free_r
 .text.__sfvwrite_r
                0x080072e0      0x2f0 d:/tool/gcc-arm-none-eabi/gcc-arm-none-eabi-10.3-2021.07/bin/../lib/gcc/arm-none-eabi/10.3.1/../../../../arm-none-eabi/lib/thumb/v7-m/nofp\libg.a(lib_a-fvwrite.o)
                0x080072e0                __sfvwrite_r
 .text._fwalk_reent
                0x080075d0       0x48 d:/tool/gcc-arm-none-eabi/gcc-arm-none-eabi-10.3-2021.07/bin/../lib/gcc/arm-none-eabi/10.3.1/../../../../arm-none-eabi/lib/thumb/v7-m/nofp\libg.a(lib_a-fwalk.o)
                0x080075d0                _fwalk_reent
 .text._localeconv_r
                0x08007618        0x8 d:/tool/gcc-arm-none-eabi/gcc-arm-none-eabi-10.3-2021.07/bin/../lib/gcc/arm-none-eabi/10.3.1/../../../../arm-none-eabi/lib/thumb/v7-m/nofp\libg.a(lib_a-localeconv.o)
                0x08007618                _localeconv_r
 .text.__retarget_lock_init_recursive
                0x08007620        0x4 d:/tool/gcc-arm-none-eabi/gcc-arm-none-eabi-10.3-2021.07/bin/../lib/gcc/arm-none-eabi/10.3.1/../../../../arm-none-eabi/lib/thumb/v7-m/nofp\libg.a(lib_a-lock.o)
                0x08007620                __retarget_lock_init_recursive
 .text.__retarget_lock_close_recursive
                0x08007624        0x4 d:/tool/gcc-arm-none-eabi/gcc-arm-none-eabi-10.3-2021.07/bin/../lib/gcc/arm-none-eabi/10.3.1/../../../../arm-none-eabi/lib/thumb/v7-m/nofp\libg.a(lib_a-lock.o)
                0x08007624                __retarget_lock_close_recursive
 .text.__retarget_lock_acquire_recursive
                0x08007628        0x4 d:/tool/gcc-arm-none-eabi/gcc-arm-none-eabi-10.3-2021.07/bin/../lib/gcc/arm-none-eabi/10.3.1/../../../../arm-none-eabi/lib/thumb/v7-m/nofp\libg.a(lib_a-lock.o)
                0x08007628                __retarget_lock_acquire_recursive
 .text.__retarget_lock_release_recursive
                0x0800762c        0x4 d:/tool/gcc-arm-none-eabi/gcc-arm-none-eabi-10.3-2021.07/bin/../lib/gcc/arm-none-eabi/10.3.1/../../../../arm-none-eabi/lib/thumb/v7-m/nofp\libg.a(lib_a-lock.o)
                0x0800762c                __retarget_lock_release_recursive
 .text.__smakebuf_r
                0x08007630       0xe0 d:/tool/gcc-arm-none-eabi/gcc-arm-none-eabi-10.3-2021.07/bin/../lib/gcc/arm-none-eabi/10.3.1/../../../../arm-none-eabi/lib/thumb/v7-m/nofp\libg.a(lib_a-makebuf.o)
                0x08007630                __smakebuf_r
 .text.__swhatbuf_r
                0x08007710       0x60 d:/tool/gcc-arm-none-eabi/gcc-arm-none-eabi-10.3-2021.07/bin/../lib/gcc/arm-none-eabi/10.3.1/../../../../arm-none-eabi/lib/thumb/v7-m/nofp\libg.a(lib_a-makebuf.o)
                0x08007710                __swhatbuf_r
 .text.malloc   0x08007770       0x10 d:/tool/gcc-arm-none-eabi/gcc-arm-none-eabi-10.3-2021.07/bin/../lib/gcc/arm-none-eabi/10.3.1/../../../../arm-none-eabi/lib/thumb/v7-m/nofp\libg.a(lib_a-malloc.o)
                0x08007770                malloc
 .text._malloc_r
                0x08007780      0x558 d:/tool/gcc-arm-none-eabi/gcc-arm-none-eabi-10.3-2021.07/bin/../lib/gcc/arm-none-eabi/10.3.1/../../../../arm-none-eabi/lib/thumb/v7-m/nofp\libg.a(lib_a-mallocr.o)
                0x08007780                _malloc_r
 .text.memchr   0x08007cd8       0x90 d:/tool/gcc-arm-none-eabi/gcc-arm-none-eabi-10.3-2021.07/bin/../lib/gcc/arm-none-eabi/10.3.1/../../../../arm-none-eabi/lib/thumb/v7-m/nofp\libg.a(lib_a-memchr-stub.o)
                0x08007cd8                memchr
 .text.memmove  0x08007d68       0xf8 d:/tool/gcc-arm-none-eabi/gcc-arm-none-eabi-10.3-2021.07/bin/../lib/gcc/arm-none-eabi/10.3.1/../../../../arm-none-eabi/lib/thumb/v7-m/nofp\libg.a(lib_a-memmove.o)
                0x08007d68                memmove
 .text.__malloc_lock
                0x08007e60        0xc d:/tool/gcc-arm-none-eabi/gcc-arm-none-eabi-10.3-2021.07/bin/../lib/gcc/arm-none-eabi/10.3.1/../../../../arm-none-eabi/lib/thumb/v7-m/nofp\libg.a(lib_a-mlock.o)
                0x08007e60                __malloc_lock
 .text.__malloc_unlock
                0x08007e6c        0xc d:/tool/gcc-arm-none-eabi/gcc-arm-none-eabi-10.3-2021.07/bin/../lib/gcc/arm-none-eabi/10.3.1/../../../../arm-none-eabi/lib/thumb/v7-m/nofp\libg.a(lib_a-mlock.o)
                0x08007e6c                __malloc_unlock
 .text._Balloc  0x08007e78       0x4c d:/tool/gcc-arm-none-eabi/gcc-arm-none-eabi-10.3-2021.07/bin/../lib/gcc/arm-none-eabi/10.3.1/../../../../arm-none-eabi/lib/thumb/v7-m/nofp\libg.a(lib_a-mprec.o)
                0x08007e78                _Balloc
 .text._Bfree   0x08007ec4       0x14 d:/tool/gcc-arm-none-eabi/gcc-arm-none-eabi-10.3-2021.07/bin/../lib/gcc/arm-none-eabi/10.3.1/../../../../arm-none-eabi/lib/thumb/v7-m/nofp\libg.a(lib_a-mprec.o)
                0x08007ec4                _Bfree
 .text.__multadd
                0x08007ed8       0xa4 d:/tool/gcc-arm-none-eabi/gcc-arm-none-eabi-10.3-2021.07/bin/../lib/gcc/arm-none-eabi/10.3.1/../../../../arm-none-eabi/lib/thumb/v7-m/nofp\libg.a(lib_a-mprec.o)
                0x08007ed8                __multadd
 .text.__hi0bits
                0x08007f7c       0x40 d:/tool/gcc-arm-none-eabi/gcc-arm-none-eabi-10.3-2021.07/bin/../lib/gcc/arm-none-eabi/10.3.1/../../../../arm-none-eabi/lib/thumb/v7-m/nofp\libg.a(lib_a-mprec.o)
                0x08007f7c                __hi0bits
 .text.__lo0bits
                0x08007fbc       0x58 d:/tool/gcc-arm-none-eabi/gcc-arm-none-eabi-10.3-2021.07/bin/../lib/gcc/arm-none-eabi/10.3.1/../../../../arm-none-eabi/lib/thumb/v7-m/nofp\libg.a(lib_a-mprec.o)
                0x08007fbc                __lo0bits
 .text.__i2b    0x08008014       0x5c d:/tool/gcc-arm-none-eabi/gcc-arm-none-eabi-10.3-2021.07/bin/../lib/gcc/arm-none-eabi/10.3.1/../../../../arm-none-eabi/lib/thumb/v7-m/nofp\libg.a(lib_a-mprec.o)
                0x08008014                __i2b
 .text.__multiply
                0x08008070      0x15c d:/tool/gcc-arm-none-eabi/gcc-arm-none-eabi-10.3-2021.07/bin/../lib/gcc/arm-none-eabi/10.3.1/../../../../arm-none-eabi/lib/thumb/v7-m/nofp\libg.a(lib_a-mprec.o)
                0x08008070                __multiply
 .text.__pow5mult
                0x080081cc       0xb8 d:/tool/gcc-arm-none-eabi/gcc-arm-none-eabi-10.3-2021.07/bin/../lib/gcc/arm-none-eabi/10.3.1/../../../../arm-none-eabi/lib/thumb/v7-m/nofp\libg.a(lib_a-mprec.o)
                0x080081cc                __pow5mult
 .text.__lshift
                0x08008284       0xec d:/tool/gcc-arm-none-eabi/gcc-arm-none-eabi-10.3-2021.07/bin/../lib/gcc/arm-none-eabi/10.3.1/../../../../arm-none-eabi/lib/thumb/v7-m/nofp\libg.a(lib_a-mprec.o)
                0x08008284                __lshift
 .text.__mcmp   0x08008370       0x40 d:/tool/gcc-arm-none-eabi/gcc-arm-none-eabi-10.3-2021.07/bin/../lib/gcc/arm-none-eabi/10.3.1/../../../../arm-none-eabi/lib/thumb/v7-m/nofp\libg.a(lib_a-mprec.o)
                0x08008370                __mcmp
 .text.__mdiff  0x080083b0      0x14c d:/tool/gcc-arm-none-eabi/gcc-arm-none-eabi-10.3-2021.07/bin/../lib/gcc/arm-none-eabi/10.3.1/../../../../arm-none-eabi/lib/thumb/v7-m/nofp\libg.a(lib_a-mprec.o)
                0x080083b0                __mdiff
 .text.__d2b    0x080084fc       0xc4 d:/tool/gcc-arm-none-eabi/gcc-arm-none-eabi-10.3-2021.07/bin/../lib/gcc/arm-none-eabi/10.3.1/../../../../arm-none-eabi/lib/thumb/v7-m/nofp\libg.a(lib_a-mprec.o)
                0x080084fc                __d2b
 .text._realloc_r
                0x080085c0      0x3dc d:/tool/gcc-arm-none-eabi/gcc-arm-none-eabi-10.3-2021.07/bin/../lib/gcc/arm-none-eabi/10.3.1/../../../../arm-none-eabi/lib/thumb/v7-m/nofp\libg.a(lib_a-reallocr.o)
                0x080085c0                _realloc_r
 .text.frexp    0x0800899c       0x70 d:/tool/gcc-arm-none-eabi/gcc-arm-none-eabi-10.3-2021.07/bin/../lib/gcc/arm-none-eabi/10.3.1/../../../../arm-none-eabi/lib/thumb/v7-m/nofp\libg.a(lib_a-s_frexp.o)
                0x0800899c                frexp
 .text._sbrk_r  0x08008a0c       0x24 d:/tool/gcc-arm-none-eabi/gcc-arm-none-eabi-10.3-2021.07/bin/../lib/gcc/arm-none-eabi/10.3.1/../../../../arm-none-eabi/lib/thumb/v7-m/nofp\libg.a(lib_a-sbrkr.o)
                0x08008a0c                _sbrk_r
 .text.__sread  0x08008a30       0x24 d:/tool/gcc-arm-none-eabi/gcc-arm-none-eabi-10.3-2021.07/bin/../lib/gcc/arm-none-eabi/10.3.1/../../../../arm-none-eabi/lib/thumb/v7-m/nofp\libg.a(lib_a-stdio.o)
                0x08008a30                __sread
 .text.__swrite
                0x08008a54       0x40 d:/tool/gcc-arm-none-eabi/gcc-arm-none-eabi-10.3-2021.07/bin/../lib/gcc/arm-none-eabi/10.3.1/../../../../arm-none-eabi/lib/thumb/v7-m/nofp\libg.a(lib_a-stdio.o)
                0x08008a54                __swrite
 .text.__sseek  0x08008a94       0x20 d:/tool/gcc-arm-none-eabi/gcc-arm-none-eabi-10.3-2021.07/bin/../lib/gcc/arm-none-eabi/10.3.1/../../../../arm-none-eabi/lib/thumb/v7-m/nofp\libg.a(lib_a-stdio.o)
                0x08008a94                __sseek
 .text.__sclose
                0x08008ab4        0x8 d:/tool/gcc-arm-none-eabi/gcc-arm-none-eabi-10.3-2021.07/bin/../lib/gcc/arm-none-eabi/10.3.1/../../../../arm-none-eabi/lib/thumb/v7-m/nofp\libg.a(lib_a-stdio.o)
                0x08008ab4                __sclose
 .text.strncpy  0x08008abc       0x68 d:/tool/gcc-arm-none-eabi/gcc-arm-none-eabi-10.3-2021.07/bin/../lib/gcc/arm-none-eabi/10.3.1/../../../../arm-none-eabi/lib/thumb/v7-m/nofp\libg.a(lib_a-strncpy.o)
                0x08008abc                strncpy
 .text.__sprint_r.part.0
                0x08008b24       0x78 d:/tool/gcc-arm-none-eabi/gcc-arm-none-eabi-10.3-2021.07/bin/../lib/gcc/arm-none-eabi/10.3.1/../../../../arm-none-eabi/lib/thumb/v7-m/nofp\libg.a(lib_a-vfiprintf.o)
 .text.__sprint_r
                0x08008b9c       0x14 d:/tool/gcc-arm-none-eabi/gcc-arm-none-eabi-10.3-2021.07/bin/../lib/gcc/arm-none-eabi/10.3.1/../../../../arm-none-eabi/lib/thumb/v7-m/nofp\libg.a(lib_a-vfiprintf.o)
                0x08008b9c                __sprint_r
 .text._vfiprintf_r
                0x08008bb0      0xd98 d:/tool/gcc-arm-none-eabi/gcc-arm-none-eabi-10.3-2021.07/bin/../lib/gcc/arm-none-eabi/10.3.1/../../../../arm-none-eabi/lib/thumb/v7-m/nofp\libg.a(lib_a-vfiprintf.o)
                0x08008bb0                _vfiprintf_r
 .text.__sbprintf
                0x08009948       0x84 d:/tool/gcc-arm-none-eabi/gcc-arm-none-eabi-10.3-2021.07/bin/../lib/gcc/arm-none-eabi/10.3.1/../../../../arm-none-eabi/lib/thumb/v7-m/nofp\libg.a(lib_a-vfiprintf.o)
 .text._write_r
                0x080099cc       0x2c d:/tool/gcc-arm-none-eabi/gcc-arm-none-eabi-10.3-2021.07/bin/../lib/gcc/arm-none-eabi/10.3.1/../../../../arm-none-eabi/lib/thumb/v7-m/nofp\libg.a(lib_a-writer.o)
                0x080099cc                _write_r
 .text.__register_exitproc
                0x080099f8       0x8c d:/tool/gcc-arm-none-eabi/gcc-arm-none-eabi-10.3-2021.07/bin/../lib/gcc/arm-none-eabi/10.3.1/../../../../arm-none-eabi/lib/thumb/v7-m/nofp\libg.a(lib_a-__atexit.o)
                0x080099f8                __register_exitproc
 .text.__assert_func
                0x08009a84       0x40 d:/tool/gcc-arm-none-eabi/gcc-arm-none-eabi-10.3-2021.07/bin/../lib/gcc/arm-none-eabi/10.3.1/../../../../arm-none-eabi/lib/thumb/v7-m/nofp\libg.a(lib_a-assert.o)
                0x08009a84                __assert_func
 .text._calloc_r
                0x08009ac4       0x78 d:/tool/gcc-arm-none-eabi/gcc-arm-none-eabi-10.3-2021.07/bin/../lib/gcc/arm-none-eabi/10.3.1/../../../../arm-none-eabi/lib/thumb/v7-m/nofp\libg.a(lib_a-callocr.o)
                0x08009ac4                _calloc_r
 .text._close_r
                0x08009b3c       0x24 d:/tool/gcc-arm-none-eabi/gcc-arm-none-eabi-10.3-2021.07/bin/../lib/gcc/arm-none-eabi/10.3.1/../../../../arm-none-eabi/lib/thumb/v7-m/nofp\libg.a(lib_a-closer.o)
                0x08009b3c                _close_r
 .text._fclose_r
                0x08009b60       0xcc d:/tool/gcc-arm-none-eabi/gcc-arm-none-eabi-10.3-2021.07/bin/../lib/gcc/arm-none-eabi/10.3.1/../../../../arm-none-eabi/lib/thumb/v7-m/nofp\libg.a(lib_a-fclose.o)
                0x08009b60                _fclose_r
 .text.fiprintf
                0x08009c2c       0x28 d:/tool/gcc-arm-none-eabi/gcc-arm-none-eabi-10.3-2021.07/bin/../lib/gcc/arm-none-eabi/10.3.1/../../../../arm-none-eabi/lib/thumb/v7-m/nofp\libg.a(lib_a-fiprintf.o)
                0x08009c2c                fiprintf
 .text.__fputwc
                0x08009c54       0xa0 d:/tool/gcc-arm-none-eabi/gcc-arm-none-eabi-10.3-2021.07/bin/../lib/gcc/arm-none-eabi/10.3.1/../../../../arm-none-eabi/lib/thumb/v7-m/nofp\libg.a(lib_a-fputwc.o)
                0x08009c54                __fputwc
 .text._fputwc_r
                0x08009cf4       0x68 d:/tool/gcc-arm-none-eabi/gcc-arm-none-eabi-10.3-2021.07/bin/../lib/gcc/arm-none-eabi/10.3.1/../../../../arm-none-eabi/lib/thumb/v7-m/nofp\libg.a(lib_a-fputwc.o)
                0x08009cf4                _fputwc_r
 .text._fstat_r
                0x08009d5c       0x28 d:/tool/gcc-arm-none-eabi/gcc-arm-none-eabi-10.3-2021.07/bin/../lib/gcc/arm-none-eabi/10.3.1/../../../../arm-none-eabi/lib/thumb/v7-m/nofp\libg.a(lib_a-fstatr.o)
                0x08009d5c                _fstat_r
 .text._isatty_r
                0x08009d84       0x24 d:/tool/gcc-arm-none-eabi/gcc-arm-none-eabi-10.3-2021.07/bin/../lib/gcc/arm-none-eabi/10.3.1/../../../../arm-none-eabi/lib/thumb/v7-m/nofp\libg.a(lib_a-isattyr.o)
                0x08009d84                _isatty_r
 .text.__locale_mb_cur_max
                0x08009da8        0xc d:/tool/gcc-arm-none-eabi/gcc-arm-none-eabi-10.3-2021.07/bin/../lib/gcc/arm-none-eabi/10.3.1/../../../../arm-none-eabi/lib/thumb/v7-m/nofp\libg.a(lib_a-locale.o)
                0x08009da8                __locale_mb_cur_max
 .text._lseek_r
                0x08009db4       0x2c d:/tool/gcc-arm-none-eabi/gcc-arm-none-eabi-10.3-2021.07/bin/../lib/gcc/arm-none-eabi/10.3.1/../../../../arm-none-eabi/lib/thumb/v7-m/nofp\libg.a(lib_a-lseekr.o)
                0x08009db4                _lseek_r
 .text.__ascii_mbtowc
                0x08009de0       0x2c d:/tool/gcc-arm-none-eabi/gcc-arm-none-eabi-10.3-2021.07/bin/../lib/gcc/arm-none-eabi/10.3.1/../../../../arm-none-eabi/lib/thumb/v7-m/nofp\libg.a(lib_a-mbtowc_r.o)
                0x08009de0                __ascii_mbtowc
 .text._read_r  0x08009e0c       0x2c d:/tool/gcc-arm-none-eabi/gcc-arm-none-eabi-10.3-2021.07/bin/../lib/gcc/arm-none-eabi/10.3.1/../../../../arm-none-eabi/lib/thumb/v7-m/nofp\libg.a(lib_a-readr.o)
                0x08009e0c                _read_r
 .text.__swbuf_r
                0x08009e38       0xb0 d:/tool/gcc-arm-none-eabi/gcc-arm-none-eabi-10.3-2021.07/bin/../lib/gcc/arm-none-eabi/10.3.1/../../../../arm-none-eabi/lib/thumb/v7-m/nofp\libg.a(lib_a-wbuf.o)
                0x08009e38                __swbuf_r
 .text._wcrtomb_r
                0x08009ee8       0x3c d:/tool/gcc-arm-none-eabi/gcc-arm-none-eabi-10.3-2021.07/bin/../lib/gcc/arm-none-eabi/10.3.1/../../../../arm-none-eabi/lib/thumb/v7-m/nofp\libg.a(lib_a-wcrtomb.o)
                0x08009ee8                _wcrtomb_r
 .text.__ascii_wctomb
                0x08009f24       0x1c d:/tool/gcc-arm-none-eabi/gcc-arm-none-eabi-10.3-2021.07/bin/../lib/gcc/arm-none-eabi/10.3.1/../../../../arm-none-eabi/lib/thumb/v7-m/nofp\libg.a(lib_a-wctomb_r.o)
                0x08009f24                __ascii_wctomb
 .text.abort    0x08009f40       0x10 d:/tool/gcc-arm-none-eabi/gcc-arm-none-eabi-10.3-2021.07/bin/../lib/gcc/arm-none-eabi/10.3.1/../../../../arm-none-eabi/lib/thumb/v7-m/nofp\libg.a(lib_a-abort.o)
                0x08009f40                abort
 .text.raise    0x08009f50       0x5c d:/tool/gcc-arm-none-eabi/gcc-arm-none-eabi-10.3-2021.07/bin/../lib/gcc/arm-none-eabi/10.3.1/../../../../arm-none-eabi/lib/thumb/v7-m/nofp\libg.a(lib_a-signal.o)
                0x08009f50                raise
 .text._kill_r  0x08009fac       0x28 d:/tool/gcc-arm-none-eabi/gcc-arm-none-eabi-10.3-2021.07/bin/../lib/gcc/arm-none-eabi/10.3.1/../../../../arm-none-eabi/lib/thumb/v7-m/nofp\libg.a(lib_a-signalr.o)
                0x08009fac                _kill_r
 .text._getpid_r
                0x08009fd4        0x4 d:/tool/gcc-arm-none-eabi/gcc-arm-none-eabi-10.3-2021.07/bin/../lib/gcc/arm-none-eabi/10.3.1/../../../../arm-none-eabi/lib/thumb/v7-m/nofp\libg.a(lib_a-signalr.o)
                0x08009fd4                _getpid_r
 *(.glue_7)
 .glue_7        0x08009fd8        0x0 linker stubs
 *(.glue_7t)
 .glue_7t       0x08009fd8        0x0 linker stubs
 *(.eh_frame)
 .eh_frame      0x08009fd8        0x0 d:/tool/gcc-arm-none-eabi/gcc-arm-none-eabi-10.3-2021.07/bin/../lib/gcc/arm-none-eabi/10.3.1/thumb/v7-m/nofp/crtbegin.o
 *(.init)
 .init          0x08009fd8        0x4 d:/tool/gcc-arm-none-eabi/gcc-arm-none-eabi-10.3-2021.07/bin/../lib/gcc/arm-none-eabi/10.3.1/thumb/v7-m/nofp/crti.o
                0x08009fd8                _init
 .init          0x08009fdc        0x8 d:/tool/gcc-arm-none-eabi/gcc-arm-none-eabi-10.3-2021.07/bin/../lib/gcc/arm-none-eabi/10.3.1/thumb/v7-m/nofp/crtn.o
 *(.fini)
 .fini          0x08009fe4        0x4 d:/tool/gcc-arm-none-eabi/gcc-arm-none-eabi-10.3-2021.07/bin/../lib/gcc/arm-none-eabi/10.3.1/thumb/v7-m/nofp/crti.o
                0x08009fe4                _fini
 .fini          0x08009fe8        0x8 d:/tool/gcc-arm-none-eabi/gcc-arm-none-eabi-10.3-2021.07/bin/../lib/gcc/arm-none-eabi/10.3.1/thumb/v7-m/nofp/crtn.o
                0x08009ff0                . = ALIGN (0x4)
                0x08009ff0                _etext = .

.vfp11_veneer   0x08009ff0        0x0
 .vfp11_veneer  0x08009ff0        0x0 linker stubs

.v4_bx          0x08009ff0        0x0
 .v4_bx         0x08009ff0        0x0 linker stubs

.iplt           0x08009ff0        0x0
 .iplt          0x08009ff0        0x0 d:/tool/gcc-arm-none-eabi/gcc-arm-none-eabi-10.3-2021.07/bin/../lib/gcc/arm-none-eabi/10.3.1/thumb/v7-m/nofp/crtbegin.o

.rodata         0x08009ff0     0x1c90
                0x08009ff0                . = ALIGN (0x4)
 *(.rodata)
 *(.rodata*)
 .rodata.HAL_UART_RxCpltCallback.str1.4
                0x08009ff0       0x78 CMakeFiles/ROS_Robot.elf.dir/Core/BSP/MY_main.c.obj
 .rodata.Motor_init.str1.4
                0x0800a068        0xf CMakeFiles/ROS_Robot.elf.dir/Core/BSP/Motor.c.obj
 *fill*         0x0800a077        0x1 
 .rodata.asc2_1206
                0x0800a078      0x474 CMakeFiles/ROS_Robot.elf.dir/Core/BSP/oled.c.obj
                0x0800a078                asc2_1206
 .rodata.asc2_1608
                0x0800a4ec      0x5f0 CMakeFiles/ROS_Robot.elf.dir/Core/BSP/oled.c.obj
                0x0800a4ec                asc2_1608
 .rodata.asc2_2412
                0x0800aadc      0xd5c CMakeFiles/ROS_Robot.elf.dir/Core/BSP/oled.c.obj
                0x0800aadc                asc2_2412
 .rodata.main.str1.4
                0x0800b838       0x19 CMakeFiles/ROS_Robot.elf.dir/Core/Src/main.c.obj
 *fill*         0x0800b851        0x3 
 .rodata.AHBPrescTable
                0x0800b854       0x10 CMakeFiles/ROS_Robot.elf.dir/Core/Src/system_stm32f1xx.c.obj
                0x0800b854                AHBPrescTable
 .rodata.APBPrescTable
                0x0800b864        0x8 CMakeFiles/ROS_Robot.elf.dir/Core/Src/system_stm32f1xx.c.obj
                0x0800b864                APBPrescTable
 .rodata.HAL_RCC_GetSysClockFreq.str1.4
                0x0800b86c       0x11 CMakeFiles/ROS_Robot.elf.dir/Drivers/STM32F1xx_HAL_Driver/Src/stm32f1xx_hal_rcc.c.obj
 *fill*         0x0800b87d        0x3 
 .rodata._global_impure_ptr
                0x0800b880        0x4 d:/tool/gcc-arm-none-eabi/gcc-arm-none-eabi-10.3-2021.07/bin/../lib/gcc/arm-none-eabi/10.3.1/../../../../arm-none-eabi/lib/thumb/v7-m/nofp\libg.a(lib_a-impure.o)
                0x0800b880                _global_impure_ptr
 .rodata._puts_r.str1.4
                0x0800b884        0x2 d:/tool/gcc-arm-none-eabi/gcc-arm-none-eabi-10.3-2021.07/bin/../lib/gcc/arm-none-eabi/10.3.1/../../../../arm-none-eabi/lib/thumb/v7-m/nofp\libg.a(lib_a-puts.o)
 *fill*         0x0800b886        0x2 
 .rodata._vfprintf_r.str1.4
                0x0800b888       0x42 d:/tool/gcc-arm-none-eabi/gcc-arm-none-eabi-10.3-2021.07/bin/../lib/gcc/arm-none-eabi/10.3.1/../../../../arm-none-eabi/lib/thumb/v7-m/nofp\libg.a(lib_a-vfprintf.o)
 *fill*         0x0800b8ca        0x2 
 .rodata.blanks.1
                0x0800b8cc       0x10 d:/tool/gcc-arm-none-eabi/gcc-arm-none-eabi-10.3-2021.07/bin/../lib/gcc/arm-none-eabi/10.3.1/../../../../arm-none-eabi/lib/thumb/v7-m/nofp\libg.a(lib_a-vfprintf.o)
 .rodata.zeroes.0
                0x0800b8dc       0x10 d:/tool/gcc-arm-none-eabi/gcc-arm-none-eabi-10.3-2021.07/bin/../lib/gcc/arm-none-eabi/10.3.1/../../../../arm-none-eabi/lib/thumb/v7-m/nofp\libg.a(lib_a-vfprintf.o)
 .rodata._dtoa_r.str1.4
                0x0800b8ec       0xa2 d:/tool/gcc-arm-none-eabi/gcc-arm-none-eabi-10.3-2021.07/bin/../lib/gcc/arm-none-eabi/10.3.1/../../../../arm-none-eabi/lib/thumb/v7-m/nofp\libg.a(lib_a-dtoa.o)
                                 0xa6 (size before relaxing)
 *fill*         0x0800b98e        0x2 
 .rodata.__multadd.str1.4
                0x0800b990       0x7f d:/tool/gcc-arm-none-eabi/gcc-arm-none-eabi-10.3-2021.07/bin/../lib/gcc/arm-none-eabi/10.3.1/../../../../arm-none-eabi/lib/thumb/v7-m/nofp\libg.a(lib_a-mprec.o)
                                 0x93 (size before relaxing)
 *fill*         0x0800ba0f        0x1 
 .rodata.__mprec_bigtens
                0x0800ba10       0x28 d:/tool/gcc-arm-none-eabi/gcc-arm-none-eabi-10.3-2021.07/bin/../lib/gcc/arm-none-eabi/10.3.1/../../../../arm-none-eabi/lib/thumb/v7-m/nofp\libg.a(lib_a-mprec.o)
                0x0800ba10                __mprec_bigtens
 .rodata.__mprec_tens
                0x0800ba38       0xc8 d:/tool/gcc-arm-none-eabi/gcc-arm-none-eabi-10.3-2021.07/bin/../lib/gcc/arm-none-eabi/10.3.1/../../../../arm-none-eabi/lib/thumb/v7-m/nofp\libg.a(lib_a-mprec.o)
                0x0800ba38                __mprec_tens
 .rodata.p05.0  0x0800bb00        0xc d:/tool/gcc-arm-none-eabi/gcc-arm-none-eabi-10.3-2021.07/bin/../lib/gcc/arm-none-eabi/10.3.1/../../../../arm-none-eabi/lib/thumb/v7-m/nofp\libg.a(lib_a-mprec.o)
 .rodata._vfiprintf_r.str1.4
                0x0800bb0c       0x2f d:/tool/gcc-arm-none-eabi/gcc-arm-none-eabi-10.3-2021.07/bin/../lib/gcc/arm-none-eabi/10.3.1/../../../../arm-none-eabi/lib/thumb/v7-m/nofp\libg.a(lib_a-vfiprintf.o)
 .rodata.blanks.1
                0x0800bb0c       0x10 d:/tool/gcc-arm-none-eabi/gcc-arm-none-eabi-10.3-2021.07/bin/../lib/gcc/arm-none-eabi/10.3.1/../../../../arm-none-eabi/lib/thumb/v7-m/nofp\libg.a(lib_a-vfiprintf.o)
 .rodata.zeroes.0
                0x0800bb1c       0x10 d:/tool/gcc-arm-none-eabi/gcc-arm-none-eabi-10.3-2021.07/bin/../lib/gcc/arm-none-eabi/10.3.1/../../../../arm-none-eabi/lib/thumb/v7-m/nofp\libg.a(lib_a-vfiprintf.o)
 .rodata.__assert_func.str1.4
                0x0800bb2c       0x3f d:/tool/gcc-arm-none-eabi/gcc-arm-none-eabi-10.3-2021.07/bin/../lib/gcc/arm-none-eabi/10.3.1/../../../../arm-none-eabi/lib/thumb/v7-m/nofp\libg.a(lib_a-assert.o)
                                 0x43 (size before relaxing)
 *fill*         0x0800bb6b        0x1 
 .rodata._setlocale_r.str1.4
                0x0800bb6c        0xa d:/tool/gcc-arm-none-eabi/gcc-arm-none-eabi-10.3-2021.07/bin/../lib/gcc/arm-none-eabi/10.3.1/../../../../arm-none-eabi/lib/thumb/v7-m/nofp\libg.a(lib_a-locale.o)
                                  0xd (size before relaxing)
 *fill*         0x0800bb76        0x2 
 .rodata.str1.4
                0x0800bb78        0x2 d:/tool/gcc-arm-none-eabi/gcc-arm-none-eabi-10.3-2021.07/bin/../lib/gcc/arm-none-eabi/10.3.1/../../../../arm-none-eabi/lib/thumb/v7-m/nofp\libg.a(lib_a-locale.o)
 *fill*         0x0800bb7a        0x2 
 .rodata._ctype_
                0x0800bb7c      0x101 d:/tool/gcc-arm-none-eabi/gcc-arm-none-eabi-10.3-2021.07/bin/../lib/gcc/arm-none-eabi/10.3.1/../../../../arm-none-eabi/lib/thumb/v7-m/nofp\libg.a(lib_a-ctype_.o)
                0x0800bb7c                _ctype_
                0x0800bc80                . = ALIGN (0x4)
 *fill*         0x0800bc7d        0x3 

.ARM.extab      0x0800bc80        0x0
                0x0800bc80                . = ALIGN (0x4)
 *(.ARM.extab* .gnu.linkonce.armextab.*)
                0x0800bc80                . = ALIGN (0x4)

.ARM            0x0800bc80        0x8
                0x0800bc80                . = ALIGN (0x4)
                0x0800bc80                __exidx_start = .
 *(.ARM.exidx*)
 .ARM.exidx     0x0800bc80        0x8 d:/tool/gcc-arm-none-eabi/gcc-arm-none-eabi-10.3-2021.07/bin/../lib/gcc/arm-none-eabi/10.3.1/thumb/v7-m/nofp\libgcc.a(_udivmoddi4.o)
                0x0800bc88                __exidx_end = .
                0x0800bc88                . = ALIGN (0x4)

.rel.dyn        0x0800bc88        0x0
 .rel.iplt      0x0800bc88        0x0 d:/tool/gcc-arm-none-eabi/gcc-arm-none-eabi-10.3-2021.07/bin/../lib/gcc/arm-none-eabi/10.3.1/thumb/v7-m/nofp/crtbegin.o

.preinit_array  0x0800bc88        0x0
                0x0800bc88                . = ALIGN (0x4)
                0x0800bc88                PROVIDE (__preinit_array_start = .)
 *(.preinit_array*)
                0x0800bc88                PROVIDE (__preinit_array_end = .)
                0x0800bc88                . = ALIGN (0x4)

.init_array     0x0800bc88        0x8
                0x0800bc88                . = ALIGN (0x4)
                0x0800bc88                PROVIDE (__init_array_start = .)
 *(SORT_BY_NAME(.init_array.*))
 .init_array.00000
                0x0800bc88        0x4 d:/tool/gcc-arm-none-eabi/gcc-arm-none-eabi-10.3-2021.07/bin/../lib/gcc/arm-none-eabi/10.3.1/../../../../arm-none-eabi/lib/thumb/v7-m/nofp\libg.a(lib_a-__call_atexit.o)
 *(.init_array*)
 .init_array    0x0800bc8c        0x4 d:/tool/gcc-arm-none-eabi/gcc-arm-none-eabi-10.3-2021.07/bin/../lib/gcc/arm-none-eabi/10.3.1/thumb/v7-m/nofp/crtbegin.o
                0x0800bc90                PROVIDE (__init_array_end = .)
                0x0800bc90                . = ALIGN (0x4)

.fini_array     0x0800bc90        0x4
                0x0800bc90                . = ALIGN (0x4)
                0x0800bc90                PROVIDE (__fini_array_start = .)
 *(SORT_BY_NAME(.fini_array.*))
 *(.fini_array*)
 .fini_array    0x0800bc90        0x4 d:/tool/gcc-arm-none-eabi/gcc-arm-none-eabi-10.3-2021.07/bin/../lib/gcc/arm-none-eabi/10.3.1/thumb/v7-m/nofp/crtbegin.o
                0x0800bc94                PROVIDE (__fini_array_end = .)
                0x0800bc94                . = ALIGN (0x4)
                0x0800bc94                _sidata = LOADADDR (.data)

.data           0x20000000      0x9b8 load address 0x0800bc94
                0x20000000                . = ALIGN (0x4)
                0x20000000                _sdata = .
 *(.data)
 *(.data*)
 .data.SystemCoreClock
                0x20000000        0x4 CMakeFiles/ROS_Robot.elf.dir/Core/Src/system_stm32f1xx.c.obj
                0x20000000                SystemCoreClock
 .data.uwTickFreq
                0x20000004        0x1 CMakeFiles/ROS_Robot.elf.dir/Drivers/STM32F1xx_HAL_Driver/Src/stm32f1xx_hal.c.obj
                0x20000004                uwTickFreq
 *fill*         0x20000005        0x3 
 .data.uwTickPrio
                0x20000008        0x4 CMakeFiles/ROS_Robot.elf.dir/Drivers/STM32F1xx_HAL_Driver/Src/stm32f1xx_hal.c.obj
                0x20000008                uwTickPrio
 .data._impure_ptr
                0x2000000c        0x4 d:/tool/gcc-arm-none-eabi/gcc-arm-none-eabi-10.3-2021.07/bin/../lib/gcc/arm-none-eabi/10.3.1/../../../../arm-none-eabi/lib/thumb/v7-m/nofp\libg.a(lib_a-impure.o)
                0x2000000c                _impure_ptr
 .data.impure_data
                0x20000010      0x428 d:/tool/gcc-arm-none-eabi/gcc-arm-none-eabi-10.3-2021.07/bin/../lib/gcc/arm-none-eabi/10.3.1/../../../../arm-none-eabi/lib/thumb/v7-m/nofp\libg.a(lib_a-impure.o)
 .data.__atexit_recursive_mutex
                0x20000438        0x4 d:/tool/gcc-arm-none-eabi/gcc-arm-none-eabi-10.3-2021.07/bin/../lib/gcc/arm-none-eabi/10.3.1/../../../../arm-none-eabi/lib/thumb/v7-m/nofp\libg.a(lib_a-__call_atexit.o)
                0x20000438                __atexit_recursive_mutex
 .data.__malloc_av_
                0x2000043c      0x408 d:/tool/gcc-arm-none-eabi/gcc-arm-none-eabi-10.3-2021.07/bin/../lib/gcc/arm-none-eabi/10.3.1/../../../../arm-none-eabi/lib/thumb/v7-m/nofp\libg.a(lib_a-mallocr.o)
                0x2000043c                __malloc_av_
 .data.__malloc_sbrk_base
                0x20000844        0x4 d:/tool/gcc-arm-none-eabi/gcc-arm-none-eabi-10.3-2021.07/bin/../lib/gcc/arm-none-eabi/10.3.1/../../../../arm-none-eabi/lib/thumb/v7-m/nofp\libg.a(lib_a-mallocr.o)
                0x20000844                __malloc_sbrk_base
 .data.__malloc_trim_threshold
                0x20000848        0x4 d:/tool/gcc-arm-none-eabi/gcc-arm-none-eabi-10.3-2021.07/bin/../lib/gcc/arm-none-eabi/10.3.1/../../../../arm-none-eabi/lib/thumb/v7-m/nofp\libg.a(lib_a-mallocr.o)
                0x20000848                __malloc_trim_threshold
 .data.__global_locale
                0x2000084c      0x16c d:/tool/gcc-arm-none-eabi/gcc-arm-none-eabi-10.3-2021.07/bin/../lib/gcc/arm-none-eabi/10.3.1/../../../../arm-none-eabi/lib/thumb/v7-m/nofp\libg.a(lib_a-locale.o)
                0x2000084c                __global_locale
 *(.RamFunc)
 *(.RamFunc*)
                0x200009b8                . = ALIGN (0x4)
                0x200009b8                _edata = .

.igot.plt       0x200009b8        0x0 load address 0x0800c64c
 .igot.plt      0x200009b8        0x0 d:/tool/gcc-arm-none-eabi/gcc-arm-none-eabi-10.3-2021.07/bin/../lib/gcc/arm-none-eabi/10.3.1/thumb/v7-m/nofp/crtbegin.o
                0x200009b8                . = ALIGN (0x4)

.bss            0x200009b8      0x714 load address 0x0800c64c
                0x200009b8                _sbss = .
                0x200009b8                __bss_start__ = _sbss
 *(.bss)
 .bss           0x200009b8       0x1c d:/tool/gcc-arm-none-eabi/gcc-arm-none-eabi-10.3-2021.07/bin/../lib/gcc/arm-none-eabi/10.3.1/thumb/v7-m/nofp/crtbegin.o
 *(.bss*)
 .bss.angular_velocity
                0x200009d4        0x1 CMakeFiles/ROS_Robot.elf.dir/Core/BSP/MY_main.c.obj
                0x200009d4                angular_velocity
 .bss.frame_received
                0x200009d5        0x1 CMakeFiles/ROS_Robot.elf.dir/Core/BSP/MY_main.c.obj
                0x200009d5                frame_received
 .bss.lidar_distance
                0x200009d6        0x1 CMakeFiles/ROS_Robot.elf.dir/Core/BSP/MY_main.c.obj
                0x200009d6                lidar_distance
 .bss.linear_velocity
                0x200009d7        0x1 CMakeFiles/ROS_Robot.elf.dir/Core/BSP/MY_main.c.obj
                0x200009d7                linear_velocity
 .bss.rx_buffer
                0x200009d8       0x20 CMakeFiles/ROS_Robot.elf.dir/Core/BSP/MY_main.c.obj
                0x200009d8                rx_buffer
 .bss.rx_index  0x200009f8        0x1 CMakeFiles/ROS_Robot.elf.dir/Core/BSP/MY_main.c.obj
                0x200009f8                rx_index
 *fill*         0x200009f9        0x3 
 .bss.OLED_GRAM
                0x200009fc      0x480 CMakeFiles/ROS_Robot.elf.dir/Core/BSP/oled.c.obj
                0x200009fc                OLED_GRAM
 .bss.gHuart    0x20000e7c        0x4 CMakeFiles/ROS_Robot.elf.dir/Core/BSP/retarget.c.obj
                0x20000e7c                gHuart
 .bss.hi2c2     0x20000e80       0x54 CMakeFiles/ROS_Robot.elf.dir/Core/Src/i2c.c.obj
                0x20000e80                hi2c2
 .bss.__sbrk_heap_end
                0x20000ed4        0x4 CMakeFiles/ROS_Robot.elf.dir/Core/Src/sysmem.c.obj
 .bss.htim1     0x20000ed8       0x48 CMakeFiles/ROS_Robot.elf.dir/Core/Src/tim.c.obj
                0x20000ed8                htim1
 .bss.htim2     0x20000f20       0x48 CMakeFiles/ROS_Robot.elf.dir/Core/Src/tim.c.obj
                0x20000f20                htim2
 .bss.htim3     0x20000f68       0x48 CMakeFiles/ROS_Robot.elf.dir/Core/Src/tim.c.obj
                0x20000f68                htim3
 .bss.htim4     0x20000fb0       0x48 CMakeFiles/ROS_Robot.elf.dir/Core/Src/tim.c.obj
                0x20000fb0                htim4
 .bss.huart1    0x20000ff8       0x44 CMakeFiles/ROS_Robot.elf.dir/Core/Src/usart.c.obj
                0x20000ff8                huart1
 .bss.huart2    0x2000103c       0x44 CMakeFiles/ROS_Robot.elf.dir/Core/Src/usart.c.obj
                0x2000103c                huart2
 .bss.uwTick    0x20001080        0x4 CMakeFiles/ROS_Robot.elf.dir/Drivers/STM32F1xx_HAL_Driver/Src/stm32f1xx_hal.c.obj
                0x20001080                uwTick
 .bss.__lock___atexit_recursive_mutex
                0x20001084        0x1 d:/tool/gcc-arm-none-eabi/gcc-arm-none-eabi-10.3-2021.07/bin/../lib/gcc/arm-none-eabi/10.3.1/../../../../arm-none-eabi/lib/thumb/v7-m/nofp\libg.a(lib_a-lock.o)
                0x20001084                __lock___atexit_recursive_mutex
 *fill*         0x20001085        0x3 
 .bss.__lock___malloc_recursive_mutex
                0x20001088        0x1 d:/tool/gcc-arm-none-eabi/gcc-arm-none-eabi-10.3-2021.07/bin/../lib/gcc/arm-none-eabi/10.3.1/../../../../arm-none-eabi/lib/thumb/v7-m/nofp\libg.a(lib_a-lock.o)
                0x20001088                __lock___malloc_recursive_mutex
 *fill*         0x20001089        0x3 
 .bss.__lock___sfp_recursive_mutex
                0x2000108c        0x1 d:/tool/gcc-arm-none-eabi/gcc-arm-none-eabi-10.3-2021.07/bin/../lib/gcc/arm-none-eabi/10.3.1/../../../../arm-none-eabi/lib/thumb/v7-m/nofp\libg.a(lib_a-lock.o)
                0x2000108c                __lock___sfp_recursive_mutex
 *fill*         0x2000108d        0x3 
 .bss.__lock___sinit_recursive_mutex
                0x20001090        0x1 d:/tool/gcc-arm-none-eabi/gcc-arm-none-eabi-10.3-2021.07/bin/../lib/gcc/arm-none-eabi/10.3.1/../../../../arm-none-eabi/lib/thumb/v7-m/nofp\libg.a(lib_a-lock.o)
                0x20001090                __lock___sinit_recursive_mutex
 *fill*         0x20001091        0x3 
 .bss.__malloc_current_mallinfo
                0x20001094       0x28 d:/tool/gcc-arm-none-eabi/gcc-arm-none-eabi-10.3-2021.07/bin/../lib/gcc/arm-none-eabi/10.3.1/../../../../arm-none-eabi/lib/thumb/v7-m/nofp\libg.a(lib_a-mallocr.o)
                0x20001094                __malloc_current_mallinfo
 .bss.__malloc_max_sbrked_mem
                0x200010bc        0x4 d:/tool/gcc-arm-none-eabi/gcc-arm-none-eabi-10.3-2021.07/bin/../lib/gcc/arm-none-eabi/10.3.1/../../../../arm-none-eabi/lib/thumb/v7-m/nofp\libg.a(lib_a-mallocr.o)
                0x200010bc                __malloc_max_sbrked_mem
 .bss.__malloc_max_total_mem
                0x200010c0        0x4 d:/tool/gcc-arm-none-eabi/gcc-arm-none-eabi-10.3-2021.07/bin/../lib/gcc/arm-none-eabi/10.3.1/../../../../arm-none-eabi/lib/thumb/v7-m/nofp\libg.a(lib_a-mallocr.o)
                0x200010c0                __malloc_max_total_mem
 .bss.__malloc_top_pad
                0x200010c4        0x4 d:/tool/gcc-arm-none-eabi/gcc-arm-none-eabi-10.3-2021.07/bin/../lib/gcc/arm-none-eabi/10.3.1/../../../../arm-none-eabi/lib/thumb/v7-m/nofp\libg.a(lib_a-mallocr.o)
                0x200010c4                __malloc_top_pad
 .bss.errno     0x200010c8        0x4 d:/tool/gcc-arm-none-eabi/gcc-arm-none-eabi-10.3-2021.07/bin/../lib/gcc/arm-none-eabi/10.3.1/../../../../arm-none-eabi/lib/thumb/v7-m/nofp\libg.a(lib_a-reent.o)
                0x200010c8                errno
 *(COMMON)
                0x200010cc                . = ALIGN (0x4)
                0x200010cc                _ebss = .
                0x200010cc                __bss_end__ = _ebss

._user_heap_stack
                0x200010cc      0x604 load address 0x0800c64c
                0x200010d0                . = ALIGN (0x8)
 *fill*         0x200010cc        0x4 
                [!provide]                PROVIDE (end = .)
                0x200010d0                PROVIDE (_end = .)
                0x200012d0                . = (. + _Min_Heap_Size)
 *fill*         0x200010d0      0x200 
                0x200016d0                . = (. + _Min_Stack_Size)
 *fill*         0x200012d0      0x400 
                0x200016d0                . = ALIGN (0x8)

/DISCARD/
 libc.a(*)
 libm.a(*)
 libgcc.a(*)

.ARM.attributes
                0x00000000       0x29
 *(.ARM.attributes)
 .ARM.attributes
                0x00000000       0x1d d:/tool/gcc-arm-none-eabi/gcc-arm-none-eabi-10.3-2021.07/bin/../lib/gcc/arm-none-eabi/10.3.1/thumb/v7-m/nofp/crti.o
 .ARM.attributes
                0x0000001d       0x2d d:/tool/gcc-arm-none-eabi/gcc-arm-none-eabi-10.3-2021.07/bin/../lib/gcc/arm-none-eabi/10.3.1/thumb/v7-m/nofp/crtbegin.o
 .ARM.attributes
                0x0000004a       0x2d CMakeFiles/ROS_Robot.elf.dir/Core/BSP/Encoder.c.obj
 .ARM.attributes
                0x00000077       0x2d CMakeFiles/ROS_Robot.elf.dir/Core/BSP/MY_main.c.obj
 .ARM.attributes
                0x000000a4       0x2d CMakeFiles/ROS_Robot.elf.dir/Core/BSP/Motor.c.obj
 .ARM.attributes
                0x000000d1       0x2d CMakeFiles/ROS_Robot.elf.dir/Core/BSP/Servo.c.obj
 .ARM.attributes
                0x000000fe       0x2d CMakeFiles/ROS_Robot.elf.dir/Core/BSP/oled.c.obj
 .ARM.attributes
                0x0000012b       0x2d CMakeFiles/ROS_Robot.elf.dir/Core/BSP/retarget.c.obj
 .ARM.attributes
                0x00000158       0x2d CMakeFiles/ROS_Robot.elf.dir/Core/Src/gpio.c.obj
 .ARM.attributes
                0x00000185       0x2d CMakeFiles/ROS_Robot.elf.dir/Core/Src/i2c.c.obj
 .ARM.attributes
                0x000001b2       0x2d CMakeFiles/ROS_Robot.elf.dir/Core/Src/main.c.obj
 .ARM.attributes
                0x000001df       0x2d CMakeFiles/ROS_Robot.elf.dir/Core/Src/stm32f1xx_hal_msp.c.obj
 .ARM.attributes
                0x0000020c       0x2d CMakeFiles/ROS_Robot.elf.dir/Core/Src/stm32f1xx_it.c.obj
 .ARM.attributes
                0x00000239       0x2d CMakeFiles/ROS_Robot.elf.dir/Core/Src/syscalls.c.obj
 .ARM.attributes
                0x00000266       0x2d CMakeFiles/ROS_Robot.elf.dir/Core/Src/sysmem.c.obj
 .ARM.attributes
                0x00000293       0x2d CMakeFiles/ROS_Robot.elf.dir/Core/Src/system_stm32f1xx.c.obj
 .ARM.attributes
                0x000002c0       0x2d CMakeFiles/ROS_Robot.elf.dir/Core/Src/tim.c.obj
 .ARM.attributes
                0x000002ed       0x2d CMakeFiles/ROS_Robot.elf.dir/Core/Src/usart.c.obj
 .ARM.attributes
                0x0000031a       0x21 CMakeFiles/ROS_Robot.elf.dir/Core/Startup/startup_stm32f103cbtx.s.obj
 .ARM.attributes
                0x0000033b       0x2d CMakeFiles/ROS_Robot.elf.dir/Drivers/STM32F1xx_HAL_Driver/Src/stm32f1xx_hal.c.obj
 .ARM.attributes
                0x00000368       0x2d CMakeFiles/ROS_Robot.elf.dir/Drivers/STM32F1xx_HAL_Driver/Src/stm32f1xx_hal_cortex.c.obj
 .ARM.attributes
                0x00000395       0x2d CMakeFiles/ROS_Robot.elf.dir/Drivers/STM32F1xx_HAL_Driver/Src/stm32f1xx_hal_dma.c.obj
 .ARM.attributes
                0x000003c2       0x2d CMakeFiles/ROS_Robot.elf.dir/Drivers/STM32F1xx_HAL_Driver/Src/stm32f1xx_hal_gpio.c.obj
 .ARM.attributes
                0x000003ef       0x2d CMakeFiles/ROS_Robot.elf.dir/Drivers/STM32F1xx_HAL_Driver/Src/stm32f1xx_hal_i2c.c.obj
 .ARM.attributes
                0x0000041c       0x2d CMakeFiles/ROS_Robot.elf.dir/Drivers/STM32F1xx_HAL_Driver/Src/stm32f1xx_hal_rcc.c.obj
 .ARM.attributes
                0x00000449       0x2d CMakeFiles/ROS_Robot.elf.dir/Drivers/STM32F1xx_HAL_Driver/Src/stm32f1xx_hal_tim.c.obj
 .ARM.attributes
                0x00000476       0x2d CMakeFiles/ROS_Robot.elf.dir/Drivers/STM32F1xx_HAL_Driver/Src/stm32f1xx_hal_tim_ex.c.obj
 .ARM.attributes
                0x000004a3       0x2d CMakeFiles/ROS_Robot.elf.dir/Drivers/STM32F1xx_HAL_Driver/Src/stm32f1xx_hal_uart.c.obj
 .ARM.attributes
                0x000004d0       0x2d d:/tool/gcc-arm-none-eabi/gcc-arm-none-eabi-10.3-2021.07/bin/../lib/gcc/arm-none-eabi/10.3.1/../../../../arm-none-eabi/lib/thumb/v7-m/nofp\libg.a(lib_a-errno.o)
 .ARM.attributes
                0x000004fd       0x2d d:/tool/gcc-arm-none-eabi/gcc-arm-none-eabi-10.3-2021.07/bin/../lib/gcc/arm-none-eabi/10.3.1/../../../../arm-none-eabi/lib/thumb/v7-m/nofp\libg.a(lib_a-impure.o)
 .ARM.attributes
                0x0000052a       0x2d d:/tool/gcc-arm-none-eabi/gcc-arm-none-eabi-10.3-2021.07/bin/../lib/gcc/arm-none-eabi/10.3.1/../../../../arm-none-eabi/lib/thumb/v7-m/nofp\libg.a(lib_a-init.o)
 .ARM.attributes
                0x00000557       0x2d d:/tool/gcc-arm-none-eabi/gcc-arm-none-eabi-10.3-2021.07/bin/../lib/gcc/arm-none-eabi/10.3.1/../../../../arm-none-eabi/lib/thumb/v7-m/nofp\libg.a(lib_a-memset.o)
 .ARM.attributes
                0x00000584       0x2d d:/tool/gcc-arm-none-eabi/gcc-arm-none-eabi-10.3-2021.07/bin/../lib/gcc/arm-none-eabi/10.3.1/../../../../arm-none-eabi/lib/thumb/v7-m/nofp\libg.a(lib_a-printf.o)
 .ARM.attributes
                0x000005b1       0x2d d:/tool/gcc-arm-none-eabi/gcc-arm-none-eabi-10.3-2021.07/bin/../lib/gcc/arm-none-eabi/10.3.1/../../../../arm-none-eabi/lib/thumb/v7-m/nofp\libg.a(lib_a-puts.o)
 .ARM.attributes
                0x000005de       0x2d d:/tool/gcc-arm-none-eabi/gcc-arm-none-eabi-10.3-2021.07/bin/../lib/gcc/arm-none-eabi/10.3.1/../../../../arm-none-eabi/lib/thumb/v7-m/nofp\libg.a(lib_a-setvbuf.o)
 .ARM.attributes
                0x0000060b       0x2d d:/tool/gcc-arm-none-eabi/gcc-arm-none-eabi-10.3-2021.07/bin/../lib/gcc/arm-none-eabi/10.3.1/../../../../arm-none-eabi/lib/thumb/v7-m/nofp\libg.a(lib_a-strlen-stub.o)
 .ARM.attributes
                0x00000638       0x2d d:/tool/gcc-arm-none-eabi/gcc-arm-none-eabi-10.3-2021.07/bin/../lib/gcc/arm-none-eabi/10.3.1/../../../../arm-none-eabi/lib/thumb/v7-m/nofp\libg.a(lib_a-vfprintf.o)
 .ARM.attributes
                0x00000665       0x2d d:/tool/gcc-arm-none-eabi/gcc-arm-none-eabi-10.3-2021.07/bin/../lib/gcc/arm-none-eabi/10.3.1/../../../../arm-none-eabi/lib/thumb/v7-m/nofp\libg.a(lib_a-wsetup.o)
 .ARM.attributes
                0x00000692       0x2d d:/tool/gcc-arm-none-eabi/gcc-arm-none-eabi-10.3-2021.07/bin/../lib/gcc/arm-none-eabi/10.3.1/../../../../arm-none-eabi/lib/thumb/v7-m/nofp\libg.a(lib_a-__call_atexit.o)
 .ARM.attributes
                0x000006bf       0x2d d:/tool/gcc-arm-none-eabi/gcc-arm-none-eabi-10.3-2021.07/bin/../lib/gcc/arm-none-eabi/10.3.1/../../../../arm-none-eabi/lib/thumb/v7-m/nofp\libg.a(lib_a-atexit.o)
 .ARM.attributes
                0x000006ec       0x2d d:/tool/gcc-arm-none-eabi/gcc-arm-none-eabi-10.3-2021.07/bin/../lib/gcc/arm-none-eabi/10.3.1/../../../../arm-none-eabi/lib/thumb/v7-m/nofp\libg.a(lib_a-dtoa.o)
 .ARM.attributes
                0x00000719       0x2d d:/tool/gcc-arm-none-eabi/gcc-arm-none-eabi-10.3-2021.07/bin/../lib/gcc/arm-none-eabi/10.3.1/../../../../arm-none-eabi/lib/thumb/v7-m/nofp\libg.a(lib_a-fflush.o)
 .ARM.attributes
                0x00000746       0x2d d:/tool/gcc-arm-none-eabi/gcc-arm-none-eabi-10.3-2021.07/bin/../lib/gcc/arm-none-eabi/10.3.1/../../../../arm-none-eabi/lib/thumb/v7-m/nofp\libg.a(lib_a-findfp.o)
 .ARM.attributes
                0x00000773       0x2d d:/tool/gcc-arm-none-eabi/gcc-arm-none-eabi-10.3-2021.07/bin/../lib/gcc/arm-none-eabi/10.3.1/../../../../arm-none-eabi/lib/thumb/v7-m/nofp\libg.a(lib_a-fini.o)
 .ARM.attributes
                0x000007a0       0x2d d:/tool/gcc-arm-none-eabi/gcc-arm-none-eabi-10.3-2021.07/bin/../lib/gcc/arm-none-eabi/10.3.1/../../../../arm-none-eabi/lib/thumb/v7-m/nofp\libg.a(lib_a-freer.o)
 .ARM.attributes
                0x000007cd       0x2d d:/tool/gcc-arm-none-eabi/gcc-arm-none-eabi-10.3-2021.07/bin/../lib/gcc/arm-none-eabi/10.3.1/../../../../arm-none-eabi/lib/thumb/v7-m/nofp\libg.a(lib_a-fvwrite.o)
 .ARM.attributes
                0x000007fa       0x2d d:/tool/gcc-arm-none-eabi/gcc-arm-none-eabi-10.3-2021.07/bin/../lib/gcc/arm-none-eabi/10.3.1/../../../../arm-none-eabi/lib/thumb/v7-m/nofp\libg.a(lib_a-fwalk.o)
 .ARM.attributes
                0x00000827       0x2d d:/tool/gcc-arm-none-eabi/gcc-arm-none-eabi-10.3-2021.07/bin/../lib/gcc/arm-none-eabi/10.3.1/../../../../arm-none-eabi/lib/thumb/v7-m/nofp\libg.a(lib_a-localeconv.o)
 .ARM.attributes
                0x00000854       0x2d d:/tool/gcc-arm-none-eabi/gcc-arm-none-eabi-10.3-2021.07/bin/../lib/gcc/arm-none-eabi/10.3.1/../../../../arm-none-eabi/lib/thumb/v7-m/nofp\libg.a(lib_a-lock.o)
 .ARM.attributes
                0x00000881       0x2d d:/tool/gcc-arm-none-eabi/gcc-arm-none-eabi-10.3-2021.07/bin/../lib/gcc/arm-none-eabi/10.3.1/../../../../arm-none-eabi/lib/thumb/v7-m/nofp\libg.a(lib_a-makebuf.o)
 .ARM.attributes
                0x000008ae       0x2d d:/tool/gcc-arm-none-eabi/gcc-arm-none-eabi-10.3-2021.07/bin/../lib/gcc/arm-none-eabi/10.3.1/../../../../arm-none-eabi/lib/thumb/v7-m/nofp\libg.a(lib_a-malloc.o)
 .ARM.attributes
                0x000008db       0x2d d:/tool/gcc-arm-none-eabi/gcc-arm-none-eabi-10.3-2021.07/bin/../lib/gcc/arm-none-eabi/10.3.1/../../../../arm-none-eabi/lib/thumb/v7-m/nofp\libg.a(lib_a-mallocr.o)
 .ARM.attributes
                0x00000908       0x2d d:/tool/gcc-arm-none-eabi/gcc-arm-none-eabi-10.3-2021.07/bin/../lib/gcc/arm-none-eabi/10.3.1/../../../../arm-none-eabi/lib/thumb/v7-m/nofp\libg.a(lib_a-memchr-stub.o)
 .ARM.attributes
                0x00000935       0x1b d:/tool/gcc-arm-none-eabi/gcc-arm-none-eabi-10.3-2021.07/bin/../lib/gcc/arm-none-eabi/10.3.1/../../../../arm-none-eabi/lib/thumb/v7-m/nofp\libg.a(lib_a-memcpy.o)
 .ARM.attributes
                0x00000950       0x2d d:/tool/gcc-arm-none-eabi/gcc-arm-none-eabi-10.3-2021.07/bin/../lib/gcc/arm-none-eabi/10.3.1/../../../../arm-none-eabi/lib/thumb/v7-m/nofp\libg.a(lib_a-memmove.o)
 .ARM.attributes
                0x0000097d       0x2d d:/tool/gcc-arm-none-eabi/gcc-arm-none-eabi-10.3-2021.07/bin/../lib/gcc/arm-none-eabi/10.3.1/../../../../arm-none-eabi/lib/thumb/v7-m/nofp\libg.a(lib_a-mlock.o)
 .ARM.attributes
                0x000009aa       0x2d d:/tool/gcc-arm-none-eabi/gcc-arm-none-eabi-10.3-2021.07/bin/../lib/gcc/arm-none-eabi/10.3.1/../../../../arm-none-eabi/lib/thumb/v7-m/nofp\libg.a(lib_a-mprec.o)
 .ARM.attributes
                0x000009d7       0x2d d:/tool/gcc-arm-none-eabi/gcc-arm-none-eabi-10.3-2021.07/bin/../lib/gcc/arm-none-eabi/10.3.1/../../../../arm-none-eabi/lib/thumb/v7-m/nofp\libg.a(lib_a-reallocr.o)
 .ARM.attributes
                0x00000a04       0x2d d:/tool/gcc-arm-none-eabi/gcc-arm-none-eabi-10.3-2021.07/bin/../lib/gcc/arm-none-eabi/10.3.1/../../../../arm-none-eabi/lib/thumb/v7-m/nofp\libg.a(lib_a-s_frexp.o)
 .ARM.attributes
                0x00000a31       0x2d d:/tool/gcc-arm-none-eabi/gcc-arm-none-eabi-10.3-2021.07/bin/../lib/gcc/arm-none-eabi/10.3.1/../../../../arm-none-eabi/lib/thumb/v7-m/nofp\libg.a(lib_a-sbrkr.o)
 .ARM.attributes
                0x00000a5e       0x2d d:/tool/gcc-arm-none-eabi/gcc-arm-none-eabi-10.3-2021.07/bin/../lib/gcc/arm-none-eabi/10.3.1/../../../../arm-none-eabi/lib/thumb/v7-m/nofp\libg.a(lib_a-stdio.o)
 .ARM.attributes
                0x00000a8b       0x2d d:/tool/gcc-arm-none-eabi/gcc-arm-none-eabi-10.3-2021.07/bin/../lib/gcc/arm-none-eabi/10.3.1/../../../../arm-none-eabi/lib/thumb/v7-m/nofp\libg.a(lib_a-strncpy.o)
 .ARM.attributes
                0x00000ab8       0x2d d:/tool/gcc-arm-none-eabi/gcc-arm-none-eabi-10.3-2021.07/bin/../lib/gcc/arm-none-eabi/10.3.1/../../../../arm-none-eabi/lib/thumb/v7-m/nofp\libg.a(lib_a-vfiprintf.o)
 .ARM.attributes
                0x00000ae5       0x2d d:/tool/gcc-arm-none-eabi/gcc-arm-none-eabi-10.3-2021.07/bin/../lib/gcc/arm-none-eabi/10.3.1/../../../../arm-none-eabi/lib/thumb/v7-m/nofp\libg.a(lib_a-writer.o)
 .ARM.attributes
                0x00000b12       0x2d d:/tool/gcc-arm-none-eabi/gcc-arm-none-eabi-10.3-2021.07/bin/../lib/gcc/arm-none-eabi/10.3.1/../../../../arm-none-eabi/lib/thumb/v7-m/nofp\libg.a(lib_a-__atexit.o)
 .ARM.attributes
                0x00000b3f       0x2d d:/tool/gcc-arm-none-eabi/gcc-arm-none-eabi-10.3-2021.07/bin/../lib/gcc/arm-none-eabi/10.3.1/../../../../arm-none-eabi/lib/thumb/v7-m/nofp\libg.a(lib_a-assert.o)
 .ARM.attributes
                0x00000b6c       0x2d d:/tool/gcc-arm-none-eabi/gcc-arm-none-eabi-10.3-2021.07/bin/../lib/gcc/arm-none-eabi/10.3.1/../../../../arm-none-eabi/lib/thumb/v7-m/nofp\libg.a(lib_a-callocr.o)
 .ARM.attributes
                0x00000b99       0x2d d:/tool/gcc-arm-none-eabi/gcc-arm-none-eabi-10.3-2021.07/bin/../lib/gcc/arm-none-eabi/10.3.1/../../../../arm-none-eabi/lib/thumb/v7-m/nofp\libg.a(lib_a-closer.o)
 .ARM.attributes
                0x00000bc6       0x2d d:/tool/gcc-arm-none-eabi/gcc-arm-none-eabi-10.3-2021.07/bin/../lib/gcc/arm-none-eabi/10.3.1/../../../../arm-none-eabi/lib/thumb/v7-m/nofp\libg.a(lib_a-fclose.o)
 .ARM.attributes
                0x00000bf3       0x2d d:/tool/gcc-arm-none-eabi/gcc-arm-none-eabi-10.3-2021.07/bin/../lib/gcc/arm-none-eabi/10.3.1/../../../../arm-none-eabi/lib/thumb/v7-m/nofp\libg.a(lib_a-fiprintf.o)
 .ARM.attributes
                0x00000c20       0x2d d:/tool/gcc-arm-none-eabi/gcc-arm-none-eabi-10.3-2021.07/bin/../lib/gcc/arm-none-eabi/10.3.1/../../../../arm-none-eabi/lib/thumb/v7-m/nofp\libg.a(lib_a-fputwc.o)
 .ARM.attributes
                0x00000c4d       0x2d d:/tool/gcc-arm-none-eabi/gcc-arm-none-eabi-10.3-2021.07/bin/../lib/gcc/arm-none-eabi/10.3.1/../../../../arm-none-eabi/lib/thumb/v7-m/nofp\libg.a(lib_a-fstatr.o)
 .ARM.attributes
                0x00000c7a       0x2d d:/tool/gcc-arm-none-eabi/gcc-arm-none-eabi-10.3-2021.07/bin/../lib/gcc/arm-none-eabi/10.3.1/../../../../arm-none-eabi/lib/thumb/v7-m/nofp\libg.a(lib_a-isattyr.o)
 .ARM.attributes
                0x00000ca7       0x2d d:/tool/gcc-arm-none-eabi/gcc-arm-none-eabi-10.3-2021.07/bin/../lib/gcc/arm-none-eabi/10.3.1/../../../../arm-none-eabi/lib/thumb/v7-m/nofp\libg.a(lib_a-locale.o)
 .ARM.attributes
                0x00000cd4       0x2d d:/tool/gcc-arm-none-eabi/gcc-arm-none-eabi-10.3-2021.07/bin/../lib/gcc/arm-none-eabi/10.3.1/../../../../arm-none-eabi/lib/thumb/v7-m/nofp\libg.a(lib_a-lseekr.o)
 .ARM.attributes
                0x00000d01       0x2d d:/tool/gcc-arm-none-eabi/gcc-arm-none-eabi-10.3-2021.07/bin/../lib/gcc/arm-none-eabi/10.3.1/../../../../arm-none-eabi/lib/thumb/v7-m/nofp\libg.a(lib_a-mbtowc_r.o)
 .ARM.attributes
                0x00000d2e       0x2d d:/tool/gcc-arm-none-eabi/gcc-arm-none-eabi-10.3-2021.07/bin/../lib/gcc/arm-none-eabi/10.3.1/../../../../arm-none-eabi/lib/thumb/v7-m/nofp\libg.a(lib_a-readr.o)
 .ARM.attributes
                0x00000d5b       0x2d d:/tool/gcc-arm-none-eabi/gcc-arm-none-eabi-10.3-2021.07/bin/../lib/gcc/arm-none-eabi/10.3.1/../../../../arm-none-eabi/lib/thumb/v7-m/nofp\libg.a(lib_a-reent.o)
 .ARM.attributes
                0x00000d88       0x2d d:/tool/gcc-arm-none-eabi/gcc-arm-none-eabi-10.3-2021.07/bin/../lib/gcc/arm-none-eabi/10.3.1/../../../../arm-none-eabi/lib/thumb/v7-m/nofp\libg.a(lib_a-wbuf.o)
 .ARM.attributes
                0x00000db5       0x2d d:/tool/gcc-arm-none-eabi/gcc-arm-none-eabi-10.3-2021.07/bin/../lib/gcc/arm-none-eabi/10.3.1/../../../../arm-none-eabi/lib/thumb/v7-m/nofp\libg.a(lib_a-wcrtomb.o)
 .ARM.attributes
                0x00000de2       0x2d d:/tool/gcc-arm-none-eabi/gcc-arm-none-eabi-10.3-2021.07/bin/../lib/gcc/arm-none-eabi/10.3.1/../../../../arm-none-eabi/lib/thumb/v7-m/nofp\libg.a(lib_a-wctomb_r.o)
 .ARM.attributes
                0x00000e0f       0x2d d:/tool/gcc-arm-none-eabi/gcc-arm-none-eabi-10.3-2021.07/bin/../lib/gcc/arm-none-eabi/10.3.1/../../../../arm-none-eabi/lib/thumb/v7-m/nofp\libg.a(lib_a-abort.o)
 .ARM.attributes
                0x00000e3c       0x2d d:/tool/gcc-arm-none-eabi/gcc-arm-none-eabi-10.3-2021.07/bin/../lib/gcc/arm-none-eabi/10.3.1/../../../../arm-none-eabi/lib/thumb/v7-m/nofp\libg.a(lib_a-ctype_.o)
 .ARM.attributes
                0x00000e69       0x2d d:/tool/gcc-arm-none-eabi/gcc-arm-none-eabi-10.3-2021.07/bin/../lib/gcc/arm-none-eabi/10.3.1/../../../../arm-none-eabi/lib/thumb/v7-m/nofp\libg.a(lib_a-signal.o)
 .ARM.attributes
                0x00000e96       0x2d d:/tool/gcc-arm-none-eabi/gcc-arm-none-eabi-10.3-2021.07/bin/../lib/gcc/arm-none-eabi/10.3.1/../../../../arm-none-eabi/lib/thumb/v7-m/nofp\libg.a(lib_a-signalr.o)
 .ARM.attributes
                0x00000ec3       0x1d d:/tool/gcc-arm-none-eabi/gcc-arm-none-eabi-10.3-2021.07/bin/../lib/gcc/arm-none-eabi/10.3.1/thumb/v7-m/nofp\libgcc.a(_arm_addsubdf3.o)
 .ARM.attributes
                0x00000ee0       0x1d d:/tool/gcc-arm-none-eabi/gcc-arm-none-eabi-10.3-2021.07/bin/../lib/gcc/arm-none-eabi/10.3.1/thumb/v7-m/nofp\libgcc.a(_arm_muldivdf3.o)
 .ARM.attributes
                0x00000efd       0x1d d:/tool/gcc-arm-none-eabi/gcc-arm-none-eabi-10.3-2021.07/bin/../lib/gcc/arm-none-eabi/10.3.1/thumb/v7-m/nofp\libgcc.a(_arm_cmpdf2.o)
 .ARM.attributes
                0x00000f1a       0x1d d:/tool/gcc-arm-none-eabi/gcc-arm-none-eabi-10.3-2021.07/bin/../lib/gcc/arm-none-eabi/10.3.1/thumb/v7-m/nofp\libgcc.a(_arm_unorddf2.o)
 .ARM.attributes
                0x00000f37       0x1d d:/tool/gcc-arm-none-eabi/gcc-arm-none-eabi-10.3-2021.07/bin/../lib/gcc/arm-none-eabi/10.3.1/thumb/v7-m/nofp\libgcc.a(_arm_fixdfsi.o)
 .ARM.attributes
                0x00000f54       0x1d d:/tool/gcc-arm-none-eabi/gcc-arm-none-eabi-10.3-2021.07/bin/../lib/gcc/arm-none-eabi/10.3.1/thumb/v7-m/nofp\libgcc.a(_aeabi_uldivmod.o)
 .ARM.attributes
                0x00000f71       0x2d d:/tool/gcc-arm-none-eabi/gcc-arm-none-eabi-10.3-2021.07/bin/../lib/gcc/arm-none-eabi/10.3.1/thumb/v7-m/nofp\libgcc.a(_udivmoddi4.o)
 .ARM.attributes
                0x00000f9e       0x1d d:/tool/gcc-arm-none-eabi/gcc-arm-none-eabi-10.3-2021.07/bin/../lib/gcc/arm-none-eabi/10.3.1/thumb/v7-m/nofp\libgcc.a(_dvmd_tls.o)
 .ARM.attributes
                0x00000fbb       0x1d d:/tool/gcc-arm-none-eabi/gcc-arm-none-eabi-10.3-2021.07/bin/../lib/gcc/arm-none-eabi/10.3.1/thumb/v7-m/nofp/crtn.o
OUTPUT(ROS_Robot.elf elf32-littlearm)
LOAD linker stubs
LOAD d:/tool/gcc-arm-none-eabi/gcc-arm-none-eabi-10.3-2021.07/bin/../lib/gcc/arm-none-eabi/10.3.1/../../../../arm-none-eabi/lib/thumb/v7-m/nofp\libc.a
LOAD d:/tool/gcc-arm-none-eabi/gcc-arm-none-eabi-10.3-2021.07/bin/../lib/gcc/arm-none-eabi/10.3.1/../../../../arm-none-eabi/lib/thumb/v7-m/nofp\libm.a