Archive member included to satisfy reference by file (symbol)

d:/tool/gcc-arm-none-eabi/gcc-arm-none-eabi-10.3-2021.07/bin/../lib/gcc/arm-none-eabi/10.3.1/../../../../arm-none-eabi/lib/thumb/v7-m/nofp\libg.a(lib_a-errno.o)
                              CMakeFiles/ROS_Robot.elf.dir/Core/BSP/retarget.c.obj (__errno)
d:/tool/gcc-arm-none-eabi/gcc-arm-none-eabi-10.3-2021.07/bin/../lib/gcc/arm-none-eabi/10.3.1/../../../../arm-none-eabi/lib/thumb/v7-m/nofp\libg.a(lib_a-exit.o)
                              d:/tool/gcc-arm-none-eabi/gcc-arm-none-eabi-10.3-2021.07/bin/../lib/gcc/arm-none-eabi/10.3.1/../../../../arm-none-eabi/lib/thumb/v7-m/nofp/crt0.o (exit)
d:/tool/gcc-arm-none-eabi/gcc-arm-none-eabi-10.3-2021.07/bin/../lib/gcc/arm-none-eabi/10.3.1/../../../../arm-none-eabi/lib/thumb/v7-m/nofp\libg.a(lib_a-impure.o)
                              d:/tool/gcc-arm-none-eabi/gcc-arm-none-eabi-10.3-2021.07/bin/../lib/gcc/arm-none-eabi/10.3.1/../../../../arm-none-eabi/lib/thumb/v7-m/nofp\libg.a(lib_a-exit.o) (_global_impure_ptr)
d:/tool/gcc-arm-none-eabi/gcc-arm-none-eabi-10.3-2021.07/bin/../lib/gcc/arm-none-eabi/10.3.1/../../../../arm-none-eabi/lib/thumb/v7-m/nofp\libg.a(lib_a-init.o)
                              d:/tool/gcc-arm-none-eabi/gcc-arm-none-eabi-10.3-2021.07/bin/../lib/gcc/arm-none-eabi/10.3.1/../../../../arm-none-eabi/lib/thumb/v7-m/nofp/crt0.o (__libc_init_array)
d:/tool/gcc-arm-none-eabi/gcc-arm-none-eabi-10.3-2021.07/bin/../lib/gcc/arm-none-eabi/10.3.1/../../../../arm-none-eabi/lib/thumb/v7-m/nofp\libg.a(lib_a-memset.o)
                              d:/tool/gcc-arm-none-eabi/gcc-arm-none-eabi-10.3-2021.07/bin/../lib/gcc/arm-none-eabi/10.3.1/../../../../arm-none-eabi/lib/thumb/v7-m/nofp/crt0.o (memset)
d:/tool/gcc-arm-none-eabi/gcc-arm-none-eabi-10.3-2021.07/bin/../lib/gcc/arm-none-eabi/10.3.1/../../../../arm-none-eabi/lib/thumb/v7-m/nofp\libg.a(lib_a-printf.o)
                              CMakeFiles/ROS_Robot.elf.dir/Core/Src/main.c.obj (printf)
d:/tool/gcc-arm-none-eabi/gcc-arm-none-eabi-10.3-2021.07/bin/../lib/gcc/arm-none-eabi/10.3.1/../../../../arm-none-eabi/lib/thumb/v7-m/nofp\libg.a(lib_a-puts.o)
                              CMakeFiles/ROS_Robot.elf.dir/Core/BSP/Motor.c.obj (puts)
d:/tool/gcc-arm-none-eabi/gcc-arm-none-eabi-10.3-2021.07/bin/../lib/gcc/arm-none-eabi/10.3.1/../../../../arm-none-eabi/lib/thumb/v7-m/nofp\libg.a(lib_a-setvbuf.o)
                              CMakeFiles/ROS_Robot.elf.dir/Core/BSP/retarget.c.obj (setvbuf)
d:/tool/gcc-arm-none-eabi/gcc-arm-none-eabi-10.3-2021.07/bin/../lib/gcc/arm-none-eabi/10.3.1/../../../../arm-none-eabi/lib/thumb/v7-m/nofp\libg.a(lib_a-strlen-stub.o)
                              d:/tool/gcc-arm-none-eabi/gcc-arm-none-eabi-10.3-2021.07/bin/../lib/gcc/arm-none-eabi/10.3.1/../../../../arm-none-eabi/lib/thumb/v7-m/nofp\libg.a(lib_a-puts.o) (strlen)
d:/tool/gcc-arm-none-eabi/gcc-arm-none-eabi-10.3-2021.07/bin/../lib/gcc/arm-none-eabi/10.3.1/../../../../arm-none-eabi/lib/thumb/v7-m/nofp\libg.a(lib_a-vfprintf.o)
                              d:/tool/gcc-arm-none-eabi/gcc-arm-none-eabi-10.3-2021.07/bin/../lib/gcc/arm-none-eabi/10.3.1/../../../../arm-none-eabi/lib/thumb/v7-m/nofp\libg.a(lib_a-printf.o) (_vfprintf_r)
d:/tool/gcc-arm-none-eabi/gcc-arm-none-eabi-10.3-2021.07/bin/../lib/gcc/arm-none-eabi/10.3.1/../../../../arm-none-eabi/lib/thumb/v7-m/nofp\libg.a(lib_a-wsetup.o)
                              d:/tool/gcc-arm-none-eabi/gcc-arm-none-eabi-10.3-2021.07/bin/../lib/gcc/arm-none-eabi/10.3.1/../../../../arm-none-eabi/lib/thumb/v7-m/nofp\libg.a(lib_a-vfprintf.o) (__swsetup_r)
d:/tool/gcc-arm-none-eabi/gcc-arm-none-eabi-10.3-2021.07/bin/../lib/gcc/arm-none-eabi/10.3.1/../../../../arm-none-eabi/lib/thumb/v7-m/nofp\libg.a(lib_a-__call_atexit.o)
                              d:/tool/gcc-arm-none-eabi/gcc-arm-none-eabi-10.3-2021.07/bin/../lib/gcc/arm-none-eabi/10.3.1/../../../../arm-none-eabi/lib/thumb/v7-m/nofp\libg.a(lib_a-exit.o) (__call_exitprocs)
d:/tool/gcc-arm-none-eabi/gcc-arm-none-eabi-10.3-2021.07/bin/../lib/gcc/arm-none-eabi/10.3.1/../../../../arm-none-eabi/lib/thumb/v7-m/nofp\libg.a(lib_a-atexit.o)
                              d:/tool/gcc-arm-none-eabi/gcc-arm-none-eabi-10.3-2021.07/bin/../lib/gcc/arm-none-eabi/10.3.1/../../../../arm-none-eabi/lib/thumb/v7-m/nofp\libg.a(lib_a-__call_atexit.o) (atexit)
d:/tool/gcc-arm-none-eabi/gcc-arm-none-eabi-10.3-2021.07/bin/../lib/gcc/arm-none-eabi/10.3.1/../../../../arm-none-eabi/lib/thumb/v7-m/nofp\libg.a(lib_a-dtoa.o)
                              d:/tool/gcc-arm-none-eabi/gcc-arm-none-eabi-10.3-2021.07/bin/../lib/gcc/arm-none-eabi/10.3.1/../../../../arm-none-eabi/lib/thumb/v7-m/nofp\libg.a(lib_a-vfprintf.o) (_dtoa_r)
d:/tool/gcc-arm-none-eabi/gcc-arm-none-eabi-10.3-2021.07/bin/../lib/gcc/arm-none-eabi/10.3.1/../../../../arm-none-eabi/lib/thumb/v7-m/nofp\libg.a(lib_a-fflush.o)
[...]
Memory Configuration

Name             Origin             Length             Attributes
RAM              0x20000000         0x00005000         xrw
FLASH            0x08000000         0x00020000         xr
*default*        0x00000000         0xffffffff

Linker script and memory map

LOAD d:/tool/gcc-arm-none-eabi/gcc-arm-none-eabi-10.3-2021.07/bin/../lib/gcc/arm-none-eabi/10.3.1/thumb/v7-m/nofp/crti.o
LOAD d:/tool/gcc-arm-none-eabi/gcc-arm-none-eabi-10.3-2021.07/bin/../lib/gcc/arm-none-eabi/10.3.1/thumb/v7-m/nofp/crtbegin.o
LOAD d:/tool/gcc-arm-none-eabi/gcc-arm-none-eabi-10.3-2021.07/bin/../lib/gcc/arm-none-eabi/10.3.1/../../../../arm-none-eabi/lib/thumb/v7-m/nofp/crt0.o
LOAD CMakeFiles/ROS_Robot.elf.dir/Core/BSP/Encoder.c.obj
LOAD CMakeFiles/ROS_Robot.elf.dir/Core/BSP/Key.c.obj
LOAD CMakeFiles/ROS_Robot.elf.dir/Core/BSP/MY_usart.c.obj
LOAD CMakeFiles/ROS_Robot.elf.dir/Core/BSP/Motor.c.obj
LOAD CMakeFiles/ROS_Robot.elf.dir/Core/BSP/Servo.c.obj
LOAD CMakeFiles/ROS_Robot.elf.dir/Core/BSP/oled.c.obj
LOAD CMakeFiles/ROS_Robot.elf.dir/Core/BSP/retarget.c.obj
LOAD CMakeFiles/ROS_Robot.elf.dir/Core/Src/gpio.c.obj
LOAD CMakeFiles/ROS_Robot.elf.dir/Core/Src/i2c.c.obj
LOAD CMakeFiles/ROS_Robot.elf.dir/Core/Src/main.c.obj
LOAD CMakeFiles/ROS_Robot.elf.dir/Core/Src/stm32f1xx_hal_msp.c.obj
LOAD CMakeFiles/ROS_Robot.elf.dir/Core/Src/stm32f1xx_it.c.obj
LOAD CMakeFiles/ROS_Robot.elf.dir/Core/Src/syscalls.c.obj
LOAD CMakeFiles/ROS_Robot.elf.dir/Core/Src/sysmem.c.obj
LOAD CMakeFiles/ROS_Robot.elf.dir/Core/Src/system_stm32f1xx.c.obj
LOAD CMakeFiles/ROS_Robot.elf.dir/Core/Src/tim.c.obj
LOAD CMakeFiles/ROS_Robot.elf.dir/Core/Src/usart.c.obj
LOAD CMakeFiles/ROS_Robot.elf.dir/Core/Startup/startup_stm32f103cbtx.s.obj
LOAD CMakeFiles/ROS_Robot.elf.dir/Drivers/STM32F1xx_HAL_Driver/Src/stm32f1xx_hal.c.obj
LOAD CMakeFiles/ROS_Robot.elf.dir/Drivers/STM32F1xx_HAL_Driver/Src/stm32f1xx_hal_cortex.c.obj
LOAD CMakeFiles/ROS_Robot.elf.dir/Drivers/STM32F1xx_HAL_Driver/Src/stm32f1xx_hal_dma.c.obj
LOAD CMakeFiles/ROS_Robot.elf.dir/Drivers/STM32F1xx_HAL_Driver/Src/stm32f1xx_hal_exti.c.obj
LOAD CMakeFiles/ROS_Robot.elf.dir/Drivers/STM32F1xx_HAL_Driver/Src/stm32f1xx_hal_flash.c.obj
LOAD CMakeFiles/ROS_Robot.elf.dir/Drivers/STM32F1xx_HAL_Driver/Src/stm32f1xx_hal_flash_ex.c.obj
LOAD CMakeFiles/ROS_Robot.elf.dir/Drivers/STM32F1xx_HAL_Driver/Src/stm32f1xx_hal_gpio.c.obj
LOAD CMakeFiles/ROS_Robot.elf.dir/Drivers/STM32F1xx_HAL_Driver/Src/stm32f1xx_hal_gpio_ex.c.obj
LOAD CMakeFiles/ROS_Robot.elf.dir/Drivers/STM32F1xx_HAL_Driver/Src/stm32f1xx_hal_i2c.c.obj
LOAD CMakeFiles/ROS_Robot.elf.dir/Drivers/STM32F1xx_HAL_Driver/Src/stm32f1xx_hal_pwr.c.obj
LOAD CMakeFiles/ROS_Robot.elf.dir/Drivers/STM32F1xx_HAL_Driver/Src/stm32f1xx_hal_rcc.c.obj
LOAD CMakeFiles/ROS_Robot.elf.dir/Drivers/STM32F1xx_HAL_Driver/Src/stm32f1xx_hal_rcc_ex.c.obj
LOAD CMakeFiles/ROS_Robot.elf.dir/Drivers/STM32F1xx_HAL_Driver/Src/stm32f1xx_hal_tim.c.obj
LOAD CMakeFiles/ROS_Robot.elf.dir/Drivers/STM32F1xx_HAL_Driver/Src/stm32f1xx_hal_tim_ex.c.obj
LOAD CMakeFiles/ROS_Robot.elf.dir/Drivers/STM32F1xx_HAL_Driver/Src/stm32f1xx_hal_uart.c.obj
START GROUP
LOAD d:/tool/gcc-arm-none-eabi/gcc-arm-none-eabi-10.3-2021.07/bin/../lib/gcc/arm-none-eabi/10.3.1/thumb/v7-m/nofp\libgcc.a
LOAD d:/tool/gcc-arm-none-eabi/gcc-arm-none-eabi-10.3-2021.07/bin/../lib/gcc/arm-none-eabi/10.3.1/../../../../arm-none-eabi/lib/thumb/v7-m/nofp\libg.a
LOAD d:/tool/gcc-arm-none-eabi/gcc-arm-none-eabi-10.3-2021.07/bin/../lib/gcc/arm-none-eabi/10.3.1/../../../../arm-none-eabi/lib/thumb/v7-m/nofp\libc.a
END GROUP
LOAD d:/tool/gcc-arm-none-eabi/gcc-arm-none-eabi-10.3-2021.07/bin/../lib/gcc/arm-none-eabi/10.3.1/thumb/v7-m/nofp/crtend.o
LOAD d:/tool/gcc-arm-none-eabi/gcc-arm-none-eabi-10.3-2021.07/bin/../lib/gcc/arm-none-eabi/10.3.1/thumb/v7-m/nofp/crtn.o
                0x20005000                _estack = (ORIGIN (RAM) + LENGTH (RAM))
                0x00000200                _Min_Heap_Size = 0x200
                0x00000400                _Min_Stack_Size = 0x400

.isr_vector     0x08000000      0x10c
                0x08000000                . = ALIGN (0x4)
 *(.isr_vector)
 .isr_vector    0x08000000      0x10c CMakeFiles/ROS_Robot.elf.dir/Core/Startup/startup_stm32f103cbtx.s.obj
                0x08000000                g_pfnVectors
                0x0800010c                . = ALIGN (0x4)

.text           0x08000110     0x99c0
                0x08000110                . = ALIGN (0x4)
 *(.text)
 .text          0x08000110       0x40 d:/tool/gcc-arm-none-eabi/gcc-arm-none-eabi-10.3-2021.07/bin/../lib/gcc/arm-none-eabi/10.3.1/thumb/v7-m/nofp/crtbegin.o
 .text          0x08000150       0xec d:/tool/gcc-arm-none-eabi/gcc-arm-none-eabi-10.3-2021.07/bin/../lib/gcc/arm-none-eabi/10.3.1/../../../../arm-none-eabi/lib/thumb/v7-m/nofp\libg.a(lib_a-memcpy.o)
                0x08000150                memcpy
 .text          0x0800023c      0x378 d:/tool/gcc-arm-none-eabi/gcc-arm-none-eabi-10.3-2021.07/bin/../lib/gcc/arm-none-eabi/10.3.1/thumb/v7-m/nofp\libgcc.a(_arm_addsubdf3.o)
                0x0800023c                __aeabi_drsub
                0x08000244                __aeabi_dsub
                0x08000244                __subdf3
                0x08000248                __aeabi_dadd
                0x08000248                __adddf3
                0x080004c0                __floatunsidf
                0x080004c0                __aeabi_ui2d
                0x080004e0                __floatsidf
                0x080004e0                __aeabi_i2d
                0x08000504                __aeabi_f2d
                0x08000504                __extendsfdf2
                0x08000548                __floatundidf
                0x08000548                __aeabi_ul2d
                0x08000558                __floatdidf
                0x08000558                __aeabi_l2d
 .text          0x080005b4      0x424 d:/tool/gcc-arm-none-eabi/gcc-arm-none-eabi-10.3-2021.07/bin/../lib/gcc/arm-none-eabi/10.3.1/thumb/v7-m/nofp\libgcc.a(_arm_muldivdf3.o)
                0x080005b4                __aeabi_dmul
                0x080005b4                __muldf3
                0x08000808                __divdf3
                0x08000808                __aeabi_ddiv
 .text          0x080009d8      0x110 d:/tool/gcc-arm-none-eabi/gcc-arm-none-eabi-10.3-2021.07/bin/../lib/gcc/arm-none-eabi/10.3.1/thumb/v7-m/nofp\libgcc.a(_arm_cmpdf2.o)
                0x080009d8                __gtdf2
                0x080009d8                __gedf2
                0x080009e0                __ltdf2
                0x080009e0                __ledf2
                0x080009e8                __nedf2
                0x080009e8                __eqdf2
                0x080009e8                __cmpdf2
                0x08000a64                __aeabi_cdrcmple
                0x08000a74                __aeabi_cdcmpeq
                0x08000a74                __aeabi_cdcmple
                0x08000a84                __aeabi_dcmpeq
                0x08000a98                __aeabi_dcmplt
                0x08000aac                __aeabi_dcmple
                0x08000ac0                __aeabi_dcmpge
                0x08000ad4                __aeabi_dcmpgt
 .text          0x08000ae8       0x2c d:/tool/gcc-arm-none-eabi/gcc-arm-none-eabi-10.3-2021.07/bin/../lib/gcc/arm-none-eabi/10.3.1/thumb/v7-m/nofp\libgcc.a(_arm_unorddf2.o)
                0x08000ae8                __unorddf2
                0x08000ae8                __aeabi_dcmpun
 .text          0x08000b14       0x50 d:/tool/gcc-arm-none-eabi/gcc-arm-none-eabi-10.3-2021.07/bin/../lib/gcc/arm-none-eabi/10.3.1/thumb/v7-m/nofp\libgcc.a(_arm_fixdfsi.o)
                0x08000b14                __aeabi_d2iz
                0x08000b14                __fixdfsi
 .text          0x08000b64       0x30 d:/tool/gcc-arm-none-eabi/gcc-arm-none-eabi-10.3-2021.07/bin/../lib/gcc/arm-none-eabi/10.3.1/thumb/v7-m/nofp\libgcc.a(_aeabi_uldivmod.o)
                0x08000b64                __aeabi_uldivmod
 .text          0x08000b94      0x2d4 d:/tool/gcc-arm-none-eabi/gcc-arm-none-eabi-10.3-2021.07/bin/../lib/gcc/arm-none-eabi/10.3.1/thumb/v7-m/nofp\libgcc.a(_udivmoddi4.o)
                0x08000b94                __udivmoddi4
 .text          0x08000e68        0x4 d:/tool/gcc-arm-none-eabi/gcc-arm-none-eabi-10.3-2021.07/bin/../lib/gcc/arm-none-eabi/10.3.1/thumb/v7-m/nofp\libgcc.a(_dvmd_tls.o)
                0x08000e68                __aeabi_idiv0
                0x08000e68                __aeabi_ldiv0
 *(.text*)
 .text.Encoder_init
                0x08000e6c       0x1c CMakeFiles/ROS_Robot.elf.dir/Core/BSP/Encoder.c.obj
                0x08000e6c                Encoder_init
 .text.Encoder_Get_Data
                0x08000e88       0x24 CMakeFiles/ROS_Robot.elf.dir/Core/BSP/Encoder.c.obj
                0x08000e88                Encoder_Get_Data
 .text.Motor_init
                0x08000eac       0x5c CMakeFiles/ROS_Robot.elf.dir/Core/BSP/Motor.c.obj
                0x08000eac                Motor_init
 .text.Motor_speed
                0x08000f08       0x10 CMakeFiles/ROS_Robot.elf.dir/Core/BSP/Motor.c.obj
                0x08000f08                Motor_speed
 .text.Motor_direction
                0x08000f18       0xb0 CMakeFiles/ROS_Robot.elf.dir/Core/BSP/Motor.c.obj
                0x08000f18                Motor_direction
 .text.Servo_init
                0x08000fc8       0x1c CMakeFiles/ROS_Robot.elf.dir/Core/BSP/Servo.c.obj
                0x08000fc8                Servo_init
 .text.I2C_Start
                0x08000fe4       0x34 CMakeFiles/ROS_Robot.elf.dir/Core/BSP/oled.c.obj
                0x08000fe4                I2C_Start
 .text.I2C_Stop
                0x08001018       0x28 CMakeFiles/ROS_Robot.elf.dir/Core/BSP/oled.c.obj
                0x08001018                I2C_Stop
 .text.I2C_WaitAck
                0x08001040       0x28 CMakeFiles/ROS_Robot.elf.dir/Core/BSP/oled.c.obj
                0x08001040                I2C_WaitAck
 .text.Send_Byte
                0x08001068       0x4c CMakeFiles/ROS_Robot.elf.dir/Core/BSP/oled.c.obj
                0x08001068                Send_Byte
 .text.OLED_WR_Byte
                0x080010b4       0x38 CMakeFiles/ROS_Robot.elf.dir/Core/BSP/oled.c.obj
                0x080010b4                OLED_WR_Byte
 .text.OLED_ColorTurn
                0x080010ec       0x20 CMakeFiles/ROS_Robot.elf.dir/Core/BSP/oled.c.obj
                0x080010ec                OLED_ColorTurn
 .text.OLED_Refresh
                0x0800110c       0x4c CMakeFiles/ROS_Robot.elf.dir/Core/BSP/oled.c.obj
                0x0800110c                OLED_Refresh
 .text.OLED_Clear
                0x08001158       0x30 CMakeFiles/ROS_Robot.elf.dir/Core/BSP/oled.c.obj
                0x08001158                OLED_Clear
 .text.OLED_Init
                0x08001188       0xee CMakeFiles/ROS_Robot.elf.dir/Core/BSP/oled.c.obj
                0x08001188                OLED_Init
 *fill*         0x08001276        0x2 
 .text.RetargetInit
                0x08001278       0x20 CMakeFiles/ROS_Robot.elf.dir/Core/BSP/retarget.c.obj
                0x08001278                RetargetInit
 .text._isatty  0x08001298       0x16 CMakeFiles/ROS_Robot.elf.dir/Core/BSP/retarget.c.obj
                0x08001298                _isatty
 *fill*         0x080012ae        0x2 
 .text._write   0x080012b0       0x34 CMakeFiles/ROS_Robot.elf.dir/Core/BSP/retarget.c.obj
                0x080012b0                _write
 .text._close   0x080012e4       0x18 CMakeFiles/ROS_Robot.elf.dir/Core/BSP/retarget.c.obj
                0x080012e4                _close
 .text._lseek   0x080012fc       0x10 CMakeFiles/ROS_Robot.elf.dir/Core/BSP/retarget.c.obj
                0x080012fc                _lseek
 .text._read    0x0800130c       0x30 CMakeFiles/ROS_Robot.elf.dir/Core/BSP/retarget.c.obj
                0x0800130c                _read
 .text._fstat   0x0800133c       0x1a CMakeFiles/ROS_Robot.elf.dir/Core/BSP/retarget.c.obj
                0x0800133c                _fstat
 *fill*         0x08001356        0x2 
 .text.MX_GPIO_Init
                0x08001358       0x88 CMakeFiles/ROS_Robot.elf.dir/Core/Src/gpio.c.obj
                0x08001358                MX_GPIO_Init
 .text.MX_I2C2_Init
                0x080013e0       0x3c CMakeFiles/ROS_Robot.elf.dir/Core/Src/i2c.c.obj
                0x080013e0                MX_I2C2_Init
 .text.HAL_I2C_MspInit
                0x0800141c       0x64 CMakeFiles/ROS_Robot.elf.dir/Core/Src/i2c.c.obj
                0x0800141c                HAL_I2C_MspInit
 .text.Error_Handler
                0x08001480        0x4 CMakeFiles/ROS_Robot.elf.dir/Core/Src/main.c.obj
                0x08001480                Error_Handler
 .text.SystemClock_Config
                0x08001484       0x64 CMakeFiles/ROS_Robot.elf.dir/Core/Src/main.c.obj
                0x08001484                SystemClock_Config
 .text.main     0x080014e8       0x84 CMakeFiles/ROS_Robot.elf.dir/Core/Src/main.c.obj
                0x080014e8                main
 .text.HAL_MspInit
                0x0800156c       0x44 CMakeFiles/ROS_Robot.elf.dir/Core/Src/stm32f1xx_hal_msp.c.obj
                0x0800156c                HAL_MspInit
 .text.NMI_Handler
                0x080015b0        0x2 CMakeFiles/ROS_Robot.elf.dir/Core/Src/stm32f1xx_it.c.obj
                0x080015b0                NMI_Handler
 .text.HardFault_Handler
                0x080015b2        0x2 CMakeFiles/ROS_Robot.elf.dir/Core/Src/stm32f1xx_it.c.obj
                0x080015b2                HardFault_Handler
 .text.MemManage_Handler
                0x080015b4        0x2 CMakeFiles/ROS_Robot.elf.dir/Core/Src/stm32f1xx_it.c.obj
                0x080015b4                MemManage_Handler
 .text.BusFault_Handler
                0x080015b6        0x2 CMakeFiles/ROS_Robot.elf.dir/Core/Src/stm32f1xx_it.c.obj
                0x080015b6                BusFault_Handler
 .text.UsageFault_Handler
                0x080015b8        0x2 CMakeFiles/ROS_Robot.elf.dir/Core/Src/stm32f1xx_it.c.obj
                0x080015b8                UsageFault_Handler
 .text.SVC_Handler
                0x080015ba        0x2 CMakeFiles/ROS_Robot.elf.dir/Core/Src/stm32f1xx_it.c.obj
                0x080015ba                SVC_Handler
 .text.DebugMon_Handler
                0x080015bc        0x2 CMakeFiles/ROS_Robot.elf.dir/Core/Src/stm32f1xx_it.c.obj
                0x080015bc                DebugMon_Handler
 .text.PendSV_Handler
                0x080015be        0x2 CMakeFiles/ROS_Robot.elf.dir/Core/Src/stm32f1xx_it.c.obj
                0x080015be                PendSV_Handler
 .text.SysTick_Handler
                0x080015c0        0x8 CMakeFiles/ROS_Robot.elf.dir/Core/Src/stm32f1xx_it.c.obj
                0x080015c0                SysTick_Handler
 .text.TIM1_BRK_IRQHandler
                0x080015c8       0x10 CMakeFiles/ROS_Robot.elf.dir/Core/Src/stm32f1xx_it.c.obj
                0x080015c8                TIM1_BRK_IRQHandler
 .text.TIM1_UP_IRQHandler
                0x080015d8       0x10 CMakeFiles/ROS_Robot.elf.dir/Core/Src/stm32f1xx_it.c.obj
                0x080015d8                TIM1_UP_IRQHandler
 .text.TIM1_TRG_COM_IRQHandler
                0x080015e8       0x10 CMakeFiles/ROS_Robot.elf.dir/Core/Src/stm32f1xx_it.c.obj
                0x080015e8                TIM1_TRG_COM_IRQHandler
 .text.TIM1_CC_IRQHandler
                0x080015f8       0x10 CMakeFiles/ROS_Robot.elf.dir/Core/Src/stm32f1xx_it.c.obj
                0x080015f8                TIM1_CC_IRQHandler
 .text.TIM2_IRQHandler
                0x08001608       0x10 CMakeFiles/ROS_Robot.elf.dir/Core/Src/stm32f1xx_it.c.obj
                0x08001608                TIM2_IRQHandler
 .text.TIM3_IRQHandler
                0x08001618       0x10 CMakeFiles/ROS_Robot.elf.dir/Core/Src/stm32f1xx_it.c.obj
                0x08001618                TIM3_IRQHandler
 .text.USART1_IRQHandler
                0x08001628       0x10 CMakeFiles/ROS_Robot.elf.dir/Core/Src/stm32f1xx_it.c.obj
                0x08001628                USART1_IRQHandler
 .text.USART2_IRQHandler
                0x08001638       0x10 CMakeFiles/ROS_Robot.elf.dir/Core/Src/stm32f1xx_it.c.obj
                0x08001638                USART2_IRQHandler
 .text._getpid  0x08001648        0x4 CMakeFiles/ROS_Robot.elf.dir/Core/Src/syscalls.c.obj
                0x08001648                _getpid
 .text._kill    0x0800164c       0x10 CMakeFiles/ROS_Robot.elf.dir/Core/Src/syscalls.c.obj
                0x0800164c                _kill
 .text._exit    0x0800165c        0xc CMakeFiles/ROS_Robot.elf.dir/Core/Src/syscalls.c.obj
                0x0800165c                _exit
 .text._sbrk    0x08001668       0x48 CMakeFiles/ROS_Robot.elf.dir/Core/Src/sysmem.c.obj
                0x08001668                _sbrk
 .text.SystemInit
                0x080016b0        0x2 CMakeFiles/ROS_Robot.elf.dir/Core/Src/system_stm32f1xx.c.obj
                0x080016b0                SystemInit
 *fill*         0x080016b2        0x2 
 .text.MX_TIM2_Init
                0x080016b4       0x64 CMakeFiles/ROS_Robot.elf.dir/Core/Src/tim.c.obj
                0x080016b4                MX_TIM2_Init
 .text.MX_TIM3_Init
                0x08001718       0x64 CMakeFiles/ROS_Robot.elf.dir/Core/Src/tim.c.obj
                0x08001718                MX_TIM3_Init
 .text.HAL_TIM_PWM_MspInit
                0x0800177c       0x90 CMakeFiles/ROS_Robot.elf.dir/Core/Src/tim.c.obj
                0x0800177c                HAL_TIM_PWM_MspInit
 .text.HAL_TIM_Encoder_MspInit
                0x0800180c       0xb8 CMakeFiles/ROS_Robot.elf.dir/Core/Src/tim.c.obj
                0x0800180c                HAL_TIM_Encoder_MspInit
 .text.HAL_TIM_MspPostInit
                0x080018c4       0x8c CMakeFiles/ROS_Robot.elf.dir/Core/Src/tim.c.obj
                0x080018c4                HAL_TIM_MspPostInit
 .text.MX_TIM1_Init
                0x08001950       0xcc CMakeFiles/ROS_Robot.elf.dir/Core/Src/tim.c.obj
                0x08001950                MX_TIM1_Init
 .text.MX_TIM4_Init
                0x08001a1c       0x84 CMakeFiles/ROS_Robot.elf.dir/Core/Src/tim.c.obj
                0x08001a1c                MX_TIM4_Init
 .text.MX_USART1_UART_Init
                0x08001aa0       0x34 CMakeFiles/ROS_Robot.elf.dir/Core/Src/usart.c.obj
                0x08001aa0                MX_USART1_UART_Init
 .text.MX_USART2_UART_Init
                0x08001ad4       0x34 CMakeFiles/ROS_Robot.elf.dir/Core/Src/usart.c.obj
                0x08001ad4                MX_USART2_UART_Init
 .text.HAL_UART_MspInit
                0x08001b08      0x108 CMakeFiles/ROS_Robot.elf.dir/Core/Src/usart.c.obj
                0x08001b08                HAL_UART_MspInit
 .text.Reset_Handler
                0x08001c10       0x48 CMakeFiles/ROS_Robot.elf.dir/Core/Startup/startup_stm32f103cbtx.s.obj
                0x08001c10                Reset_Handler
 .text.Default_Handler
                0x08001c58        0x2 CMakeFiles/ROS_Robot.elf.dir/Core/Startup/startup_stm32f103cbtx.s.obj
                0x08001c58                RTC_Alarm_IRQHandler
                0x08001c58                EXTI2_IRQHandler
                0x08001c58                PVD_IRQHandler
                0x08001c58                EXTI3_IRQHandler
                0x08001c58                EXTI0_IRQHandler
                0x08001c58                I2C2_EV_IRQHandler
                0x08001c58                ADC1_2_IRQHandler
                0x08001c58                SPI1_IRQHandler
                0x08001c58                TAMPER_IRQHandler
                0x08001c58                DMA1_Channel4_IRQHandler
                0x08001c58                USART3_IRQHandler
                0x08001c58                RTC_IRQHandler
                0x08001c58                DMA1_Channel7_IRQHandler
                0x08001c58                CAN1_RX1_IRQHandler
                0x08001c58                TIM4_IRQHandler
                0x08001c58                I2C1_EV_IRQHandler
                0x08001c58                DMA1_Channel6_IRQHandler
                0x08001c58                RCC_IRQHandler
                0x08001c58                DMA1_Channel1_IRQHandler
                0x08001c58                Default_Handler
                0x08001c58                EXTI15_10_IRQHandler
                0x08001c58                EXTI9_5_IRQHandler
                0x08001c58                SPI2_IRQHandler
                0x08001c58                DMA1_Channel5_IRQHandler
                0x08001c58                EXTI4_IRQHandler
                0x08001c58                USB_LP_CAN1_RX0_IRQHandler
                0x08001c58                USB_HP_CAN1_TX_IRQHandler
                0x08001c58                DMA1_Channel3_IRQHandler
                0x08001c58                WWDG_IRQHandler
                0x08001c58                EXTI1_IRQHandler
                0x08001c58                I2C2_ER_IRQHandler
                0x08001c58                DMA1_Channel2_IRQHandler
                0x08001c58                CAN1_SCE_IRQHandler
                0x08001c58                FLASH_IRQHandler
                0x08001c58                I2C1_ER_IRQHandler
                0x08001c58                USBWakeUp_IRQHandler
 *fill*         0x08001c5a        0x2 
 .text.HAL_InitTick
                0x08001c5c       0x4c CMakeFiles/ROS_Robot.elf.dir/Drivers/STM32F1xx_HAL_Driver/Src/stm32f1xx_hal.c.obj
                0x08001c5c                HAL_InitTick
 .text.HAL_Init
                0x08001ca8       0x24 CMakeFiles/ROS_Robot.elf.dir/Drivers/STM32F1xx_HAL_Driver/Src/stm32f1xx_hal.c.obj
                0x08001ca8                HAL_Init
 .text.HAL_IncTick
                0x08001ccc       0x18 CMakeFiles/ROS_Robot.elf.dir/Drivers/STM32F1xx_HAL_Driver/Src/stm32f1xx_hal.c.obj
                0x08001ccc                HAL_IncTick
 .text.HAL_GetTick
                0x08001ce4        0xc CMakeFiles/ROS_Robot.elf.dir/Drivers/STM32F1xx_HAL_Driver/Src/stm32f1xx_hal.c.obj
                0x08001ce4                HAL_GetTick
 .text.HAL_Delay
                0x08001cf0       0x28 CMakeFiles/ROS_Robot.elf.dir/Drivers/STM32F1xx_HAL_Driver/Src/stm32f1xx_hal.c.obj
                0x08001cf0                HAL_Delay
 .text.HAL_NVIC_SetPriorityGrouping
                0x08001d18       0x24 CMakeFiles/ROS_Robot.elf.dir/Drivers/STM32F1xx_HAL_Driver/Src/stm32f1xx_hal_cortex.c.obj
                0x08001d18                HAL_NVIC_SetPriorityGrouping
 .text.HAL_NVIC_SetPriority
                0x08001d3c       0x70 CMakeFiles/ROS_Robot.elf.dir/Drivers/STM32F1xx_HAL_Driver/Src/stm32f1xx_hal_cortex.c.obj
                0x08001d3c                HAL_NVIC_SetPriority
 .text.HAL_NVIC_EnableIRQ
                0x08001dac       0x1c CMakeFiles/ROS_Robot.elf.dir/Drivers/STM32F1xx_HAL_Driver/Src/stm32f1xx_hal_cortex.c.obj
                0x08001dac                HAL_NVIC_EnableIRQ
 .text.HAL_SYSTICK_Config
                0x08001dc8       0x28 CMakeFiles/ROS_Robot.elf.dir/Drivers/STM32F1xx_HAL_Driver/Src/stm32f1xx_hal_cortex.c.obj
                0x08001dc8                HAL_SYSTICK_Config
 .text.HAL_DMA_Abort
                0x08001df0       0x44 CMakeFiles/ROS_Robot.elf.dir/Drivers/STM32F1xx_HAL_Driver/Src/stm32f1xx_hal_dma.c.obj
                0x08001df0                HAL_DMA_Abort
 .text.HAL_DMA_Abort_IT
                0x08001e34       0x98 CMakeFiles/ROS_Robot.elf.dir/Drivers/STM32F1xx_HAL_Driver/Src/stm32f1xx_hal_dma.c.obj
                0x08001e34                HAL_DMA_Abort_IT
 .text.HAL_GPIO_Init
                0x08001ecc      0x224 CMakeFiles/ROS_Robot.elf.dir/Drivers/STM32F1xx_HAL_Driver/Src/stm32f1xx_hal_gpio.c.obj
                0x08001ecc                HAL_GPIO_Init
 .text.HAL_GPIO_WritePin
                0x080020f0        0xc CMakeFiles/ROS_Robot.elf.dir/Drivers/STM32F1xx_HAL_Driver/Src/stm32f1xx_hal_gpio.c.obj
                0x080020f0                HAL_GPIO_WritePin
 .text.HAL_I2C_Init
                0x080020fc      0x1bc CMakeFiles/ROS_Robot.elf.dir/Drivers/STM32F1xx_HAL_Driver/Src/stm32f1xx_hal_i2c.c.obj
                0x080020fc                HAL_I2C_Init
 .text.RCC_Delay
                0x080022b8       0x2c CMakeFiles/ROS_Robot.elf.dir/Drivers/STM32F1xx_HAL_Driver/Src/stm32f1xx_hal_rcc.c.obj
 .text.HAL_RCC_OscConfig
                0x080022e4      0x410 CMakeFiles/ROS_Robot.elf.dir/Drivers/STM32F1xx_HAL_Driver/Src/stm32f1xx_hal_rcc.c.obj
                0x080022e4                HAL_RCC_OscConfig
 .text.HAL_RCC_GetSysClockFreq
                0x080026f4       0x70 CMakeFiles/ROS_Robot.elf.dir/Drivers/STM32F1xx_HAL_Driver/Src/stm32f1xx_hal_rcc.c.obj
                0x080026f4                HAL_RCC_GetSysClockFreq
 .text.HAL_RCC_ClockConfig
                0x08002764      0x16c CMakeFiles/ROS_Robot.elf.dir/Drivers/STM32F1xx_HAL_Driver/Src/stm32f1xx_hal_rcc.c.obj
                0x08002764                HAL_RCC_ClockConfig
 .text.HAL_RCC_GetHCLKFreq
                0x080028d0        0xc CMakeFiles/ROS_Robot.elf.dir/Drivers/STM32F1xx_HAL_Driver/Src/stm32f1xx_hal_rcc.c.obj
                0x080028d0                HAL_RCC_GetHCLKFreq
 .text.HAL_RCC_GetPCLK1Freq
                0x080028dc       0x20 CMakeFiles/ROS_Robot.elf.dir/Drivers/STM32F1xx_HAL_Driver/Src/stm32f1xx_hal_rcc.c.obj
                0x080028dc                HAL_RCC_GetPCLK1Freq
 .text.HAL_RCC_GetPCLK2Freq
                0x080028fc       0x20 CMakeFiles/ROS_Robot.elf.dir/Drivers/STM32F1xx_HAL_Driver/Src/stm32f1xx_hal_rcc.c.obj
                0x080028fc                HAL_RCC_GetPCLK2Freq
 .text.TIM_OC1_SetConfig
                0x0800291c       0x5c CMakeFiles/ROS_Robot.elf.dir/Drivers/STM32F1xx_HAL_Driver/Src/stm32f1xx_hal_tim.c.obj
 .text.TIM_OC3_SetConfig
                0x08002978       0x64 CMakeFiles/ROS_Robot.elf.dir/Drivers/STM32F1xx_HAL_Driver/Src/stm32f1xx_hal_tim.c.obj
 .text.TIM_OC4_SetConfig
                0x080029dc       0x48 CMakeFiles/ROS_Robot.elf.dir/Drivers/STM32F1xx_HAL_Driver/Src/stm32f1xx_hal_tim.c.obj
 .text.HAL_TIM_PeriodElapsedCallback
                0x08002a24        0x2 CMakeFiles/ROS_Robot.elf.dir/Drivers/STM32F1xx_HAL_Driver/Src/stm32f1xx_hal_tim.c.obj
                0x08002a24                HAL_TIM_PeriodElapsedCallback
 .text.HAL_TIM_OC_DelayElapsedCallback
                0x08002a26        0x2 CMakeFiles/ROS_Robot.elf.dir/Drivers/STM32F1xx_HAL_Driver/Src/stm32f1xx_hal_tim.c.obj
                0x08002a26                HAL_TIM_OC_DelayElapsedCallback
 .text.HAL_TIM_IC_CaptureCallback
                0x08002a28        0x2 CMakeFiles/ROS_Robot.elf.dir/Drivers/STM32F1xx_HAL_Driver/Src/stm32f1xx_hal_tim.c.obj
                0x08002a28                HAL_TIM_IC_CaptureCallback
 .text.HAL_TIM_PWM_PulseFinishedCallback
                0x08002a2a        0x2 CMakeFiles/ROS_Robot.elf.dir/Drivers/STM32F1xx_HAL_Driver/Src/stm32f1xx_hal_tim.c.obj
                0x08002a2a                HAL_TIM_PWM_PulseFinishedCallback
 .text.HAL_TIM_TriggerCallback
                0x08002a2c        0x2 CMakeFiles/ROS_Robot.elf.dir/Drivers/STM32F1xx_HAL_Driver/Src/stm32f1xx_hal_tim.c.obj
                0x08002a2c                HAL_TIM_TriggerCallback
 .text.HAL_TIM_IRQHandler
                0x08002a2e      0x17a CMakeFiles/ROS_Robot.elf.dir/Drivers/STM32F1xx_HAL_Driver/Src/stm32f1xx_hal_tim.c.obj
                0x08002a2e                HAL_TIM_IRQHandler
 .text.TIM_Base_SetConfig
                0x08002ba8       0x74 CMakeFiles/ROS_Robot.elf.dir/Drivers/STM32F1xx_HAL_Driver/Src/stm32f1xx_hal_tim.c.obj
                0x08002ba8                TIM_Base_SetConfig
 .text.HAL_TIM_PWM_Init
                0x08002c1c       0x58 CMakeFiles/ROS_Robot.elf.dir/Drivers/STM32F1xx_HAL_Driver/Src/stm32f1xx_hal_tim.c.obj
                0x08002c1c                HAL_TIM_PWM_Init
 .text.HAL_TIM_Encoder_Init
                0x08002c74       0xb8 CMakeFiles/ROS_Robot.elf.dir/Drivers/STM32F1xx_HAL_Driver/Src/stm32f1xx_hal_tim.c.obj
                0x08002c74                HAL_TIM_Encoder_Init
 .text.TIM_OC2_SetConfig
                0x08002d2c       0x64 CMakeFiles/ROS_Robot.elf.dir/Drivers/STM32F1xx_HAL_Driver/Src/stm32f1xx_hal_tim.c.obj
                0x08002d2c                TIM_OC2_SetConfig
 .text.HAL_TIM_PWM_ConfigChannel
                0x08002d90       0xd0 CMakeFiles/ROS_Robot.elf.dir/Drivers/STM32F1xx_HAL_Driver/Src/stm32f1xx_hal_tim.c.obj
                0x08002d90                HAL_TIM_PWM_ConfigChannel
 .text.TIM_CCxChannelCmd
                0x08002e60       0x1e CMakeFiles/ROS_Robot.elf.dir/Drivers/STM32F1xx_HAL_Driver/Src/stm32f1xx_hal_tim.c.obj
                0x08002e60                TIM_CCxChannelCmd
 *fill*         0x08002e7e        0x2 
 .text.HAL_TIM_PWM_Start
                0x08002e80       0xdc CMakeFiles/ROS_Robot.elf.dir/Drivers/STM32F1xx_HAL_Driver/Src/stm32f1xx_hal_tim.c.obj
                0x08002e80                HAL_TIM_PWM_Start
 .text.HAL_TIM_Encoder_Start
                0x08002f5c       0xcc CMakeFiles/ROS_Robot.elf.dir/Drivers/STM32F1xx_HAL_Driver/Src/stm32f1xx_hal_tim.c.obj
                0x08002f5c                HAL_TIM_Encoder_Start
 .text.HAL_TIMEx_MasterConfigSynchronization
                0x08003028       0x6c CMakeFiles/ROS_Robot.elf.dir/Drivers/STM32F1xx_HAL_Driver/Src/stm32f1xx_hal_tim_ex.c.obj
                0x08003028                HAL_TIMEx_MasterConfigSynchronization
 .text.HAL_TIMEx_ConfigBreakDeadTime
                0x08003094       0x52 CMakeFiles/ROS_Robot.elf.dir/Drivers/STM32F1xx_HAL_Driver/Src/stm32f1xx_hal_tim_ex.c.obj
                0x08003094                HAL_TIMEx_ConfigBreakDeadTime
 .text.HAL_TIMEx_CommutCallback
                0x080030e6        0x2 CMakeFiles/ROS_Robot.elf.dir/Drivers/STM32F1xx_HAL_Driver/Src/stm32f1xx_hal_tim_ex.c.obj
                0x080030e6                HAL_TIMEx_CommutCallback
 .text.HAL_TIMEx_BreakCallback
                0x080030e8        0x2 CMakeFiles/ROS_Robot.elf.dir/Drivers/STM32F1xx_HAL_Driver/Src/stm32f1xx_hal_tim_ex.c.obj
                0x080030e8                HAL_TIMEx_BreakCallback
 .text.UART_EndRxTransfer
                0x080030ea       0x32 CMakeFiles/ROS_Robot.elf.dir/Drivers/STM32F1xx_HAL_Driver/Src/stm32f1xx_hal_uart.c.obj
 .text.UART_Transmit_IT
                0x0800311c       0x60 CMakeFiles/ROS_Robot.elf.dir/Drivers/STM32F1xx_HAL_Driver/Src/stm32f1xx_hal_uart.c.obj
 .text.UART_SetConfig
                0x0800317c       0x94 CMakeFiles/ROS_Robot.elf.dir/Drivers/STM32F1xx_HAL_Driver/Src/stm32f1xx_hal_uart.c.obj
 .text.UART_WaitOnFlagUntilTimeout
                0x08003210       0x6c CMakeFiles/ROS_Robot.elf.dir/Drivers/STM32F1xx_HAL_Driver/Src/stm32f1xx_hal_uart.c.obj
 .text.HAL_UART_Init
                0x0800327c       0x5e CMakeFiles/ROS_Robot.elf.dir/Drivers/STM32F1xx_HAL_Driver/Src/stm32f1xx_hal_uart.c.obj
                0x0800327c                HAL_UART_Init
 .text.HAL_UART_Transmit
                0x080032da       0xd8 CMakeFiles/ROS_Robot.elf.dir/Drivers/STM32F1xx_HAL_Driver/Src/stm32f1xx_hal_uart.c.obj
                0x080032da                HAL_UART_Transmit
 .text.HAL_UART_Receive
                0x080033b2       0xe4 CMakeFiles/ROS_Robot.elf.dir/Drivers/STM32F1xx_HAL_Driver/Src/stm32f1xx_hal_uart.c.obj
                0x080033b2                HAL_UART_Receive
 .text.HAL_UART_TxCpltCallback
                0x08003496        0x2 CMakeFiles/ROS_Robot.elf.dir/Drivers/STM32F1xx_HAL_Driver/Src/stm32f1xx_hal_uart.c.obj
                0x08003496                HAL_UART_TxCpltCallback
 .text.UART_EndTransmit_IT
                0x08003498       0x1a CMakeFiles/ROS_Robot.elf.dir/Drivers/STM32F1xx_HAL_Driver/Src/stm32f1xx_hal_uart.c.obj
 .text.HAL_UART_RxCpltCallback
                0x080034b2        0x2 CMakeFiles/ROS_Robot.elf.dir/Drivers/STM32F1xx_HAL_Driver/Src/stm32f1xx_hal_uart.c.obj
                0x080034b2                HAL_UART_RxCpltCallback
 .text.HAL_UART_ErrorCallback
                0x080034b4        0x2 CMakeFiles/ROS_Robot.elf.dir/Drivers/STM32F1xx_HAL_Driver/Src/stm32f1xx_hal_uart.c.obj
                0x080034b4                HAL_UART_ErrorCallback
 .text.UART_DMAAbortOnError
                0x080034b6       0x10 CMakeFiles/ROS_Robot.elf.dir/Drivers/STM32F1xx_HAL_Driver/Src/stm32f1xx_hal_uart.c.obj
 .text.HAL_UARTEx_RxEventCallback
                0x080034c6        0x2 CMakeFiles/ROS_Robot.elf.dir/Drivers/STM32F1xx_HAL_Driver/Src/stm32f1xx_hal_uart.c.obj
                0x080034c6                HAL_UARTEx_RxEventCallback
 .text.UART_Receive_IT
                0x080034c8       0xd4 CMakeFiles/ROS_Robot.elf.dir/Drivers/STM32F1xx_HAL_Driver/Src/stm32f1xx_hal_uart.c.obj
 .text.HAL_UART_IRQHandler
                0x0800359c      0x204 CMakeFiles/ROS_Robot.elf.dir/Drivers/STM32F1xx_HAL_Driver/Src/stm32f1xx_hal_uart.c.obj
                0x0800359c                HAL_UART_IRQHandler
 .text.__errno  0x080037a0        0xc d:/tool/gcc-arm-none-eabi/gcc-arm-none-eabi-10.3-2021.07/bin/../lib/gcc/arm-none-eabi/10.3.1/../../../../arm-none-eabi/lib/thumb/v7-m/nofp\libg.a(lib_a-errno.o)
                0x080037a0                __errno
 .text.__libc_init_array
                0x080037ac       0x48 d:/tool/gcc-arm-none-eabi/gcc-arm-none-eabi-10.3-2021.07/bin/../lib/gcc/arm-none-eabi/10.3.1/../../../../arm-none-eabi/lib/thumb/v7-m/nofp\libg.a(lib_a-init.o)
                0x080037ac                __libc_init_array
 .text.memset   0x080037f4       0xa4 d:/tool/gcc-arm-none-eabi/gcc-arm-none-eabi-10.3-2021.07/bin/../lib/gcc/arm-none-eabi/10.3.1/../../../../arm-none-eabi/lib/thumb/v7-m/nofp\libg.a(lib_a-memset.o)
                0x080037f4                memset
 .text.printf   0x08003898       0x28 d:/tool/gcc-arm-none-eabi/gcc-arm-none-eabi-10.3-2021.07/bin/../lib/gcc/arm-none-eabi/10.3.1/../../../../arm-none-eabi/lib/thumb/v7-m/nofp\libg.a(lib_a-printf.o)
                0x08003898                printf
 .text._puts_r  0x080038c0       0x9c d:/tool/gcc-arm-none-eabi/gcc-arm-none-eabi-10.3-2021.07/bin/../lib/gcc/arm-none-eabi/10.3.1/../../../../arm-none-eabi/lib/thumb/v7-m/nofp\libg.a(lib_a-puts.o)
                0x080038c0                _puts_r
 .text.puts     0x0800395c       0x10 d:/tool/gcc-arm-none-eabi/gcc-arm-none-eabi-10.3-2021.07/bin/../lib/gcc/arm-none-eabi/10.3.1/../../../../arm-none-eabi/lib/thumb/v7-m/nofp\libg.a(lib_a-puts.o)
                0x0800395c                puts
 .text.setvbuf  0x0800396c      0x1b0 d:/tool/gcc-arm-none-eabi/gcc-arm-none-eabi-10.3-2021.07/bin/../lib/gcc/arm-none-eabi/10.3.1/../../../../arm-none-eabi/lib/thumb/v7-m/nofp\libg.a(lib_a-setvbuf.o)
                0x0800396c                setvbuf
 .text.strlen   0x08003b1c       0x5c d:/tool/gcc-arm-none-eabi/gcc-arm-none-eabi-10.3-2021.07/bin/../lib/gcc/arm-none-eabi/10.3.1/../../../../arm-none-eabi/lib/thumb/v7-m/nofp\libg.a(lib_a-strlen-stub.o)
                0x08003b1c                strlen
 .text._vfprintf_r
                0x08003b78     0x1b58 d:/tool/gcc-arm-none-eabi/gcc-arm-none-eabi-10.3-2021.07/bin/../lib/gcc/arm-none-eabi/10.3.1/../../../../arm-none-eabi/lib/thumb/v7-m/nofp\libg.a(lib_a-vfprintf.o)
                0x08003b78                _vfprintf_r
 .text.__sbprintf
                0x080056d0       0x84 d:/tool/gcc-arm-none-eabi/gcc-arm-none-eabi-10.3-2021.07/bin/../lib/gcc/arm-none-eabi/10.3.1/../../../../arm-none-eabi/lib/thumb/v7-m/nofp\libg.a(lib_a-vfprintf.o)
 .text.__swsetup_r
                0x08005754       0xd4 d:/tool/gcc-arm-none-eabi/gcc-arm-none-eabi-10.3-2021.07/bin/../lib/gcc/arm-none-eabi/10.3.1/../../../../arm-none-eabi/lib/thumb/v7-m/nofp\libg.a(lib_a-wsetup.o)
                0x08005754                __swsetup_r
 .text.startup.register_fini
                0x08005828       0x14 d:/tool/gcc-arm-none-eabi/gcc-arm-none-eabi-10.3-2021.07/bin/../lib/gcc/arm-none-eabi/10.3.1/../../../../arm-none-eabi/lib/thumb/v7-m/nofp\libg.a(lib_a-__call_atexit.o)
 .text.atexit   0x0800583c        0xc d:/tool/gcc-arm-none-eabi/gcc-arm-none-eabi-10.3-2021.07/bin/../lib/gcc/arm-none-eabi/10.3.1/../../../../arm-none-eabi/lib/thumb/v7-m/nofp\libg.a(lib_a-atexit.o)
                0x0800583c                atexit
 .text.quorem   0x08005848      0x12c d:/tool/gcc-arm-none-eabi/gcc-arm-none-eabi-10.3-2021.07/bin/../lib/gcc/arm-none-eabi/10.3.1/../../../../arm-none-eabi/lib/thumb/v7-m/nofp\libg.a(lib_a-dtoa.o)
 *fill*         0x08005974        0x4 
 .text._dtoa_r  0x08005978      0xecc d:/tool/gcc-arm-none-eabi/gcc-arm-none-eabi-10.3-2021.07/bin/../lib/gcc/arm-none-eabi/10.3.1/../../../../arm-none-eabi/lib/thumb/v7-m/nofp\libg.a(lib_a-dtoa.o)
                0x08005978                _dtoa_r
 .text.__sflush_r
                0x08006844      0x124 d:/tool/gcc-arm-none-eabi/gcc-arm-none-eabi-10.3-2021.07/bin/../lib/gcc/arm-none-eabi/10.3.1/../../../../arm-none-eabi/lib/thumb/v7-m/nofp\libg.a(lib_a-fflush.o)
                0x08006844                __sflush_r
 .text._fflush_r
                0x08006968       0x5c d:/tool/gcc-arm-none-eabi/gcc-arm-none-eabi-10.3-2021.07/bin/../lib/gcc/arm-none-eabi/10.3.1/../../../../arm-none-eabi/lib/thumb/v7-m/nofp\libg.a(lib_a-fflush.o)
                0x08006968                _fflush_r
 .text._cleanup_r
                0x080069c4        0xc d:/tool/gcc-arm-none-eabi/gcc-arm-none-eabi-10.3-2021.07/bin/../lib/gcc/arm-none-eabi/10.3.1/../../../../arm-none-eabi/lib/thumb/v7-m/nofp\libg.a(lib_a-findfp.o)
                0x080069c4                _cleanup_r
 .text.__sinit  0x080069d0      0x10c d:/tool/gcc-arm-none-eabi/gcc-arm-none-eabi-10.3-2021.07/bin/../lib/gcc/arm-none-eabi/10.3.1/../../../../arm-none-eabi/lib/thumb/v7-m/nofp\libg.a(lib_a-findfp.o)
                0x080069d0                __sinit
 .text.__sfp_lock_acquire
                0x08006adc        0xc d:/tool/gcc-arm-none-eabi/gcc-arm-none-eabi-10.3-2021.07/bin/../lib/gcc/arm-none-eabi/10.3.1/../../../../arm-none-eabi/lib/thumb/v7-m/nofp\libg.a(lib_a-findfp.o)
                0x08006adc                __sfp_lock_acquire
 .text.__sfp_lock_release
                0x08006ae8        0xc d:/tool/gcc-arm-none-eabi/gcc-arm-none-eabi-10.3-2021.07/bin/../lib/gcc/arm-none-eabi/10.3.1/../../../../arm-none-eabi/lib/thumb/v7-m/nofp\libg.a(lib_a-findfp.o)
                0x08006ae8                __sfp_lock_release
 .text.__libc_fini_array
                0x08006af4       0x2c d:/tool/gcc-arm-none-eabi/gcc-arm-none-eabi-10.3-2021.07/bin/../lib/gcc/arm-none-eabi/10.3.1/../../../../arm-none-eabi/lib/thumb/v7-m/nofp\libg.a(lib_a-fini.o)
                0x08006af4                __libc_fini_array
 .text._malloc_trim_r
                0x08006b20       0xa0 d:/tool/gcc-arm-none-eabi/gcc-arm-none-eabi-10.3-2021.07/bin/../lib/gcc/arm-none-eabi/10.3.1/../../../../arm-none-eabi/lib/thumb/v7-m/nofp\libg.a(lib_a-freer.o)
                0x08006b20                _malloc_trim_r
 .text._free_r  0x08006bc0      0x200 d:/tool/gcc-arm-none-eabi/gcc-arm-none-eabi-10.3-2021.07/bin/../lib/gcc/arm-none-eabi/10.3.1/../../../../arm-none-eabi/lib/thumb/v7-m/nofp\libg.a(lib_a-freer.o)
                0x08006bc0                _free_r
 .text.__sfvwrite_r
                0x08006dc0      0x2f0 d:/tool/gcc-arm-none-eabi/gcc-arm-none-eabi-10.3-2021.07/bin/../lib/gcc/arm-none-eabi/10.3.1/../../../../arm-none-eabi/lib/thumb/v7-m/nofp\libg.a(lib_a-fvwrite.o)
                0x08006dc0                __sfvwrite_r
 .text._fwalk_reent
                0x080070b0       0x48 d:/tool/gcc-arm-none-eabi/gcc-arm-none-eabi-10.3-2021.07/bin/../lib/gcc/arm-none-eabi/10.3.1/../../../../arm-none-eabi/lib/thumb/v7-m/nofp\libg.a(lib_a-fwalk.o)
                0x080070b0                _fwalk_reent
 .text._localeconv_r
                0x080070f8        0x8 d:/tool/gcc-arm-none-eabi/gcc-arm-none-eabi-10.3-2021.07/bin/../lib/gcc/arm-none-eabi/10.3.1/../../../../arm-none-eabi/lib/thumb/v7-m/nofp\libg.a(lib_a-localeconv.o)
                0x080070f8                _localeconv_r
 .text.__retarget_lock_init_recursive
                0x08007100        0x4 d:/tool/gcc-arm-none-eabi/gcc-arm-none-eabi-10.3-2021.07/bin/../lib/gcc/arm-none-eabi/10.3.1/../../../../arm-none-eabi/lib/thumb/v7-m/nofp\libg.a(lib_a-lock.o)
                0x08007100                __retarget_lock_init_recursive
 .text.__retarget_lock_close_recursive
                0x08007104        0x4 d:/tool/gcc-arm-none-eabi/gcc-arm-none-eabi-10.3-2021.07/bin/../lib/gcc/arm-none-eabi/10.3.1/../../../../arm-none-eabi/lib/thumb/v7-m/nofp\libg.a(lib_a-lock.o)
                0x08007104                __retarget_lock_close_recursive
 .text.__retarget_lock_acquire_recursive
                0x08007108        0x4 d:/tool/gcc-arm-none-eabi/gcc-arm-none-eabi-10.3-2021.07/bin/../lib/gcc/arm-none-eabi/10.3.1/../../../../arm-none-eabi/lib/thumb/v7-m/nofp\libg.a(lib_a-lock.o)
                0x08007108                __retarget_lock_acquire_recursive
 .text.__retarget_lock_release_recursive
                0x0800710c        0x4 d:/tool/gcc-arm-none-eabi/gcc-arm-none-eabi-10.3-2021.07/bin/../lib/gcc/arm-none-eabi/10.3.1/../../../../arm-none-eabi/lib/thumb/v7-m/nofp\libg.a(lib_a-lock.o)
                0x0800710c                __retarget_lock_release_recursive
 .text.__smakebuf_r
                0x08007110       0xe0 d:/tool/gcc-arm-none-eabi/gcc-arm-none-eabi-10.3-2021.07/bin/../lib/gcc/arm-none-eabi/10.3.1/../../../../arm-none-eabi/lib/thumb/v7-m/nofp\libg.a(lib_a-makebuf.o)
                0x08007110                __smakebuf_r
 .text.__swhatbuf_r
                0x080071f0       0x60 d:/tool/gcc-arm-none-eabi/gcc-arm-none-eabi-10.3-2021.07/bin/../lib/gcc/arm-none-eabi/10.3.1/../../../../arm-none-eabi/lib/thumb/v7-m/nofp\libg.a(lib_a-makebuf.o)
                0x080071f0                __swhatbuf_r
 .text.malloc   0x08007250       0x10 d:/tool/gcc-arm-none-eabi/gcc-arm-none-eabi-10.3-2021.07/bin/../lib/gcc/arm-none-eabi/10.3.1/../../../../arm-none-eabi/lib/thumb/v7-m/nofp\libg.a(lib_a-malloc.o)
                0x08007250                malloc
 .text._malloc_r
                0x08007260      0x558 d:/tool/gcc-arm-none-eabi/gcc-arm-none-eabi-10.3-2021.07/bin/../lib/gcc/arm-none-eabi/10.3.1/../../../../arm-none-eabi/lib/thumb/v7-m/nofp\libg.a(lib_a-mallocr.o)
                0x08007260                _malloc_r
 .text.memchr   0x080077b8       0x90 d:/tool/gcc-arm-none-eabi/gcc-arm-none-eabi-10.3-2021.07/bin/../lib/gcc/arm-none-eabi/10.3.1/../../../../arm-none-eabi/lib/thumb/v7-m/nofp\libg.a(lib_a-memchr-stub.o)
                0x080077b8                memchr
 .text.memmove  0x08007848       0xf8 d:/tool/gcc-arm-none-eabi/gcc-arm-none-eabi-10.3-2021.07/bin/../lib/gcc/arm-none-eabi/10.3.1/../../../../arm-none-eabi/lib/thumb/v7-m/nofp\libg.a(lib_a-memmove.o)
                0x08007848                memmove
 .text.__malloc_lock
                0x08007940        0xc d:/tool/gcc-arm-none-eabi/gcc-arm-none-eabi-10.3-2021.07/bin/../lib/gcc/arm-none-eabi/10.3.1/../../../../arm-none-eabi/lib/thumb/v7-m/nofp\libg.a(lib_a-mlock.o)
                0x08007940                __malloc_lock
 .text.__malloc_unlock
                0x0800794c        0xc d:/tool/gcc-arm-none-eabi/gcc-arm-none-eabi-10.3-2021.07/bin/../lib/gcc/arm-none-eabi/10.3.1/../../../../arm-none-eabi/lib/thumb/v7-m/nofp\libg.a(lib_a-mlock.o)
                0x0800794c                __malloc_unlock
 .text._Balloc  0x08007958       0x4c d:/tool/gcc-arm-none-eabi/gcc-arm-none-eabi-10.3-2021.07/bin/../lib/gcc/arm-none-eabi/10.3.1/../../../../arm-none-eabi/lib/thumb/v7-m/nofp\libg.a(lib_a-mprec.o)
                0x08007958                _Balloc
 .text._Bfree   0x080079a4       0x14 d:/tool/gcc-arm-none-eabi/gcc-arm-none-eabi-10.3-2021.07/bin/../lib/gcc/arm-none-eabi/10.3.1/../../../../arm-none-eabi/lib/thumb/v7-m/nofp\libg.a(lib_a-mprec.o)
                0x080079a4                _Bfree
 .text.__multadd
                0x080079b8       0xa4 d:/tool/gcc-arm-none-eabi/gcc-arm-none-eabi-10.3-2021.07/bin/../lib/gcc/arm-none-eabi/10.3.1/../../../../arm-none-eabi/lib/thumb/v7-m/nofp\libg.a(lib_a-mprec.o)
                0x080079b8                __multadd
 .text.__hi0bits
                0x08007a5c       0x40 d:/tool/gcc-arm-none-eabi/gcc-arm-none-eabi-10.3-2021.07/bin/../lib/gcc/arm-none-eabi/10.3.1/../../../../arm-none-eabi/lib/thumb/v7-m/nofp\libg.a(lib_a-mprec.o)
                0x08007a5c                __hi0bits
 .text.__lo0bits
                0x08007a9c       0x58 d:/tool/gcc-arm-none-eabi/gcc-arm-none-eabi-10.3-2021.07/bin/../lib/gcc/arm-none-eabi/10.3.1/../../../../arm-none-eabi/lib/thumb/v7-m/nofp\libg.a(lib_a-mprec.o)
                0x08007a9c                __lo0bits
 .text.__i2b    0x08007af4       0x5c d:/tool/gcc-arm-none-eabi/gcc-arm-none-eabi-10.3-2021.07/bin/../lib/gcc/arm-none-eabi/10.3.1/../../../../arm-none-eabi/lib/thumb/v7-m/nofp\libg.a(lib_a-mprec.o)
                0x08007af4                __i2b
 .text.__multiply
                0x08007b50      0x15c d:/tool/gcc-arm-none-eabi/gcc-arm-none-eabi-10.3-2021.07/bin/../lib/gcc/arm-none-eabi/10.3.1/../../../../arm-none-eabi/lib/thumb/v7-m/nofp\libg.a(lib_a-mprec.o)
                0x08007b50                __multiply
 .text.__pow5mult
                0x08007cac       0xb8 d:/tool/gcc-arm-none-eabi/gcc-arm-none-eabi-10.3-2021.07/bin/../lib/gcc/arm-none-eabi/10.3.1/../../../../arm-none-eabi/lib/thumb/v7-m/nofp\libg.a(lib_a-mprec.o)
                0x08007cac                __pow5mult
 .text.__lshift
                0x08007d64       0xec d:/tool/gcc-arm-none-eabi/gcc-arm-none-eabi-10.3-2021.07/bin/../lib/gcc/arm-none-eabi/10.3.1/../../../../arm-none-eabi/lib/thumb/v7-m/nofp\libg.a(lib_a-mprec.o)
                0x08007d64                __lshift
 .text.__mcmp   0x08007e50       0x40 d:/tool/gcc-arm-none-eabi/gcc-arm-none-eabi-10.3-2021.07/bin/../lib/gcc/arm-none-eabi/10.3.1/../../../../arm-none-eabi/lib/thumb/v7-m/nofp\libg.a(lib_a-mprec.o)
                0x08007e50                __mcmp
 .text.__mdiff  0x08007e90      0x14c d:/tool/gcc-arm-none-eabi/gcc-arm-none-eabi-10.3-2021.07/bin/../lib/gcc/arm-none-eabi/10.3.1/../../../../arm-none-eabi/lib/thumb/v7-m/nofp\libg.a(lib_a-mprec.o)
                0x08007e90                __mdiff
 .text.__d2b    0x08007fdc       0xc4 d:/tool/gcc-arm-none-eabi/gcc-arm-none-eabi-10.3-2021.07/bin/../lib/gcc/arm-none-eabi/10.3.1/../../../../arm-none-eabi/lib/thumb/v7-m/nofp\libg.a(lib_a-mprec.o)
                0x08007fdc                __d2b
 .text._realloc_r
                0x080080a0      0x3dc d:/tool/gcc-arm-none-eabi/gcc-arm-none-eabi-10.3-2021.07/bin/../lib/gcc/arm-none-eabi/10.3.1/../../../../arm-none-eabi/lib/thumb/v7-m/nofp\libg.a(lib_a-reallocr.o)
                0x080080a0                _realloc_r
 .text.frexp    0x0800847c       0x70 d:/tool/gcc-arm-none-eabi/gcc-arm-none-eabi-10.3-2021.07/bin/../lib/gcc/arm-none-eabi/10.3.1/../../../../arm-none-eabi/lib/thumb/v7-m/nofp\libg.a(lib_a-s_frexp.o)
                0x0800847c                frexp
 .text._sbrk_r  0x080084ec       0x24 d:/tool/gcc-arm-none-eabi/gcc-arm-none-eabi-10.3-2021.07/bin/../lib/gcc/arm-none-eabi/10.3.1/../../../../arm-none-eabi/lib/thumb/v7-m/nofp\libg.a(lib_a-sbrkr.o)
                0x080084ec                _sbrk_r
 .text.__sread  0x08008510       0x24 d:/tool/gcc-arm-none-eabi/gcc-arm-none-eabi-10.3-2021.07/bin/../lib/gcc/arm-none-eabi/10.3.1/../../../../arm-none-eabi/lib/thumb/v7-m/nofp\libg.a(lib_a-stdio.o)
                0x08008510                __sread
 .text.__swrite
                0x08008534       0x40 d:/tool/gcc-arm-none-eabi/gcc-arm-none-eabi-10.3-2021.07/bin/../lib/gcc/arm-none-eabi/10.3.1/../../../../arm-none-eabi/lib/thumb/v7-m/nofp\libg.a(lib_a-stdio.o)
                0x08008534                __swrite
 .text.__sseek  0x08008574       0x20 d:/tool/gcc-arm-none-eabi/gcc-arm-none-eabi-10.3-2021.07/bin/../lib/gcc/arm-none-eabi/10.3.1/../../../../arm-none-eabi/lib/thumb/v7-m/nofp\libg.a(lib_a-stdio.o)
                0x08008574                __sseek
 .text.__sclose
                0x08008594        0x8 d:/tool/gcc-arm-none-eabi/gcc-arm-none-eabi-10.3-2021.07/bin/../lib/gcc/arm-none-eabi/10.3.1/../../../../arm-none-eabi/lib/thumb/v7-m/nofp\libg.a(lib_a-stdio.o)
                0x08008594                __sclose
 .text.strncpy  0x0800859c       0x68 d:/tool/gcc-arm-none-eabi/gcc-arm-none-eabi-10.3-2021.07/bin/../lib/gcc/arm-none-eabi/10.3.1/../../../../arm-none-eabi/lib/thumb/v7-m/nofp\libg.a(lib_a-strncpy.o)
                0x0800859c                strncpy
 .text.__sprint_r.part.0
                0x08008604       0x78 d:/tool/gcc-arm-none-eabi/gcc-arm-none-eabi-10.3-2021.07/bin/../lib/gcc/arm-none-eabi/10.3.1/../../../../arm-none-eabi/lib/thumb/v7-m/nofp\libg.a(lib_a-vfiprintf.o)
 .text.__sprint_r
                0x0800867c       0x14 d:/tool/gcc-arm-none-eabi/gcc-arm-none-eabi-10.3-2021.07/bin/../lib/gcc/arm-none-eabi/10.3.1/../../../../arm-none-eabi/lib/thumb/v7-m/nofp\libg.a(lib_a-vfiprintf.o)
                0x0800867c                __sprint_r
 .text._vfiprintf_r
                0x08008690      0xd98 d:/tool/gcc-arm-none-eabi/gcc-arm-none-eabi-10.3-2021.07/bin/../lib/gcc/arm-none-eabi/10.3.1/../../../../arm-none-eabi/lib/thumb/v7-m/nofp\libg.a(lib_a-vfiprintf.o)
                0x08008690                _vfiprintf_r
 .text.__sbprintf
                0x08009428       0x84 d:/tool/gcc-arm-none-eabi/gcc-arm-none-eabi-10.3-2021.07/bin/../lib/gcc/arm-none-eabi/10.3.1/../../../../arm-none-eabi/lib/thumb/v7-m/nofp\libg.a(lib_a-vfiprintf.o)
 .text._write_r
                0x080094ac       0x2c d:/tool/gcc-arm-none-eabi/gcc-arm-none-eabi-10.3-2021.07/bin/../lib/gcc/arm-none-eabi/10.3.1/../../../../arm-none-eabi/lib/thumb/v7-m/nofp\libg.a(lib_a-writer.o)
                0x080094ac                _write_r
 .text.__register_exitproc
                0x080094d8       0x8c d:/tool/gcc-arm-none-eabi/gcc-arm-none-eabi-10.3-2021.07/bin/../lib/gcc/arm-none-eabi/10.3.1/../../../../arm-none-eabi/lib/thumb/v7-m/nofp\libg.a(lib_a-__atexit.o)
                0x080094d8                __register_exitproc
 .text.__assert_func
                0x08009564       0x40 d:/tool/gcc-arm-none-eabi/gcc-arm-none-eabi-10.3-2021.07/bin/../lib/gcc/arm-none-eabi/10.3.1/../../../../arm-none-eabi/lib/thumb/v7-m/nofp\libg.a(lib_a-assert.o)
                0x08009564                __assert_func
 .text._calloc_r
                0x080095a4       0x78 d:/tool/gcc-arm-none-eabi/gcc-arm-none-eabi-10.3-2021.07/bin/../lib/gcc/arm-none-eabi/10.3.1/../../../../arm-none-eabi/lib/thumb/v7-m/nofp\libg.a(lib_a-callocr.o)
                0x080095a4                _calloc_r
 .text._close_r
                0x0800961c       0x24 d:/tool/gcc-arm-none-eabi/gcc-arm-none-eabi-10.3-2021.07/bin/../lib/gcc/arm-none-eabi/10.3.1/../../../../arm-none-eabi/lib/thumb/v7-m/nofp\libg.a(lib_a-closer.o)
                0x0800961c                _close_r
 .text._fclose_r
                0x08009640       0xcc d:/tool/gcc-arm-none-eabi/gcc-arm-none-eabi-10.3-2021.07/bin/../lib/gcc/arm-none-eabi/10.3.1/../../../../arm-none-eabi/lib/thumb/v7-m/nofp\libg.a(lib_a-fclose.o)
                0x08009640                _fclose_r
 .text.fiprintf
                0x0800970c       0x28 d:/tool/gcc-arm-none-eabi/gcc-arm-none-eabi-10.3-2021.07/bin/../lib/gcc/arm-none-eabi/10.3.1/../../../../arm-none-eabi/lib/thumb/v7-m/nofp\libg.a(lib_a-fiprintf.o)
                0x0800970c                fiprintf
 .text.__fputwc
                0x08009734       0xa0 d:/tool/gcc-arm-none-eabi/gcc-arm-none-eabi-10.3-2021.07/bin/../lib/gcc/arm-none-eabi/10.3.1/../../../../arm-none-eabi/lib/thumb/v7-m/nofp\libg.a(lib_a-fputwc.o)
                0x08009734                __fputwc
 .text._fputwc_r
                0x080097d4       0x68 d:/tool/gcc-arm-none-eabi/gcc-arm-none-eabi-10.3-2021.07/bin/../lib/gcc/arm-none-eabi/10.3.1/../../../../arm-none-eabi/lib/thumb/v7-m/nofp\libg.a(lib_a-fputwc.o)
                0x080097d4                _fputwc_r
 .text._fstat_r
                0x0800983c       0x28 d:/tool/gcc-arm-none-eabi/gcc-arm-none-eabi-10.3-2021.07/bin/../lib/gcc/arm-none-eabi/10.3.1/../../../../arm-none-eabi/lib/thumb/v7-m/nofp\libg.a(lib_a-fstatr.o)
                0x0800983c                _fstat_r
 .text._isatty_r
                0x08009864       0x24 d:/tool/gcc-arm-none-eabi/gcc-arm-none-eabi-10.3-2021.07/bin/../lib/gcc/arm-none-eabi/10.3.1/../../../../arm-none-eabi/lib/thumb/v7-m/nofp\libg.a(lib_a-isattyr.o)
                0x08009864                _isatty_r
 .text.__locale_mb_cur_max
                0x08009888        0xc d:/tool/gcc-arm-none-eabi/gcc-arm-none-eabi-10.3-2021.07/bin/../lib/gcc/arm-none-eabi/10.3.1/../../../../arm-none-eabi/lib/thumb/v7-m/nofp\libg.a(lib_a-locale.o)
                0x08009888                __locale_mb_cur_max
 .text._lseek_r
                0x08009894       0x2c d:/tool/gcc-arm-none-eabi/gcc-arm-none-eabi-10.3-2021.07/bin/../lib/gcc/arm-none-eabi/10.3.1/../../../../arm-none-eabi/lib/thumb/v7-m/nofp\libg.a(lib_a-lseekr.o)
                0x08009894                _lseek_r
 .text.__ascii_mbtowc
                0x080098c0       0x2c d:/tool/gcc-arm-none-eabi/gcc-arm-none-eabi-10.3-2021.07/bin/../lib/gcc/arm-none-eabi/10.3.1/../../../../arm-none-eabi/lib/thumb/v7-m/nofp\libg.a(lib_a-mbtowc_r.o)
                0x080098c0                __ascii_mbtowc
 .text._read_r  0x080098ec       0x2c d:/tool/gcc-arm-none-eabi/gcc-arm-none-eabi-10.3-2021.07/bin/../lib/gcc/arm-none-eabi/10.3.1/../../../../arm-none-eabi/lib/thumb/v7-m/nofp\libg.a(lib_a-readr.o)
                0x080098ec                _read_r
 .text.__swbuf_r
                0x08009918       0xb0 d:/tool/gcc-arm-none-eabi/gcc-arm-none-eabi-10.3-2021.07/bin/../lib/gcc/arm-none-eabi/10.3.1/../../../../arm-none-eabi/lib/thumb/v7-m/nofp\libg.a(lib_a-wbuf.o)
                0x08009918                __swbuf_r
 .text._wcrtomb_r
                0x080099c8       0x3c d:/tool/gcc-arm-none-eabi/gcc-arm-none-eabi-10.3-2021.07/bin/../lib/gcc/arm-none-eabi/10.3.1/../../../../arm-none-eabi/lib/thumb/v7-m/nofp\libg.a(lib_a-wcrtomb.o)
                0x080099c8                _wcrtomb_r
 .text.__ascii_wctomb
                0x08009a04       0x1c d:/tool/gcc-arm-none-eabi/gcc-arm-none-eabi-10.3-2021.07/bin/../lib/gcc/arm-none-eabi/10.3.1/../../../../arm-none-eabi/lib/thumb/v7-m/nofp\libg.a(lib_a-wctomb_r.o)
                0x08009a04                __ascii_wctomb
 .text.abort    0x08009a20       0x10 d:/tool/gcc-arm-none-eabi/gcc-arm-none-eabi-10.3-2021.07/bin/../lib/gcc/arm-none-eabi/10.3.1/../../../../arm-none-eabi/lib/thumb/v7-m/nofp\libg.a(lib_a-abort.o)
                0x08009a20                abort
 .text.raise    0x08009a30       0x5c d:/tool/gcc-arm-none-eabi/gcc-arm-none-eabi-10.3-2021.07/bin/../lib/gcc/arm-none-eabi/10.3.1/../../../../arm-none-eabi/lib/thumb/v7-m/nofp\libg.a(lib_a-signal.o)
                0x08009a30                raise
 .text._kill_r  0x08009a8c       0x28 d:/tool/gcc-arm-none-eabi/gcc-arm-none-eabi-10.3-2021.07/bin/../lib/gcc/arm-none-eabi/10.3.1/../../../../arm-none-eabi/lib/thumb/v7-m/nofp\libg.a(lib_a-signalr.o)
                0x08009a8c                _kill_r
 .text._getpid_r
                0x08009ab4        0x4 d:/tool/gcc-arm-none-eabi/gcc-arm-none-eabi-10.3-2021.07/bin/../lib/gcc/arm-none-eabi/10.3.1/../../../../arm-none-eabi/lib/thumb/v7-m/nofp\libg.a(lib_a-signalr.o)
                0x08009ab4                _getpid_r
 *(.glue_7)
 .glue_7        0x08009ab8        0x0 linker stubs
 *(.glue_7t)
 .glue_7t       0x08009ab8        0x0 linker stubs
 *(.eh_frame)
 .eh_frame      0x08009ab8        0x0 d:/tool/gcc-arm-none-eabi/gcc-arm-none-eabi-10.3-2021.07/bin/../lib/gcc/arm-none-eabi/10.3.1/thumb/v7-m/nofp/crtbegin.o
 *(.init)
 .init          0x08009ab8        0x4 d:/tool/gcc-arm-none-eabi/gcc-arm-none-eabi-10.3-2021.07/bin/../lib/gcc/arm-none-eabi/10.3.1/thumb/v7-m/nofp/crti.o
                0x08009ab8                _init
 .init          0x08009abc        0x8 d:/tool/gcc-arm-none-eabi/gcc-arm-none-eabi-10.3-2021.07/bin/../lib/gcc/arm-none-eabi/10.3.1/thumb/v7-m/nofp/crtn.o
 *(.fini)
 .fini          0x08009ac4        0x4 d:/tool/gcc-arm-none-eabi/gcc-arm-none-eabi-10.3-2021.07/bin/../lib/gcc/arm-none-eabi/10.3.1/thumb/v7-m/nofp/crti.o
                0x08009ac4                _fini
 .fini          0x08009ac8        0x8 d:/tool/gcc-arm-none-eabi/gcc-arm-none-eabi-10.3-2021.07/bin/../lib/gcc/arm-none-eabi/10.3.1/thumb/v7-m/nofp/crtn.o
                0x08009ad0                . = ALIGN (0x4)
                0x08009ad0                _etext = .

.vfp11_veneer   0x08009ad0        0x0
 .vfp11_veneer  0x08009ad0        0x0 linker stubs

.v4_bx          0x08009ad0        0x0
 .v4_bx         0x08009ad0        0x0 linker stubs

.iplt           0x08009ad0        0x0
 .iplt          0x08009ad0        0x0 d:/tool/gcc-arm-none-eabi/gcc-arm-none-eabi-10.3-2021.07/bin/../lib/gcc/arm-none-eabi/10.3.1/thumb/v7-m/nofp/crtbegin.o

.rodata         0x08009ad0      0x450
                0x08009ad0                . = ALIGN (0x4)
 *(.rodata)
 *(.rodata*)
 .rodata.Motor_init.str1.4
                0x08009ad0        0xf CMakeFiles/ROS_Robot.elf.dir/Core/BSP/Motor.c.obj
 *fill*         0x08009adf        0x1 
 .rodata.main.str1.4
                0x08009ae0       0x12 CMakeFiles/ROS_Robot.elf.dir/Core/Src/main.c.obj
 *fill*         0x08009af2        0x2 
 .rodata.AHBPrescTable
                0x08009af4       0x10 CMakeFiles/ROS_Robot.elf.dir/Core/Src/system_stm32f1xx.c.obj
                0x08009af4                AHBPrescTable
 .rodata.APBPrescTable
                0x08009b04        0x8 CMakeFiles/ROS_Robot.elf.dir/Core/Src/system_stm32f1xx.c.obj
                0x08009b04                APBPrescTable
 .rodata.HAL_RCC_GetSysClockFreq.str1.4
                0x08009b0c       0x11 CMakeFiles/ROS_Robot.elf.dir/Drivers/STM32F1xx_HAL_Driver/Src/stm32f1xx_hal_rcc.c.obj
 *fill*         0x08009b1d        0x3 
 .rodata._global_impure_ptr
                0x08009b20        0x4 d:/tool/gcc-arm-none-eabi/gcc-arm-none-eabi-10.3-2021.07/bin/../lib/gcc/arm-none-eabi/10.3.1/../../../../arm-none-eabi/lib/thumb/v7-m/nofp\libg.a(lib_a-impure.o)
                0x08009b20                _global_impure_ptr
 .rodata._puts_r.str1.4
                0x08009b24       0x11 d:/tool/gcc-arm-none-eabi/gcc-arm-none-eabi-10.3-2021.07/bin/../lib/gcc/arm-none-eabi/10.3.1/../../../../arm-none-eabi/lib/thumb/v7-m/nofp\libg.a(lib_a-puts.o)
                                  0x2 (size before relaxing)
 .rodata._vfprintf_r.str1.4
                0x08009b24       0x42 d:/tool/gcc-arm-none-eabi/gcc-arm-none-eabi-10.3-2021.07/bin/../lib/gcc/arm-none-eabi/10.3.1/../../../../arm-none-eabi/lib/thumb/v7-m/nofp\libg.a(lib_a-vfprintf.o)
 *fill*         0x08009b66        0x2 
 .rodata.blanks.1
                0x08009b68       0x10 d:/tool/gcc-arm-none-eabi/gcc-arm-none-eabi-10.3-2021.07/bin/../lib/gcc/arm-none-eabi/10.3.1/../../../../arm-none-eabi/lib/thumb/v7-m/nofp\libg.a(lib_a-vfprintf.o)
 .rodata.zeroes.0
                0x08009b78       0x10 d:/tool/gcc-arm-none-eabi/gcc-arm-none-eabi-10.3-2021.07/bin/../lib/gcc/arm-none-eabi/10.3.1/../../../../arm-none-eabi/lib/thumb/v7-m/nofp\libg.a(lib_a-vfprintf.o)
 .rodata._dtoa_r.str1.4
                0x08009b88       0xa2 d:/tool/gcc-arm-none-eabi/gcc-arm-none-eabi-10.3-2021.07/bin/../lib/gcc/arm-none-eabi/10.3.1/../../../../arm-none-eabi/lib/thumb/v7-m/nofp\libg.a(lib_a-dtoa.o)
                                 0xa6 (size before relaxing)
 *fill*         0x08009c2a        0x2 
 .rodata.__multadd.str1.4
                0x08009c2c       0x7f d:/tool/gcc-arm-none-eabi/gcc-arm-none-eabi-10.3-2021.07/bin/../lib/gcc/arm-none-eabi/10.3.1/../../../../arm-none-eabi/lib/thumb/v7-m/nofp\libg.a(lib_a-mprec.o)
                                 0x93 (size before relaxing)
 *fill*         0x08009cab        0x5 
 .rodata.__mprec_bigtens
                0x08009cb0       0x28 d:/tool/gcc-arm-none-eabi/gcc-arm-none-eabi-10.3-2021.07/bin/../lib/gcc/arm-none-eabi/10.3.1/../../../../arm-none-eabi/lib/thumb/v7-m/nofp\libg.a(lib_a-mprec.o)
                0x08009cb0                __mprec_bigtens
 .rodata.__mprec_tens
                0x08009cd8       0xc8 d:/tool/gcc-arm-none-eabi/gcc-arm-none-eabi-10.3-2021.07/bin/../lib/gcc/arm-none-eabi/10.3.1/../../../../arm-none-eabi/lib/thumb/v7-m/nofp\libg.a(lib_a-mprec.o)
                0x08009cd8                __mprec_tens
 .rodata.p05.0  0x08009da0        0xc d:/tool/gcc-arm-none-eabi/gcc-arm-none-eabi-10.3-2021.07/bin/../lib/gcc/arm-none-eabi/10.3.1/../../../../arm-none-eabi/lib/thumb/v7-m/nofp\libg.a(lib_a-mprec.o)
 .rodata._vfiprintf_r.str1.4
                0x08009dac       0x2f d:/tool/gcc-arm-none-eabi/gcc-arm-none-eabi-10.3-2021.07/bin/../lib/gcc/arm-none-eabi/10.3.1/../../../../arm-none-eabi/lib/thumb/v7-m/nofp\libg.a(lib_a-vfiprintf.o)
 .rodata.blanks.1
                0x08009dac       0x10 d:/tool/gcc-arm-none-eabi/gcc-arm-none-eabi-10.3-2021.07/bin/../lib/gcc/arm-none-eabi/10.3.1/../../../../arm-none-eabi/lib/thumb/v7-m/nofp\libg.a(lib_a-vfiprintf.o)
 .rodata.zeroes.0
                0x08009dbc       0x10 d:/tool/gcc-arm-none-eabi/gcc-arm-none-eabi-10.3-2021.07/bin/../lib/gcc/arm-none-eabi/10.3.1/../../../../arm-none-eabi/lib/thumb/v7-m/nofp\libg.a(lib_a-vfiprintf.o)
 .rodata.__assert_func.str1.4
                0x08009dcc       0x3f d:/tool/gcc-arm-none-eabi/gcc-arm-none-eabi-10.3-2021.07/bin/../lib/gcc/arm-none-eabi/10.3.1/../../../../arm-none-eabi/lib/thumb/v7-m/nofp\libg.a(lib_a-assert.o)
                                 0x43 (size before relaxing)
 *fill*         0x08009e0b        0x1 
 .rodata._setlocale_r.str1.4
                0x08009e0c        0xa d:/tool/gcc-arm-none-eabi/gcc-arm-none-eabi-10.3-2021.07/bin/../lib/gcc/arm-none-eabi/10.3.1/../../../../arm-none-eabi/lib/thumb/v7-m/nofp\libg.a(lib_a-locale.o)
                                  0xd (size before relaxing)
 *fill*         0x08009e16        0x2 
 .rodata.str1.4
                0x08009e18        0x2 d:/tool/gcc-arm-none-eabi/gcc-arm-none-eabi-10.3-2021.07/bin/../lib/gcc/arm-none-eabi/10.3.1/../../../../arm-none-eabi/lib/thumb/v7-m/nofp\libg.a(lib_a-locale.o)
 *fill*         0x08009e1a        0x2 
 .rodata._ctype_
                0x08009e1c      0x101 d:/tool/gcc-arm-none-eabi/gcc-arm-none-eabi-10.3-2021.07/bin/../lib/gcc/arm-none-eabi/10.3.1/../../../../arm-none-eabi/lib/thumb/v7-m/nofp\libg.a(lib_a-ctype_.o)
                0x08009e1c                _ctype_
                0x08009f20                . = ALIGN (0x4)
 *fill*         0x08009f1d        0x3 

.ARM.extab      0x08009f20        0x0
                0x08009f20                . = ALIGN (0x4)
 *(.ARM.extab* .gnu.linkonce.armextab.*)
                0x08009f20                . = ALIGN (0x4)

.ARM            0x08009f20        0x8
                0x08009f20                . = ALIGN (0x4)
                0x08009f20                __exidx_start = .
 *(.ARM.exidx*)
 .ARM.exidx     0x08009f20        0x8 d:/tool/gcc-arm-none-eabi/gcc-arm-none-eabi-10.3-2021.07/bin/../lib/gcc/arm-none-eabi/10.3.1/thumb/v7-m/nofp\libgcc.a(_udivmoddi4.o)
                0x08009f28                __exidx_end = .
                0x08009f28                . = ALIGN (0x4)

.rel.dyn        0x08009f28        0x0
 .rel.iplt      0x08009f28        0x0 d:/tool/gcc-arm-none-eabi/gcc-arm-none-eabi-10.3-2021.07/bin/../lib/gcc/arm-none-eabi/10.3.1/thumb/v7-m/nofp/crtbegin.o

.preinit_array  0x08009f28        0x0
                0x08009f28                . = ALIGN (0x4)
                0x08009f28                PROVIDE (__preinit_array_start = .)
 *(.preinit_array*)
                0x08009f28                PROVIDE (__preinit_array_end = .)
                0x08009f28                . = ALIGN (0x4)

.init_array     0x08009f28        0x8
                0x08009f28                . = ALIGN (0x4)
                0x08009f28                PROVIDE (__init_array_start = .)
 *(SORT_BY_NAME(.init_array.*))
 .init_array.00000
                0x08009f28        0x4 d:/tool/gcc-arm-none-eabi/gcc-arm-none-eabi-10.3-2021.07/bin/../lib/gcc/arm-none-eabi/10.3.1/../../../../arm-none-eabi/lib/thumb/v7-m/nofp\libg.a(lib_a-__call_atexit.o)
 *(.init_array*)
 .init_array    0x08009f2c        0x4 d:/tool/gcc-arm-none-eabi/gcc-arm-none-eabi-10.3-2021.07/bin/../lib/gcc/arm-none-eabi/10.3.1/thumb/v7-m/nofp/crtbegin.o
                0x08009f30                PROVIDE (__init_array_end = .)
                0x08009f30                . = ALIGN (0x4)

.fini_array     0x08009f30        0x4
                0x08009f30                . = ALIGN (0x4)
                0x08009f30                PROVIDE (__fini_array_start = .)
 *(SORT_BY_NAME(.fini_array.*))
 *(.fini_array*)
 .fini_array    0x08009f30        0x4 d:/tool/gcc-arm-none-eabi/gcc-arm-none-eabi-10.3-2021.07/bin/../lib/gcc/arm-none-eabi/10.3.1/thumb/v7-m/nofp/crtbegin.o
                0x08009f34                PROVIDE (__fini_array_end = .)
                0x08009f34                . = ALIGN (0x4)
                0x08009f34                _sidata = LOADADDR (.data)

.data           0x20000000      0x9b8 load address 0x08009f34
                0x20000000                . = ALIGN (0x4)
                0x20000000                _sdata = .
 *(.data)
 *(.data*)
 .data.SystemCoreClock
                0x20000000        0x4 CMakeFiles/ROS_Robot.elf.dir/Core/Src/system_stm32f1xx.c.obj
                0x20000000                SystemCoreClock
 .data.uwTickFreq
                0x20000004        0x1 CMakeFiles/ROS_Robot.elf.dir/Drivers/STM32F1xx_HAL_Driver/Src/stm32f1xx_hal.c.obj
                0x20000004                uwTickFreq
 *fill*         0x20000005        0x3 
 .data.uwTickPrio
                0x20000008        0x4 CMakeFiles/ROS_Robot.elf.dir/Drivers/STM32F1xx_HAL_Driver/Src/stm32f1xx_hal.c.obj
                0x20000008                uwTickPrio
 .data._impure_ptr
                0x2000000c        0x4 d:/tool/gcc-arm-none-eabi/gcc-arm-none-eabi-10.3-2021.07/bin/../lib/gcc/arm-none-eabi/10.3.1/../../../../arm-none-eabi/lib/thumb/v7-m/nofp\libg.a(lib_a-impure.o)
                0x2000000c                _impure_ptr
 .data.impure_data
                0x20000010      0x428 d:/tool/gcc-arm-none-eabi/gcc-arm-none-eabi-10.3-2021.07/bin/../lib/gcc/arm-none-eabi/10.3.1/../../../../arm-none-eabi/lib/thumb/v7-m/nofp\libg.a(lib_a-impure.o)
 .data.__atexit_recursive_mutex
                0x20000438        0x4 d:/tool/gcc-arm-none-eabi/gcc-arm-none-eabi-10.3-2021.07/bin/../lib/gcc/arm-none-eabi/10.3.1/../../../../arm-none-eabi/lib/thumb/v7-m/nofp\libg.a(lib_a-__call_atexit.o)
                0x20000438                __atexit_recursive_mutex
 .data.__malloc_av_
                0x2000043c      0x408 d:/tool/gcc-arm-none-eabi/gcc-arm-none-eabi-10.3-2021.07/bin/../lib/gcc/arm-none-eabi/10.3.1/../../../../arm-none-eabi/lib/thumb/v7-m/nofp\libg.a(lib_a-mallocr.o)
                0x2000043c                __malloc_av_
 .data.__malloc_sbrk_base
                0x20000844        0x4 d:/tool/gcc-arm-none-eabi/gcc-arm-none-eabi-10.3-2021.07/bin/../lib/gcc/arm-none-eabi/10.3.1/../../../../arm-none-eabi/lib/thumb/v7-m/nofp\libg.a(lib_a-mallocr.o)
                0x20000844                __malloc_sbrk_base
 .data.__malloc_trim_threshold
                0x20000848        0x4 d:/tool/gcc-arm-none-eabi/gcc-arm-none-eabi-10.3-2021.07/bin/../lib/gcc/arm-none-eabi/10.3.1/../../../../arm-none-eabi/lib/thumb/v7-m/nofp\libg.a(lib_a-mallocr.o)
                0x20000848                __malloc_trim_threshold
 .data.__global_locale
                0x2000084c      0x16c d:/tool/gcc-arm-none-eabi/gcc-arm-none-eabi-10.3-2021.07/bin/../lib/gcc/arm-none-eabi/10.3.1/../../../../arm-none-eabi/lib/thumb/v7-m/nofp\libg.a(lib_a-locale.o)
                0x2000084c                __global_locale
 *(.RamFunc)
 *(.RamFunc*)
                0x200009b8                . = ALIGN (0x4)
                0x200009b8                _edata = .

.igot.plt       0x200009b8        0x0 load address 0x0800a8ec
 .igot.plt      0x200009b8        0x0 d:/tool/gcc-arm-none-eabi/gcc-arm-none-eabi-10.3-2021.07/bin/../lib/gcc/arm-none-eabi/10.3.1/thumb/v7-m/nofp/crtbegin.o
                0x200009b8                . = ALIGN (0x4)

.bss            0x200009b8      0x6f4 load address 0x0800a8ec
                0x200009b8                _sbss = .
                0x200009b8                __bss_start__ = _sbss
 *(.bss)
 .bss           0x200009b8       0x1c d:/tool/gcc-arm-none-eabi/gcc-arm-none-eabi-10.3-2021.07/bin/../lib/gcc/arm-none-eabi/10.3.1/thumb/v7-m/nofp/crtbegin.o
 *(.bss*)
 .bss.encoder   0x200009d4        0x8 CMakeFiles/ROS_Robot.elf.dir/Core/BSP/Encoder.c.obj
                0x200009d4                encoder
 .bss.OLED_GRAM
                0x200009dc      0x480 CMakeFiles/ROS_Robot.elf.dir/Core/BSP/oled.c.obj
                0x200009dc                OLED_GRAM
 .bss.gHuart    0x20000e5c        0x4 CMakeFiles/ROS_Robot.elf.dir/Core/BSP/retarget.c.obj
                0x20000e5c                gHuart
 .bss.hi2c2     0x20000e60       0x54 CMakeFiles/ROS_Robot.elf.dir/Core/Src/i2c.c.obj
                0x20000e60                hi2c2
 .bss.__sbrk_heap_end
                0x20000eb4        0x4 CMakeFiles/ROS_Robot.elf.dir/Core/Src/sysmem.c.obj
 .bss.htim1     0x20000eb8       0x48 CMakeFiles/ROS_Robot.elf.dir/Core/Src/tim.c.obj
                0x20000eb8                htim1
 .bss.htim2     0x20000f00       0x48 CMakeFiles/ROS_Robot.elf.dir/Core/Src/tim.c.obj
                0x20000f00                htim2
 .bss.htim3     0x20000f48       0x48 CMakeFiles/ROS_Robot.elf.dir/Core/Src/tim.c.obj
                0x20000f48                htim3
 .bss.htim4     0x20000f90       0x48 CMakeFiles/ROS_Robot.elf.dir/Core/Src/tim.c.obj
                0x20000f90                htim4
 .bss.huart1    0x20000fd8       0x44 CMakeFiles/ROS_Robot.elf.dir/Core/Src/usart.c.obj
                0x20000fd8                huart1
 .bss.huart2    0x2000101c       0x44 CMakeFiles/ROS_Robot.elf.dir/Core/Src/usart.c.obj
                0x2000101c                huart2
 .bss.uwTick    0x20001060        0x4 CMakeFiles/ROS_Robot.elf.dir/Drivers/STM32F1xx_HAL_Driver/Src/stm32f1xx_hal.c.obj
                0x20001060                uwTick
 .bss.__lock___atexit_recursive_mutex
                0x20001064        0x1 d:/tool/gcc-arm-none-eabi/gcc-arm-none-eabi-10.3-2021.07/bin/../lib/gcc/arm-none-eabi/10.3.1/../../../../arm-none-eabi/lib/thumb/v7-m/nofp\libg.a(lib_a-lock.o)
                0x20001064                __lock___atexit_recursive_mutex
 *fill*         0x20001065        0x3 
 .bss.__lock___malloc_recursive_mutex
                0x20001068        0x1 d:/tool/gcc-arm-none-eabi/gcc-arm-none-eabi-10.3-2021.07/bin/../lib/gcc/arm-none-eabi/10.3.1/../../../../arm-none-eabi/lib/thumb/v7-m/nofp\libg.a(lib_a-lock.o)
                0x20001068                __lock___malloc_recursive_mutex
 *fill*         0x20001069        0x3 
 .bss.__lock___sfp_recursive_mutex
                0x2000106c        0x1 d:/tool/gcc-arm-none-eabi/gcc-arm-none-eabi-10.3-2021.07/bin/../lib/gcc/arm-none-eabi/10.3.1/../../../../arm-none-eabi/lib/thumb/v7-m/nofp\libg.a(lib_a-lock.o)
                0x2000106c                __lock___sfp_recursive_mutex
 *fill*         0x2000106d        0x3 
 .bss.__lock___sinit_recursive_mutex
                0x20001070        0x1 d:/tool/gcc-arm-none-eabi/gcc-arm-none-eabi-10.3-2021.07/bin/../lib/gcc/arm-none-eabi/10.3.1/../../../../arm-none-eabi/lib/thumb/v7-m/nofp\libg.a(lib_a-lock.o)
                0x20001070                __lock___sinit_recursive_mutex
 *fill*         0x20001071        0x3 
 .bss.__malloc_current_mallinfo
                0x20001074       0x28 d:/tool/gcc-arm-none-eabi/gcc-arm-none-eabi-10.3-2021.07/bin/../lib/gcc/arm-none-eabi/10.3.1/../../../../arm-none-eabi/lib/thumb/v7-m/nofp\libg.a(lib_a-mallocr.o)
                0x20001074                __malloc_current_mallinfo
 .bss.__malloc_max_sbrked_mem
                0x2000109c        0x4 d:/tool/gcc-arm-none-eabi/gcc-arm-none-eabi-10.3-2021.07/bin/../lib/gcc/arm-none-eabi/10.3.1/../../../../arm-none-eabi/lib/thumb/v7-m/nofp\libg.a(lib_a-mallocr.o)
                0x2000109c                __malloc_max_sbrked_mem
 .bss.__malloc_max_total_mem
                0x200010a0        0x4 d:/tool/gcc-arm-none-eabi/gcc-arm-none-eabi-10.3-2021.07/bin/../lib/gcc/arm-none-eabi/10.3.1/../../../../arm-none-eabi/lib/thumb/v7-m/nofp\libg.a(lib_a-mallocr.o)
                0x200010a0                __malloc_max_total_mem
 .bss.__malloc_top_pad
                0x200010a4        0x4 d:/tool/gcc-arm-none-eabi/gcc-arm-none-eabi-10.3-2021.07/bin/../lib/gcc/arm-none-eabi/10.3.1/../../../../arm-none-eabi/lib/thumb/v7-m/nofp\libg.a(lib_a-mallocr.o)
                0x200010a4                __malloc_top_pad
 .bss.errno     0x200010a8        0x4 d:/tool/gcc-arm-none-eabi/gcc-arm-none-eabi-10.3-2021.07/bin/../lib/gcc/arm-none-eabi/10.3.1/../../../../arm-none-eabi/lib/thumb/v7-m/nofp\libg.a(lib_a-reent.o)
                0x200010a8                errno
 *(COMMON)
                0x200010ac                . = ALIGN (0x4)
                0x200010ac                _ebss = .
                0x200010ac                __bss_end__ = _ebss

._user_heap_stack
                0x200010ac      0x604 load address 0x0800a8ec
                0x200010b0                . = ALIGN (0x8)
 *fill*         0x200010ac        0x4 
                [!provide]                PROVIDE (end = .)
                0x200010b0                PROVIDE (_end = .)
                0x200012b0                . = (. + _Min_Heap_Size)
 *fill*         0x200010b0      0x200 
                0x200016b0                . = (. + _Min_Stack_Size)
 *fill*         0x200012b0      0x400 
                0x200016b0                . = ALIGN (0x8)

/DISCARD/
 libc.a(*)
 libm.a(*)
 libgcc.a(*)

.ARM.attributes
                0x00000000       0x29
 *(.ARM.attributes)
 .ARM.attributes
                0x00000000       0x1d d:/tool/gcc-arm-none-eabi/gcc-arm-none-eabi-10.3-2021.07/bin/../lib/gcc/arm-none-eabi/10.3.1/thumb/v7-m/nofp/crti.o
 .ARM.attributes
                0x0000001d       0x2d d:/tool/gcc-arm-none-eabi/gcc-arm-none-eabi-10.3-2021.07/bin/../lib/gcc/arm-none-eabi/10.3.1/thumb/v7-m/nofp/crtbegin.o
 .ARM.attributes
                0x0000004a       0x2d CMakeFiles/ROS_Robot.elf.dir/Core/BSP/Encoder.c.obj
 .ARM.attributes
                0x00000077       0x2d CMakeFiles/ROS_Robot.elf.dir/Core/BSP/Motor.c.obj
 .ARM.attributes
                0x000000a4       0x2d CMakeFiles/ROS_Robot.elf.dir/Core/BSP/Servo.c.obj
 .ARM.attributes
                0x000000d1       0x2d CMakeFiles/ROS_Robot.elf.dir/Core/BSP/oled.c.obj
 .ARM.attributes
                0x000000fe       0x2d CMakeFiles/ROS_Robot.elf.dir/Core/BSP/retarget.c.obj
 .ARM.attributes
                0x0000012b       0x2d CMakeFiles/ROS_Robot.elf.dir/Core/Src/gpio.c.obj
 .ARM.attributes
                0x00000158       0x2d CMakeFiles/ROS_Robot.elf.dir/Core/Src/i2c.c.obj
 .ARM.attributes
                0x00000185       0x2d CMakeFiles/ROS_Robot.elf.dir/Core/Src/main.c.obj
 .ARM.attributes
                0x000001b2       0x2d CMakeFiles/ROS_Robot.elf.dir/Core/Src/stm32f1xx_hal_msp.c.obj
 .ARM.attributes
                0x000001df       0x2d CMakeFiles/ROS_Robot.elf.dir/Core/Src/stm32f1xx_it.c.obj
 .ARM.attributes
                0x0000020c       0x2d CMakeFiles/ROS_Robot.elf.dir/Core/Src/syscalls.c.obj
 .ARM.attributes
                0x00000239       0x2d CMakeFiles/ROS_Robot.elf.dir/Core/Src/sysmem.c.obj
 .ARM.attributes
                0x00000266       0x2d CMakeFiles/ROS_Robot.elf.dir/Core/Src/system_stm32f1xx.c.obj
 .ARM.attributes
                0x00000293       0x2d CMakeFiles/ROS_Robot.elf.dir/Core/Src/tim.c.obj
 .ARM.attributes
                0x000002c0       0x2d CMakeFiles/ROS_Robot.elf.dir/Core/Src/usart.c.obj
 .ARM.attributes
                0x000002ed       0x21 CMakeFiles/ROS_Robot.elf.dir/Core/Startup/startup_stm32f103cbtx.s.obj
 .ARM.attributes
                0x0000030e       0x2d CMakeFiles/ROS_Robot.elf.dir/Drivers/STM32F1xx_HAL_Driver/Src/stm32f1xx_hal.c.obj
 .ARM.attributes
                0x0000033b       0x2d CMakeFiles/ROS_Robot.elf.dir/Drivers/STM32F1xx_HAL_Driver/Src/stm32f1xx_hal_cortex.c.obj
 .ARM.attributes
                0x00000368       0x2d CMakeFiles/ROS_Robot.elf.dir/Drivers/STM32F1xx_HAL_Driver/Src/stm32f1xx_hal_dma.c.obj
 .ARM.attributes
                0x00000395       0x2d CMakeFiles/ROS_Robot.elf.dir/Drivers/STM32F1xx_HAL_Driver/Src/stm32f1xx_hal_gpio.c.obj
 .ARM.attributes
                0x000003c2       0x2d CMakeFiles/ROS_Robot.elf.dir/Drivers/STM32F1xx_HAL_Driver/Src/stm32f1xx_hal_i2c.c.obj
 .ARM.attributes
                0x000003ef       0x2d CMakeFiles/ROS_Robot.elf.dir/Drivers/STM32F1xx_HAL_Driver/Src/stm32f1xx_hal_rcc.c.obj
 .ARM.attributes
                0x0000041c       0x2d CMakeFiles/ROS_Robot.elf.dir/Drivers/STM32F1xx_HAL_Driver/Src/stm32f1xx_hal_tim.c.obj
 .ARM.attributes
                0x00000449       0x2d CMakeFiles/ROS_Robot.elf.dir/Drivers/STM32F1xx_HAL_Driver/Src/stm32f1xx_hal_tim_ex.c.obj
 .ARM.attributes
                0x00000476       0x2d CMakeFiles/ROS_Robot.elf.dir/Drivers/STM32F1xx_HAL_Driver/Src/stm32f1xx_hal_uart.c.obj
 .ARM.attributes
                0x000004a3       0x2d d:/tool/gcc-arm-none-eabi/gcc-arm-none-eabi-10.3-2021.07/bin/../lib/gcc/arm-none-eabi/10.3.1/../../../../arm-none-eabi/lib/thumb/v7-m/nofp\libg.a(lib_a-errno.o)
 .ARM.attributes
                0x000004d0       0x2d d:/tool/gcc-arm-none-eabi/gcc-arm-none-eabi-10.3-2021.07/bin/../lib/gcc/arm-none-eabi/10.3.1/../../../../arm-none-eabi/lib/thumb/v7-m/nofp\libg.a(lib_a-impure.o)
 .ARM.attributes
                0x000004fd       0x2d d:/tool/gcc-arm-none-eabi/gcc-arm-none-eabi-10.3-2021.07/bin/../lib/gcc/arm-none-eabi/10.3.1/../../../../arm-none-eabi/lib/thumb/v7-m/nofp\libg.a(lib_a-init.o)
 .ARM.attributes
                0x0000052a       0x2d d:/tool/gcc-arm-none-eabi/gcc-arm-none-eabi-10.3-2021.07/bin/../lib/gcc/arm-none-eabi/10.3.1/../../../../arm-none-eabi/lib/thumb/v7-m/nofp\libg.a(lib_a-memset.o)
 .ARM.attributes
                0x00000557       0x2d d:/tool/gcc-arm-none-eabi/gcc-arm-none-eabi-10.3-2021.07/bin/../lib/gcc/arm-none-eabi/10.3.1/../../../../arm-none-eabi/lib/thumb/v7-m/nofp\libg.a(lib_a-printf.o)
 .ARM.attributes
                0x00000584       0x2d d:/tool/gcc-arm-none-eabi/gcc-arm-none-eabi-10.3-2021.07/bin/../lib/gcc/arm-none-eabi/10.3.1/../../../../arm-none-eabi/lib/thumb/v7-m/nofp\libg.a(lib_a-puts.o)
 .ARM.attributes
                0x000005b1       0x2d d:/tool/gcc-arm-none-eabi/gcc-arm-none-eabi-10.3-2021.07/bin/../lib/gcc/arm-none-eabi/10.3.1/../../../../arm-none-eabi/lib/thumb/v7-m/nofp\libg.a(lib_a-setvbuf.o)
 .ARM.attributes
                0x000005de       0x2d d:/tool/gcc-arm-none-eabi/gcc-arm-none-eabi-10.3-2021.07/bin/../lib/gcc/arm-none-eabi/10.3.1/../../../../arm-none-eabi/lib/thumb/v7-m/nofp\libg.a(lib_a-strlen-stub.o)
 .ARM.attributes
                0x0000060b       0x2d d:/tool/gcc-arm-none-eabi/gcc-arm-none-eabi-10.3-2021.07/bin/../lib/gcc/arm-none-eabi/10.3.1/../../../../arm-none-eabi/lib/thumb/v7-m/nofp\libg.a(lib_a-vfprintf.o)
 .ARM.attributes
                0x00000638       0x2d d:/tool/gcc-arm-none-eabi/gcc-arm-none-eabi-10.3-2021.07/bin/../lib/gcc/arm-none-eabi/10.3.1/../../../../arm-none-eabi/lib/thumb/v7-m/nofp\libg.a(lib_a-wsetup.o)
 .ARM.attributes
                0x00000665       0x2d d:/tool/gcc-arm-none-eabi/gcc-arm-none-eabi-10.3-2021.07/bin/../lib/gcc/arm-none-eabi/10.3.1/../../../../arm-none-eabi/lib/thumb/v7-m/nofp\libg.a(lib_a-__call_atexit.o)
 .ARM.attributes
                0x00000692       0x2d d:/tool/gcc-arm-none-eabi/gcc-arm-none-eabi-10.3-2021.07/bin/../lib/gcc/arm-none-eabi/10.3.1/../../../../arm-none-eabi/lib/thumb/v7-m/nofp\libg.a(lib_a-atexit.o)
 .ARM.attributes
                0x000006bf       0x2d d:/tool/gcc-arm-none-eabi/gcc-arm-none-eabi-10.3-2021.07/bin/../lib/gcc/arm-none-eabi/10.3.1/../../../../arm-none-eabi/lib/thumb/v7-m/nofp\libg.a(lib_a-dtoa.o)
 .ARM.attributes
                0x000006ec       0x2d d:/tool/gcc-arm-none-eabi/gcc-arm-none-eabi-10.3-2021.07/bin/../lib/gcc/arm-none-eabi/10.3.1/../../../../arm-none-eabi/lib/thumb/v7-m/nofp\libg.a(lib_a-fflush.o)
 .ARM.attributes
                0x00000719       0x2d d:/tool/gcc-arm-none-eabi/gcc-arm-none-eabi-10.3-2021.07/bin/../lib/gcc/arm-none-eabi/10.3.1/../../../../arm-none-eabi/lib/thumb/v7-m/nofp\libg.a(lib_a-findfp.o)
 .ARM.attributes
                0x00000746       0x2d d:/tool/gcc-arm-none-eabi/gcc-arm-none-eabi-10.3-2021.07/bin/../lib/gcc/arm-none-eabi/10.3.1/../../../../arm-none-eabi/lib/thumb/v7-m/nofp\libg.a(lib_a-fini.o)
 .ARM.attributes
                0x00000773       0x2d d:/tool/gcc-arm-none-eabi/gcc-arm-none-eabi-10.3-2021.07/bin/../lib/gcc/arm-none-eabi/10.3.1/../../../../arm-none-eabi/lib/thumb/v7-m/nofp\libg.a(lib_a-freer.o)
 .ARM.attributes
                0x000007a0       0x2d d:/tool/gcc-arm-none-eabi/gcc-arm-none-eabi-10.3-2021.07/bin/../lib/gcc/arm-none-eabi/10.3.1/../../../../arm-none-eabi/lib/thumb/v7-m/nofp\libg.a(lib_a-fvwrite.o)
 .ARM.attributes
                0x000007cd       0x2d d:/tool/gcc-arm-none-eabi/gcc-arm-none-eabi-10.3-2021.07/bin/../lib/gcc/arm-none-eabi/10.3.1/../../../../arm-none-eabi/lib/thumb/v7-m/nofp\libg.a(lib_a-fwalk.o)
 .ARM.attributes
                0x000007fa       0x2d d:/tool/gcc-arm-none-eabi/gcc-arm-none-eabi-10.3-2021.07/bin/../lib/gcc/arm-none-eabi/10.3.1/../../../../arm-none-eabi/lib/thumb/v7-m/nofp\libg.a(lib_a-localeconv.o)
 .ARM.attributes
                0x00000827       0x2d d:/tool/gcc-arm-none-eabi/gcc-arm-none-eabi-10.3-2021.07/bin/../lib/gcc/arm-none-eabi/10.3.1/../../../../arm-none-eabi/lib/thumb/v7-m/nofp\libg.a(lib_a-lock.o)
 .ARM.attributes
                0x00000854       0x2d d:/tool/gcc-arm-none-eabi/gcc-arm-none-eabi-10.3-2021.07/bin/../lib/gcc/arm-none-eabi/10.3.1/../../../../arm-none-eabi/lib/thumb/v7-m/nofp\libg.a(lib_a-makebuf.o)
 .ARM.attributes
                0x00000881       0x2d d:/tool/gcc-arm-none-eabi/gcc-arm-none-eabi-10.3-2021.07/bin/../lib/gcc/arm-none-eabi/10.3.1/../../../../arm-none-eabi/lib/thumb/v7-m/nofp\libg.a(lib_a-malloc.o)
 .ARM.attributes
                0x000008ae       0x2d d:/tool/gcc-arm-none-eabi/gcc-arm-none-eabi-10.3-2021.07/bin/../lib/gcc/arm-none-eabi/10.3.1/../../../../arm-none-eabi/lib/thumb/v7-m/nofp\libg.a(lib_a-mallocr.o)
 .ARM.attributes
                0x000008db       0x2d d:/tool/gcc-arm-none-eabi/gcc-arm-none-eabi-10.3-2021.07/bin/../lib/gcc/arm-none-eabi/10.3.1/../../../../arm-none-eabi/lib/thumb/v7-m/nofp\libg.a(lib_a-memchr-stub.o)
 .ARM.attributes
                0x00000908       0x1b d:/tool/gcc-arm-none-eabi/gcc-arm-none-eabi-10.3-2021.07/bin/../lib/gcc/arm-none-eabi/10.3.1/../../../../arm-none-eabi/lib/thumb/v7-m/nofp\libg.a(lib_a-memcpy.o)
 .ARM.attributes
                0x00000923       0x2d d:/tool/gcc-arm-none-eabi/gcc-arm-none-eabi-10.3-2021.07/bin/../lib/gcc/arm-none-eabi/10.3.1/../../../../arm-none-eabi/lib/thumb/v7-m/nofp\libg.a(lib_a-memmove.o)
 .ARM.attributes
                0x00000950       0x2d d:/tool/gcc-arm-none-eabi/gcc-arm-none-eabi-10.3-2021.07/bin/../lib/gcc/arm-none-eabi/10.3.1/../../../../arm-none-eabi/lib/thumb/v7-m/nofp\libg.a(lib_a-mlock.o)
 .ARM.attributes
                0x0000097d       0x2d d:/tool/gcc-arm-none-eabi/gcc-arm-none-eabi-10.3-2021.07/bin/../lib/gcc/arm-none-eabi/10.3.1/../../../../arm-none-eabi/lib/thumb/v7-m/nofp\libg.a(lib_a-mprec.o)
 .ARM.attributes
                0x000009aa       0x2d d:/tool/gcc-arm-none-eabi/gcc-arm-none-eabi-10.3-2021.07/bin/../lib/gcc/arm-none-eabi/10.3.1/../../../../arm-none-eabi/lib/thumb/v7-m/nofp\libg.a(lib_a-reallocr.o)
 .ARM.attributes
                0x000009d7       0x2d d:/tool/gcc-arm-none-eabi/gcc-arm-none-eabi-10.3-2021.07/bin/../lib/gcc/arm-none-eabi/10.3.1/../../../../arm-none-eabi/lib/thumb/v7-m/nofp\libg.a(lib_a-s_frexp.o)
 .ARM.attributes
                0x00000a04       0x2d d:/tool/gcc-arm-none-eabi/gcc-arm-none-eabi-10.3-2021.07/bin/../lib/gcc/arm-none-eabi/10.3.1/../../../../arm-none-eabi/lib/thumb/v7-m/nofp\libg.a(lib_a-sbrkr.o)
 .ARM.attributes
                0x00000a31       0x2d d:/tool/gcc-arm-none-eabi/gcc-arm-none-eabi-10.3-2021.07/bin/../lib/gcc/arm-none-eabi/10.3.1/../../../../arm-none-eabi/lib/thumb/v7-m/nofp\libg.a(lib_a-stdio.o)
 .ARM.attributes
                0x00000a5e       0x2d d:/tool/gcc-arm-none-eabi/gcc-arm-none-eabi-10.3-2021.07/bin/../lib/gcc/arm-none-eabi/10.3.1/../../../../arm-none-eabi/lib/thumb/v7-m/nofp\libg.a(lib_a-strncpy.o)
 .ARM.attributes
                0x00000a8b       0x2d d:/tool/gcc-arm-none-eabi/gcc-arm-none-eabi-10.3-2021.07/bin/../lib/gcc/arm-none-eabi/10.3.1/../../../../arm-none-eabi/lib/thumb/v7-m/nofp\libg.a(lib_a-vfiprintf.o)
 .ARM.attributes
                0x00000ab8       0x2d d:/tool/gcc-arm-none-eabi/gcc-arm-none-eabi-10.3-2021.07/bin/../lib/gcc/arm-none-eabi/10.3.1/../../../../arm-none-eabi/lib/thumb/v7-m/nofp\libg.a(lib_a-writer.o)
 .ARM.attributes
                0x00000ae5       0x2d d:/tool/gcc-arm-none-eabi/gcc-arm-none-eabi-10.3-2021.07/bin/../lib/gcc/arm-none-eabi/10.3.1/../../../../arm-none-eabi/lib/thumb/v7-m/nofp\libg.a(lib_a-__atexit.o)
 .ARM.attributes
                0x00000b12       0x2d d:/tool/gcc-arm-none-eabi/gcc-arm-none-eabi-10.3-2021.07/bin/../lib/gcc/arm-none-eabi/10.3.1/../../../../arm-none-eabi/lib/thumb/v7-m/nofp\libg.a(lib_a-assert.o)
 .ARM.attributes
                0x00000b3f       0x2d d:/tool/gcc-arm-none-eabi/gcc-arm-none-eabi-10.3-2021.07/bin/../lib/gcc/arm-none-eabi/10.3.1/../../../../arm-none-eabi/lib/thumb/v7-m/nofp\libg.a(lib_a-callocr.o)
 .ARM.attributes
                0x00000b6c       0x2d d:/tool/gcc-arm-none-eabi/gcc-arm-none-eabi-10.3-2021.07/bin/../lib/gcc/arm-none-eabi/10.3.1/../../../../arm-none-eabi/lib/thumb/v7-m/nofp\libg.a(lib_a-closer.o)
 .ARM.attributes
                0x00000b99       0x2d d:/tool/gcc-arm-none-eabi/gcc-arm-none-eabi-10.3-2021.07/bin/../lib/gcc/arm-none-eabi/10.3.1/../../../../arm-none-eabi/lib/thumb/v7-m/nofp\libg.a(lib_a-fclose.o)
 .ARM.attributes
                0x00000bc6       0x2d d:/tool/gcc-arm-none-eabi/gcc-arm-none-eabi-10.3-2021.07/bin/../lib/gcc/arm-none-eabi/10.3.1/../../../../arm-none-eabi/lib/thumb/v7-m/nofp\libg.a(lib_a-fiprintf.o)
 .ARM.attributes
                0x00000bf3       0x2d d:/tool/gcc-arm-none-eabi/gcc-arm-none-eabi-10.3-2021.07/bin/../lib/gcc/arm-none-eabi/10.3.1/../../../../arm-none-eabi/lib/thumb/v7-m/nofp\libg.a(lib_a-fputwc.o)
 .ARM.attributes
                0x00000c20       0x2d d:/tool/gcc-arm-none-eabi/gcc-arm-none-eabi-10.3-2021.07/bin/../lib/gcc/arm-none-eabi/10.3.1/../../../../arm-none-eabi/lib/thumb/v7-m/nofp\libg.a(lib_a-fstatr.o)
 .ARM.attributes
                0x00000c4d       0x2d d:/tool/gcc-arm-none-eabi/gcc-arm-none-eabi-10.3-2021.07/bin/../lib/gcc/arm-none-eabi/10.3.1/../../../../arm-none-eabi/lib/thumb/v7-m/nofp\libg.a(lib_a-isattyr.o)
 .ARM.attributes
                0x00000c7a       0x2d d:/tool/gcc-arm-none-eabi/gcc-arm-none-eabi-10.3-2021.07/bin/../lib/gcc/arm-none-eabi/10.3.1/../../../../arm-none-eabi/lib/thumb/v7-m/nofp\libg.a(lib_a-locale.o)
 .ARM.attributes
                0x00000ca7       0x2d d:/tool/gcc-arm-none-eabi/gcc-arm-none-eabi-10.3-2021.07/bin/../lib/gcc/arm-none-eabi/10.3.1/../../../../arm-none-eabi/lib/thumb/v7-m/nofp\libg.a(lib_a-lseekr.o)
 .ARM.attributes
                0x00000cd4       0x2d d:/tool/gcc-arm-none-eabi/gcc-arm-none-eabi-10.3-2021.07/bin/../lib/gcc/arm-none-eabi/10.3.1/../../../../arm-none-eabi/lib/thumb/v7-m/nofp\libg.a(lib_a-mbtowc_r.o)
 .ARM.attributes
                0x00000d01       0x2d d:/tool/gcc-arm-none-eabi/gcc-arm-none-eabi-10.3-2021.07/bin/../lib/gcc/arm-none-eabi/10.3.1/../../../../arm-none-eabi/lib/thumb/v7-m/nofp\libg.a(lib_a-readr.o)
 .ARM.attributes
                0x00000d2e       0x2d d:/tool/gcc-arm-none-eabi/gcc-arm-none-eabi-10.3-2021.07/bin/../lib/gcc/arm-none-eabi/10.3.1/../../../../arm-none-eabi/lib/thumb/v7-m/nofp\libg.a(lib_a-reent.o)
 .ARM.attributes
                0x00000d5b       0x2d d:/tool/gcc-arm-none-eabi/gcc-arm-none-eabi-10.3-2021.07/bin/../lib/gcc/arm-none-eabi/10.3.1/../../../../arm-none-eabi/lib/thumb/v7-m/nofp\libg.a(lib_a-wbuf.o)
 .ARM.attributes
                0x00000d88       0x2d d:/tool/gcc-arm-none-eabi/gcc-arm-none-eabi-10.3-2021.07/bin/../lib/gcc/arm-none-eabi/10.3.1/../../../../arm-none-eabi/lib/thumb/v7-m/nofp\libg.a(lib_a-wcrtomb.o)
 .ARM.attributes
                0x00000db5       0x2d d:/tool/gcc-arm-none-eabi/gcc-arm-none-eabi-10.3-2021.07/bin/../lib/gcc/arm-none-eabi/10.3.1/../../../../arm-none-eabi/lib/thumb/v7-m/nofp\libg.a(lib_a-wctomb_r.o)
 .ARM.attributes
                0x00000de2       0x2d d:/tool/gcc-arm-none-eabi/gcc-arm-none-eabi-10.3-2021.07/bin/../lib/gcc/arm-none-eabi/10.3.1/../../../../arm-none-eabi/lib/thumb/v7-m/nofp\libg.a(lib_a-abort.o)
 .ARM.attributes
                0x00000e0f       0x2d d:/tool/gcc-arm-none-eabi/gcc-arm-none-eabi-10.3-2021.07/bin/../lib/gcc/arm-none-eabi/10.3.1/../../../../arm-none-eabi/lib/thumb/v7-m/nofp\libg.a(lib_a-ctype_.o)
 .ARM.attributes
                0x00000e3c       0x2d d:/tool/gcc-arm-none-eabi/gcc-arm-none-eabi-10.3-2021.07/bin/../lib/gcc/arm-none-eabi/10.3.1/../../../../arm-none-eabi/lib/thumb/v7-m/nofp\libg.a(lib_a-signal.o)
 .ARM.attributes
                0x00000e69       0x2d d:/tool/gcc-arm-none-eabi/gcc-arm-none-eabi-10.3-2021.07/bin/../lib/gcc/arm-none-eabi/10.3.1/../../../../arm-none-eabi/lib/thumb/v7-m/nofp\libg.a(lib_a-signalr.o)
 .ARM.attributes
                0x00000e96       0x1d d:/tool/gcc-arm-none-eabi/gcc-arm-none-eabi-10.3-2021.07/bin/../lib/gcc/arm-none-eabi/10.3.1/thumb/v7-m/nofp\libgcc.a(_arm_addsubdf3.o)
 .ARM.attributes
                0x00000eb3       0x1d d:/tool/gcc-arm-none-eabi/gcc-arm-none-eabi-10.3-2021.07/bin/../lib/gcc/arm-none-eabi/10.3.1/thumb/v7-m/nofp\libgcc.a(_arm_muldivdf3.o)
 .ARM.attributes
                0x00000ed0       0x1d d:/tool/gcc-arm-none-eabi/gcc-arm-none-eabi-10.3-2021.07/bin/../lib/gcc/arm-none-eabi/10.3.1/thumb/v7-m/nofp\libgcc.a(_arm_cmpdf2.o)
 .ARM.attributes
                0x00000eed       0x1d d:/tool/gcc-arm-none-eabi/gcc-arm-none-eabi-10.3-2021.07/bin/../lib/gcc/arm-none-eabi/10.3.1/thumb/v7-m/nofp\libgcc.a(_arm_unorddf2.o)
 .ARM.attributes
                0x00000f0a       0x1d d:/tool/gcc-arm-none-eabi/gcc-arm-none-eabi-10.3-2021.07/bin/../lib/gcc/arm-none-eabi/10.3.1/thumb/v7-m/nofp\libgcc.a(_arm_fixdfsi.o)
 .ARM.attributes
                0x00000f27       0x1d d:/tool/gcc-arm-none-eabi/gcc-arm-none-eabi-10.3-2021.07/bin/../lib/gcc/arm-none-eabi/10.3.1/thumb/v7-m/nofp\libgcc.a(_aeabi_uldivmod.o)
 .ARM.attributes
                0x00000f44       0x2d d:/tool/gcc-arm-none-eabi/gcc-arm-none-eabi-10.3-2021.07/bin/../lib/gcc/arm-none-eabi/10.3.1/thumb/v7-m/nofp\libgcc.a(_udivmoddi4.o)
 .ARM.attributes
                0x00000f71       0x1d d:/tool/gcc-arm-none-eabi/gcc-arm-none-eabi-10.3-2021.07/bin/../lib/gcc/arm-none-eabi/10.3.1/thumb/v7-m/nofp\libgcc.a(_dvmd_tls.o)
 .ARM.attributes
                0x00000f8e       0x1d d:/tool/gcc-arm-none-eabi/gcc-arm-none-eabi-10.3-2021.07/bin/../lib/gcc/arm-none-eabi/10.3.1/thumb/v7-m/nofp/crtn.o
OUTPUT(ROS_Robot.elf elf32-littlearm)
LOAD linker stubs
LOAD d:/tool/gcc-arm-none-eabi/gcc-arm-none-eabi-10.3-2021.07/bin/../lib/gcc/arm-none-eabi/10.3.1/../../../../arm-none-eabi/lib/thumb/v7-m/nofp\libc.a
LOAD d:/tool/gcc-arm-none-eabi/gcc-arm-none-eabi-10.3-2021.07/bin/../lib/gcc/arm-none-eabi/10.3.1/../../../../arm-none-eabi/lib/thumb/v7-m/nofp\libm.a
LOAD d:/tool/gcc-arm-none-eabi/gcc-arm-none-eabi-10.3-2021.07/bin/../lib/gcc/arm-none-eabi/10.3.1/thumb/v7-m/nofp\libgcc.a

.debug_info     0x00000000    0x164eb
 .debug_info    0x00000000      0x6d3 CMakeFiles/ROS_Robot.elf.dir/Core/BSP/Encoder.c.obj
 .debug_info    0x000006d3      0x9b6 CMakeFiles/ROS_Robot.elf.dir/Core/BSP/Motor.c.obj
 .debug_info    0x00001089      0x6b1 CMakeFiles/ROS_Robot.elf.dir/Core/BSP/Servo.c.obj
 .debug_info    0x0000173a     0x15ed CMakeFiles/ROS_Robot.elf.dir/Core/BSP/oled.c.obj
 .debug_info    0x00002d27     0x12a7 CMakeFiles/ROS_Robot.elf.dir/Core/BSP/retarget.c.obj
 .debug_info    0x00003fce      0x310 CMakeFiles/ROS_Robot.elf.dir/Core/Src/gpio.c.obj
 .debug_info    0x000042de      0x8a1 CMakeFiles/ROS_Robot.elf.dir/Core/Src/i2c.c.obj
 .debug_info    0x00004b7f      0x9a1 CMakeFiles/ROS_Robot.elf.dir/Core/Src/main.c.obj
 .debug_info    0x00005520      0x211 CMakeFiles/ROS_Robot.elf.dir/Core/Src/stm32f1xx_hal_msp.c.obj
 .debug_info    0x00005731      0xa83 CMakeFiles/ROS_Robot.elf.dir/Core/Src/stm32f1xx_it.c.obj
 .debug_info    0x000061b4      0x6ca CMakeFiles/ROS_Robot.elf.dir/Core/Src/syscalls.c.obj
 .debug_info    0x0000687e      0x174 CMakeFiles/ROS_Robot.elf.dir/Core/Src/sysmem.c.obj
 .debug_info    0x000069f2      0x248 CMakeFiles/ROS_Robot.elf.dir/Core/Src/system_stm32f1xx.c.obj
 .debug_info    0x00006c3a     0x12ff CMakeFiles/ROS_Robot.elf.dir/Core/Src/tim.c.obj
 .debug_info    0x00007f39      0xb94 CMakeFiles/ROS_Robot.elf.dir/Core/Src/usart.c.obj
 .debug_info    0x00008acd       0x22 CMakeFiles/ROS_Robot.elf.dir/Core/Startup/startup_stm32f103cbtx.s.obj
 .debug_info    0x00008aef      0x7a8 CMakeFiles/ROS_Robot.elf.dir/Drivers/STM32F1xx_HAL_Driver/Src/stm32f1xx_hal.c.obj
 .debug_info    0x00009297      0xd8a CMakeFiles/ROS_Robot.elf.dir/Drivers/STM32F1xx_HAL_Driver/Src/stm32f1xx_hal_cortex.c.obj
 .debug_info    0x0000a021      0x846 CMakeFiles/ROS_Robot.elf.dir/Drivers/STM32F1xx_HAL_Driver/Src/stm32f1xx_hal_dma.c.obj
 .debug_info    0x0000a867      0x66f CMakeFiles/ROS_Robot.elf.dir/Drivers/STM32F1xx_HAL_Driver/Src/stm32f1xx_hal_gpio.c.obj
 .debug_info    0x0000aed6     0x3a6b CMakeFiles/ROS_Robot.elf.dir/Drivers/STM32F1xx_HAL_Driver/Src/stm32f1xx_hal_i2c.c.obj
 .debug_info    0x0000e941      0xa36 CMakeFiles/ROS_Robot.elf.dir/Drivers/STM32F1xx_HAL_Driver/Src/stm32f1xx_hal_rcc.c.obj
 .debug_info    0x0000f377     0x3b00 CMakeFiles/ROS_Robot.elf.dir/Drivers/STM32F1xx_HAL_Driver/Src/stm32f1xx_hal_tim.c.obj
 .debug_info    0x00012e77     0x19e9 CMakeFiles/ROS_Robot.elf.dir/Drivers/STM32F1xx_HAL_Driver/Src/stm32f1xx_hal_tim_ex.c.obj
 .debug_info    0x00014860     0x1c8b CMakeFiles/ROS_Robot.elf.dir/Drivers/STM32F1xx_HAL_Driver/Src/stm32f1xx_hal_uart.c.obj

.debug_abbrev   0x00000000     0x2ec1
 .debug_abbrev  0x00000000      0x1a5 CMakeFiles/ROS_Robot.elf.dir/Core/BSP/Encoder.c.obj
 .debug_abbrev  0x000001a5      0x1db CMakeFiles/ROS_Robot.elf.dir/Core/BSP/Motor.c.obj
 .debug_abbrev  0x00000380      0x1aa CMakeFiles/ROS_Robot.elf.dir/Core/BSP/Servo.c.obj
 .debug_abbrev  0x0000052a      0x26b CMakeFiles/ROS_Robot.elf.dir/Core/BSP/oled.c.obj
 .debug_abbrev  0x00000795      0x2b4 CMakeFiles/ROS_Robot.elf.dir/Core/BSP/retarget.c.obj
 .debug_abbrev  0x00000a49      0x13c CMakeFiles/ROS_Robot.elf.dir/Core/Src/gpio.c.obj